[0.481s] Invoking command in '/home/javierac/mounted/ws/src/ip_nodes': PYTHONPATH=/home/javierac/mounted/ws/build/ip_nodes/prefix_override:/usr/lib/python3/dist-packages/colcon_core/task/python/colcon_distutils_commands:/home/javierac/mounted/ws/install/ip_nodes/lib/python3.12/site-packages:${PYTHONPATH} /usr/bin/python3 -W ignore:setup.py install is deprecated setup.py egg_info --egg-base ../../build/ip_nodes build --build-base /home/javierac/mounted/ws/build/ip_nodes/build install --record /home/javierac/mounted/ws/build/ip_nodes/install.log --single-version-externally-managed install_data
[0.635s] running egg_info
[0.645s] writing ../../build/ip_nodes/ip_nodes.egg-info/PKG-INFO
[0.645s] writing dependency_links to ../../build/ip_nodes/ip_nodes.egg-info/dependency_links.txt
[0.645s] writing entry points to ../../build/ip_nodes/ip_nodes.egg-info/entry_points.txt
[0.645s] writing requirements to ../../build/ip_nodes/ip_nodes.egg-info/requires.txt
[0.645s] writing top-level names to ../../build/ip_nodes/ip_nodes.egg-info/top_level.txt
[0.665s] reading manifest file '../../build/ip_nodes/ip_nodes.egg-info/SOURCES.txt'
[0.665s] adding license file 'LICENSE'
[0.665s] writing manifest file '../../build/ip_nodes/ip_nodes.egg-info/SOURCES.txt'
[0.665s] running build
[0.665s] running build_py
[0.665s] copying ip_nodes/subscriber_member_function.py -> /home/javierac/mounted/ws/build/ip_nodes/build/lib/ip_nodes
[0.666s] running install
[0.670s] running install_lib
[0.679s] copying /home/javierac/mounted/ws/build/ip_nodes/build/lib/ip_nodes/subscriber_member_function.py -> /home/javierac/mounted/ws/install/ip_nodes/lib/python3.12/site-packages/ip_nodes
[0.680s] byte-compiling /home/javierac/mounted/ws/install/ip_nodes/lib/python3.12/site-packages/ip_nodes/subscriber_member_function.py to subscriber_member_function.cpython-312.pyc
[0.680s] running install_data
[0.680s] running install_egg_info
[0.690s] removing '/home/javierac/mounted/ws/install/ip_nodes/lib/python3.12/site-packages/ip_nodes-0.0.0-py3.12.egg-info' (and everything under it)
[0.690s] Copying ../../build/ip_nodes/ip_nodes.egg-info to /home/javierac/mounted/ws/install/ip_nodes/lib/python3.12/site-packages/ip_nodes-0.0.0-py3.12.egg-info
[0.691s] running install_scripts
[0.763s] Installing listener script to /home/javierac/mounted/ws/install/ip_nodes/lib/ip_nodes
[0.763s] Installing talker script to /home/javierac/mounted/ws/install/ip_nodes/lib/ip_nodes
[0.763s] writing list of installed files to '/home/javierac/mounted/ws/build/ip_nodes/install.log'
[0.781s] Invoked command in '/home/javierac/mounted/ws/src/ip_nodes' returned '0': PYTHONPATH=/home/javierac/mounted/ws/build/ip_nodes/prefix_override:/usr/lib/python3/dist-packages/colcon_core/task/python/colcon_distutils_commands:/home/javierac/mounted/ws/install/ip_nodes/lib/python3.12/site-packages:${PYTHONPATH} /usr/bin/python3 -W ignore:setup.py install is deprecated setup.py egg_info --egg-base ../../build/ip_nodes build --build-base /home/javierac/mounted/ws/build/ip_nodes/build install --record /home/javierac/mounted/ws/build/ip_nodes/install.log --single-version-externally-managed install_data
