running develop
/usr/lib/python3/dist-packages/setuptools/command/develop.py:40: EasyInstallDeprecationWarning: easy_install command is deprecated.
!!

        ********************************************************************************
        Please avoid running ``setup.py`` and ``easy_install``.
        Instead, use pypa/build, pypa/installer or other
        standards-based tools.

        See https://github.com/pypa/setuptools/issues/917 for details.
        ********************************************************************************

!!
  easy_install.initialize_options(self)
running egg_info
writing ip_nodes.egg-info/PKG-INFO
writing dependency_links to ip_nodes.egg-info/dependency_links.txt
writing entry points to ip_nodes.egg-info/entry_points.txt
writing requirements to ip_nodes.egg-info/requires.txt
writing top-level names to ip_nodes.egg-info/top_level.txt
reading manifest file 'ip_nodes.egg-info/SOURCES.txt'
writing manifest file 'ip_nodes.egg-info/SOURCES.txt'
running build_ext
Creating /home/javierac/mounted/ws/install/ip_nodes/lib/python3.12/site-packages/ip-nodes.egg-link (link to .)
Installing listener script to /home/javierac/mounted/ws/install/ip_nodes/lib/ip_nodes
Installing talker script to /home/javierac/mounted/ws/install/ip_nodes/lib/ip_nodes

Installed /home/javierac/mounted/ws/build/ip_nodes
running symlink_data
