[1.275s] Invoking command in '/home/javierac/mounted/ws/build/ip_nodes': PYTHONPATH=/home/javierac/mounted/ws/build/ip_nodes/prefix_override:/usr/lib/python3/dist-packages/colcon_core/task/python/colcon_distutils_commands:/home/javierac/mounted/ws/install/ip_nodes/lib/python3.12/site-packages:${PYTHONPATH} /usr/bin/python3 -W ignore:setup.py install is deprecated setup.py develop --editable --build-directory /home/javierac/mounted/ws/build/ip_nodes/build --no-deps symlink_data
[1.603s] running develop
[1.605s] /usr/lib/python3/dist-packages/setuptools/command/develop.py:40: EasyInstallDeprecationWarning: easy_install command is deprecated.
[1.605s] !!
[1.605s] 
[1.605s]         ********************************************************************************
[1.605s]         Please avoid running ``setup.py`` and ``easy_install``.
[1.605s]         Instead, use pypa/build, pypa/installer or other
[1.605s]         standards-based tools.
[1.605s] 
[1.605s]         See https://github.com/pypa/setuptools/issues/917 for details.
[1.605s]         ********************************************************************************
[1.605s] 
[1.605s] !!
[1.605s]   easy_install.initialize_options(self)
[1.772s] running egg_info
[1.787s] writing ip_nodes.egg-info/PKG-INFO
[1.788s] writing dependency_links to ip_nodes.egg-info/dependency_links.txt
[1.788s] writing entry points to ip_nodes.egg-info/entry_points.txt
[1.788s] writing requirements to ip_nodes.egg-info/requires.txt
[1.788s] writing top-level names to ip_nodes.egg-info/top_level.txt
[1.831s] reading manifest file 'ip_nodes.egg-info/SOURCES.txt'
[1.832s] writing manifest file 'ip_nodes.egg-info/SOURCES.txt'
[1.853s] running build_ext
[1.860s] Creating /home/javierac/mounted/ws/install/ip_nodes/lib/python3.12/site-packages/ip-nodes.egg-link (link to .)
[1.862s] Installing listener script to /home/javierac/mounted/ws/install/ip_nodes/lib/ip_nodes
[1.862s] Installing talker script to /home/javierac/mounted/ws/install/ip_nodes/lib/ip_nodes
[1.862s] 
[1.862s] Installed /home/javierac/mounted/ws/build/ip_nodes
[1.862s] running symlink_data
[1.902s] Invoked command in '/home/javierac/mounted/ws/build/ip_nodes' returned '0': PYTHONPATH=/home/javierac/mounted/ws/build/ip_nodes/prefix_override:/usr/lib/python3/dist-packages/colcon_core/task/python/colcon_distutils_commands:/home/javierac/mounted/ws/install/ip_nodes/lib/python3.12/site-packages:${PYTHONPATH} /usr/bin/python3 -W ignore:setup.py install is deprecated setup.py develop --editable --build-directory /home/javierac/mounted/ws/build/ip_nodes/build --no-deps symlink_data
