[0.293s] Invoking command in '/home/javierac/mounted/ws/build/mezuak': CMAKE_PREFIX_PATH=${CMAKE_PREFIX_PATH}:/home/javierac/mounted/ws/install/ip_nodes:/opt/ros/jazzy /usr/bin/cmake --build /home/javierac/mounted/ws/build/mezuak -- -j20 -l20
[0.380s] [  2%] Built target mezuak__rosidl_generator_type_description
[0.397s] [  2%] Built target ament_cmake_python_copy_mezuak
[0.418s] [  5%] Built target mezuak__cpp
[0.423s] [ 20%] Built target mezuak__rosidl_generator_c
[0.472s] [ 29%] Built target mezuak__rosidl_typesupport_introspection_cpp
[0.473s] [ 38%] Built target mezuak__rosidl_typesupport_fastrtps_cpp
[0.477s] [ 47%] Built target mezuak__rosidl_typesupport_c
[0.479s] [ 73%] Built target mezuak__rosidl_typesupport_fastrtps_c
[0.479s] [ 73%] Built target mezuak__rosidl_typesupport_cpp
[0.479s] [ 73%] Built target mezuak__rosidl_typesupport_introspection_c
[0.532s] [ 73%] Built target mezuak
[0.577s] [ 76%] Built target mezuak__py
[0.627s] [ 82%] Built target mezuak__rosidl_generator_py
[0.675s] [ 88%] Built target mezuak_s__rosidl_typesupport_fastrtps_c
[0.678s] [ 94%] Built target mezuak_s__rosidl_typesupport_c
[0.678s] [100%] Built target mezuak_s__rosidl_typesupport_introspection_c
[0.757s] running egg_info
[0.780s] writing mezuak.egg-info/PKG-INFO
[0.780s] writing dependency_links to mezuak.egg-info/dependency_links.txt
[0.781s] writing top-level names to mezuak.egg-info/top_level.txt
[0.847s] reading manifest file 'mezuak.egg-info/SOURCES.txt'
[0.847s] writing manifest file 'mezuak.egg-info/SOURCES.txt'
[0.890s] [100%] Built target ament_cmake_python_build_mezuak_egg
[0.910s] Invoked command in '/home/javierac/mounted/ws/build/mezuak' returned '0': CMAKE_PREFIX_PATH=${CMAKE_PREFIX_PATH}:/home/javierac/mounted/ws/install/ip_nodes:/opt/ros/jazzy /usr/bin/cmake --build /home/javierac/mounted/ws/build/mezuak -- -j20 -l20
[0.926s] Invoking command in '/home/javierac/mounted/ws/build/mezuak': CMAKE_PREFIX_PATH=${CMAKE_PREFIX_PATH}:/home/javierac/mounted/ws/install/ip_nodes:/opt/ros/jazzy /usr/bin/cmake --install /home/javierac/mounted/ws/build/mezuak
[0.940s] -- Install configuration: ""
[0.940s] -- Up-to-date: /home/javierac/mounted/ws/install/mezuak/share/ament_index/resource_index/rosidl_interfaces/mezuak
[0.940s] -- Up-to-date: /home/javierac/mounted/ws/install/mezuak/share/mezuak/msg/MugimenduKodetzaileak.json
[0.941s] -- Up-to-date: /home/javierac/mounted/ws/install/mezuak/include/mezuak/mezuak
[0.941s] -- Up-to-date: /home/javierac/mounted/ws/install/mezuak/include/mezuak/mezuak/msg
[0.941s] -- Up-to-date: /home/javierac/mounted/ws/install/mezuak/include/mezuak/mezuak/msg/rosidl_generator_c__visibility_control.h
[0.941s] -- Up-to-date: /home/javierac/mounted/ws/install/mezuak/include/mezuak/mezuak/msg/mugimendu_kodetzaileak.h
[0.941s] -- Up-to-date: /home/javierac/mounted/ws/install/mezuak/include/mezuak/mezuak/msg/detail
[0.941s] -- Up-to-date: /home/javierac/mounted/ws/install/mezuak/include/mezuak/mezuak/msg/detail/mugimendu_kodetzaileak__struct.h
[0.941s] -- Up-to-date: /home/javierac/mounted/ws/install/mezuak/include/mezuak/mezuak/msg/detail/mugimendu_kodetzaileak__description.c
[0.942s] -- Up-to-date: /home/javierac/mounted/ws/install/mezuak/include/mezuak/mezuak/msg/detail/mugimendu_kodetzaileak__type_support.h
[0.942s] -- Up-to-date: /home/javierac/mounted/ws/install/mezuak/include/mezuak/mezuak/msg/detail/mugimendu_kodetzaileak__functions.c
[0.942s] -- Up-to-date: /home/javierac/mounted/ws/install/mezuak/include/mezuak/mezuak/msg/detail/mugimendu_kodetzaileak__functions.h
[0.942s] -- Up-to-date: /home/javierac/mounted/ws/install/mezuak/include/mezuak/mezuak/msg/detail/mugimendu_kodetzaileak__type_support.c
[0.942s] -- Up-to-date: /home/javierac/mounted/ws/install/mezuak/share/mezuak/environment/library_path.sh
[0.942s] -- Up-to-date: /home/javierac/mounted/ws/install/mezuak/share/mezuak/environment/library_path.dsv
[0.942s] -- Up-to-date: /home/javierac/mounted/ws/install/mezuak/lib/libmezuak__rosidl_generator_c.so
[0.942s] -- Up-to-date: /home/javierac/mounted/ws/install/mezuak/include/mezuak/mezuak
[0.943s] -- Up-to-date: /home/javierac/mounted/ws/install/mezuak/include/mezuak/mezuak/msg
[0.943s] -- Up-to-date: /home/javierac/mounted/ws/install/mezuak/include/mezuak/mezuak/msg/rosidl_typesupport_fastrtps_c__visibility_control.h
[0.943s] -- Up-to-date: /home/javierac/mounted/ws/install/mezuak/include/mezuak/mezuak/msg/detail
[0.943s] -- Up-to-date: /home/javierac/mounted/ws/install/mezuak/include/mezuak/mezuak/msg/detail/mugimendu_kodetzaileak__rosidl_typesupport_fastrtps_c.h
[0.943s] -- Up-to-date: /home/javierac/mounted/ws/install/mezuak/lib/libmezuak__rosidl_typesupport_fastrtps_c.so
[0.943s] -- Up-to-date: /home/javierac/mounted/ws/install/mezuak/include/mezuak/mezuak
[0.943s] -- Up-to-date: /home/javierac/mounted/ws/install/mezuak/include/mezuak/mezuak/msg
[0.943s] -- Up-to-date: /home/javierac/mounted/ws/install/mezuak/include/mezuak/mezuak/msg/rosidl_generator_cpp__visibility_control.hpp
[0.943s] -- Up-to-date: /home/javierac/mounted/ws/install/mezuak/include/mezuak/mezuak/msg/mugimendu_kodetzaileak.hpp
[0.943s] -- Up-to-date: /home/javierac/mounted/ws/install/mezuak/include/mezuak/mezuak/msg/detail
[0.944s] -- Up-to-date: /home/javierac/mounted/ws/install/mezuak/include/mezuak/mezuak/msg/detail/mugimendu_kodetzaileak__traits.hpp
[0.944s] -- Up-to-date: /home/javierac/mounted/ws/install/mezuak/include/mezuak/mezuak/msg/detail/mugimendu_kodetzaileak__struct.hpp
[0.944s] -- Up-to-date: /home/javierac/mounted/ws/install/mezuak/include/mezuak/mezuak/msg/detail/mugimendu_kodetzaileak__builder.hpp
[0.944s] -- Up-to-date: /home/javierac/mounted/ws/install/mezuak/include/mezuak/mezuak/msg/detail/mugimendu_kodetzaileak__type_support.hpp
[0.944s] -- Up-to-date: /home/javierac/mounted/ws/install/mezuak/include/mezuak/mezuak
[0.944s] -- Up-to-date: /home/javierac/mounted/ws/install/mezuak/include/mezuak/mezuak/msg
[0.944s] -- Up-to-date: /home/javierac/mounted/ws/install/mezuak/include/mezuak/mezuak/msg/rosidl_typesupport_fastrtps_cpp__visibility_control.h
[0.944s] -- Up-to-date: /home/javierac/mounted/ws/install/mezuak/include/mezuak/mezuak/msg/detail
[0.944s] -- Up-to-date: /home/javierac/mounted/ws/install/mezuak/include/mezuak/mezuak/msg/detail/mugimendu_kodetzaileak__rosidl_typesupport_fastrtps_cpp.hpp
[0.944s] -- Up-to-date: /home/javierac/mounted/ws/install/mezuak/include/mezuak/mezuak/msg/detail/dds_fastrtps
[0.945s] -- Up-to-date: /home/javierac/mounted/ws/install/mezuak/lib/libmezuak__rosidl_typesupport_fastrtps_cpp.so
[0.945s] -- Up-to-date: /home/javierac/mounted/ws/install/mezuak/include/mezuak/mezuak
[0.945s] -- Up-to-date: /home/javierac/mounted/ws/install/mezuak/include/mezuak/mezuak/msg
[0.945s] -- Up-to-date: /home/javierac/mounted/ws/install/mezuak/include/mezuak/mezuak/msg/rosidl_typesupport_introspection_c__visibility_control.h
[0.945s] -- Up-to-date: /home/javierac/mounted/ws/install/mezuak/include/mezuak/mezuak/msg/detail
[0.945s] -- Up-to-date: /home/javierac/mounted/ws/install/mezuak/include/mezuak/mezuak/msg/detail/mugimendu_kodetzaileak__type_support.c
[0.945s] -- Up-to-date: /home/javierac/mounted/ws/install/mezuak/include/mezuak/mezuak/msg/detail/mugimendu_kodetzaileak__rosidl_typesupport_introspection_c.h
[0.945s] -- Up-to-date: /home/javierac/mounted/ws/install/mezuak/lib/libmezuak__rosidl_typesupport_introspection_c.so
[0.945s] -- Up-to-date: /home/javierac/mounted/ws/install/mezuak/lib/libmezuak__rosidl_typesupport_c.so
[0.946s] -- Up-to-date: /home/javierac/mounted/ws/install/mezuak/include/mezuak/mezuak
[0.946s] -- Up-to-date: /home/javierac/mounted/ws/install/mezuak/include/mezuak/mezuak/msg
[0.946s] -- Up-to-date: /home/javierac/mounted/ws/install/mezuak/include/mezuak/mezuak/msg/detail
[0.946s] -- Up-to-date: /home/javierac/mounted/ws/install/mezuak/include/mezuak/mezuak/msg/detail/mugimendu_kodetzaileak__rosidl_typesupport_introspection_cpp.hpp
[0.946s] -- Up-to-date: /home/javierac/mounted/ws/install/mezuak/include/mezuak/mezuak/msg/detail/mugimendu_kodetzaileak__type_support.cpp
[0.946s] -- Up-to-date: /home/javierac/mounted/ws/install/mezuak/lib/libmezuak__rosidl_typesupport_introspection_cpp.so
[0.946s] -- Up-to-date: /home/javierac/mounted/ws/install/mezuak/lib/libmezuak__rosidl_typesupport_cpp.so
[0.946s] -- Up-to-date: /home/javierac/mounted/ws/install/mezuak/share/mezuak/environment/pythonpath.sh
[0.946s] -- Up-to-date: /home/javierac/mounted/ws/install/mezuak/share/mezuak/environment/pythonpath.dsv
[0.946s] -- Up-to-date: /home/javierac/mounted/ws/install/mezuak/lib/python3.12/site-packages/mezuak-0.0.1-py3.12.egg-info
[0.946s] -- Installing: /home/javierac/mounted/ws/install/mezuak/lib/python3.12/site-packages/mezuak-0.0.1-py3.12.egg-info/dependency_links.txt
[0.946s] -- Installing: /home/javierac/mounted/ws/install/mezuak/lib/python3.12/site-packages/mezuak-0.0.1-py3.12.egg-info/PKG-INFO
[0.947s] -- Installing: /home/javierac/mounted/ws/install/mezuak/lib/python3.12/site-packages/mezuak-0.0.1-py3.12.egg-info/SOURCES.txt
[0.947s] -- Installing: /home/javierac/mounted/ws/install/mezuak/lib/python3.12/site-packages/mezuak-0.0.1-py3.12.egg-info/top_level.txt
[0.947s] -- Up-to-date: /home/javierac/mounted/ws/install/mezuak/lib/python3.12/site-packages/mezuak
[0.947s] -- Up-to-date: /home/javierac/mounted/ws/install/mezuak/lib/python3.12/site-packages/mezuak/__init__.py
[0.947s] -- Up-to-date: /home/javierac/mounted/ws/install/mezuak/lib/python3.12/site-packages/mezuak/mezuak_s__rosidl_typesupport_fastrtps_c.so
[0.947s] -- Up-to-date: /home/javierac/mounted/ws/install/mezuak/lib/python3.12/site-packages/mezuak/_mezuak_s.ep.rosidl_typesupport_c.c
[0.947s] -- Up-to-date: /home/javierac/mounted/ws/install/mezuak/lib/python3.12/site-packages/mezuak/mezuak_s__rosidl_typesupport_c.so
[0.947s] -- Up-to-date: /home/javierac/mounted/ws/install/mezuak/lib/python3.12/site-packages/mezuak/_mezuak_s.ep.rosidl_typesupport_fastrtps_c.c
[0.947s] -- Up-to-date: /home/javierac/mounted/ws/install/mezuak/lib/python3.12/site-packages/mezuak/_mezuak_s.ep.rosidl_typesupport_introspection_c.c
[0.947s] -- Up-to-date: /home/javierac/mounted/ws/install/mezuak/lib/python3.12/site-packages/mezuak/mezuak_s__rosidl_typesupport_introspection_c.so
[0.947s] -- Up-to-date: /home/javierac/mounted/ws/install/mezuak/lib/python3.12/site-packages/mezuak/msg
[0.947s] -- Up-to-date: /home/javierac/mounted/ws/install/mezuak/lib/python3.12/site-packages/mezuak/msg/__init__.py
[0.948s] -- Up-to-date: /home/javierac/mounted/ws/install/mezuak/lib/python3.12/site-packages/mezuak/msg/_mugimendu_kodetzaileak.py
[0.948s] -- Up-to-date: /home/javierac/mounted/ws/install/mezuak/lib/python3.12/site-packages/mezuak/msg/_mugimendu_kodetzaileak_s.c
[1.006s] Listing '/home/javierac/mounted/ws/install/mezuak/lib/python3.12/site-packages/mezuak'...
[1.007s] Listing '/home/javierac/mounted/ws/install/mezuak/lib/python3.12/site-packages/mezuak/msg'...
[1.016s] -- Up-to-date: /home/javierac/mounted/ws/install/mezuak/lib/python3.12/site-packages/mezuak/mezuak_s__rosidl_typesupport_fastrtps_c.so
[1.017s] -- Up-to-date: /home/javierac/mounted/ws/install/mezuak/lib/python3.12/site-packages/mezuak/mezuak_s__rosidl_typesupport_introspection_c.so
[1.017s] -- Up-to-date: /home/javierac/mounted/ws/install/mezuak/lib/python3.12/site-packages/mezuak/mezuak_s__rosidl_typesupport_c.so
[1.018s] -- Up-to-date: /home/javierac/mounted/ws/install/mezuak/lib/libmezuak__rosidl_generator_py.so
[1.018s] -- Up-to-date: /home/javierac/mounted/ws/install/mezuak/share/mezuak/msg/MugimenduKodetzaileak.idl
[1.019s] -- Up-to-date: /home/javierac/mounted/ws/install/mezuak/share/mezuak/msg/MugimenduKodetzaileak.msg
[1.019s] -- Up-to-date: /home/javierac/mounted/ws/install/mezuak/share/ament_index/resource_index/package_run_dependencies/mezuak
[1.019s] -- Up-to-date: /home/javierac/mounted/ws/install/mezuak/share/ament_index/resource_index/parent_prefix_path/mezuak
[1.019s] -- Up-to-date: /home/javierac/mounted/ws/install/mezuak/share/mezuak/environment/ament_prefix_path.sh
[1.020s] -- Up-to-date: /home/javierac/mounted/ws/install/mezuak/share/mezuak/environment/ament_prefix_path.dsv
[1.020s] -- Up-to-date: /home/javierac/mounted/ws/install/mezuak/share/mezuak/environment/path.sh
[1.020s] -- Up-to-date: /home/javierac/mounted/ws/install/mezuak/share/mezuak/environment/path.dsv
[1.020s] -- Up-to-date: /home/javierac/mounted/ws/install/mezuak/share/mezuak/local_setup.bash
[1.020s] -- Up-to-date: /home/javierac/mounted/ws/install/mezuak/share/mezuak/local_setup.sh
[1.021s] -- Up-to-date: /home/javierac/mounted/ws/install/mezuak/share/mezuak/local_setup.zsh
[1.021s] -- Up-to-date: /home/javierac/mounted/ws/install/mezuak/share/mezuak/local_setup.dsv
[1.021s] -- Installing: /home/javierac/mounted/ws/install/mezuak/share/mezuak/package.dsv
[1.021s] -- Up-to-date: /home/javierac/mounted/ws/install/mezuak/share/ament_index/resource_index/packages/mezuak
[1.021s] -- Up-to-date: /home/javierac/mounted/ws/install/mezuak/share/mezuak/cmake/export_mezuak__rosidl_generator_cExport.cmake
[1.022s] -- Up-to-date: /home/javierac/mounted/ws/install/mezuak/share/mezuak/cmake/export_mezuak__rosidl_generator_cExport-noconfig.cmake
[1.022s] -- Up-to-date: /home/javierac/mounted/ws/install/mezuak/share/mezuak/cmake/export_mezuak__rosidl_typesupport_fastrtps_cExport.cmake
[1.022s] -- Up-to-date: /home/javierac/mounted/ws/install/mezuak/share/mezuak/cmake/export_mezuak__rosidl_typesupport_fastrtps_cExport-noconfig.cmake
[1.022s] -- Up-to-date: /home/javierac/mounted/ws/install/mezuak/share/mezuak/cmake/export_mezuak__rosidl_generator_cppExport.cmake
[1.022s] -- Up-to-date: /home/javierac/mounted/ws/install/mezuak/share/mezuak/cmake/export_mezuak__rosidl_typesupport_fastrtps_cppExport.cmake
[1.023s] -- Up-to-date: /home/javierac/mounted/ws/install/mezuak/share/mezuak/cmake/export_mezuak__rosidl_typesupport_fastrtps_cppExport-noconfig.cmake
[1.023s] -- Up-to-date: /home/javierac/mounted/ws/install/mezuak/share/mezuak/cmake/mezuak__rosidl_typesupport_introspection_cExport.cmake
[1.023s] -- Up-to-date: /home/javierac/mounted/ws/install/mezuak/share/mezuak/cmake/mezuak__rosidl_typesupport_introspection_cExport-noconfig.cmake
[1.023s] -- Up-to-date: /home/javierac/mounted/ws/install/mezuak/share/mezuak/cmake/mezuak__rosidl_typesupport_cExport.cmake
[1.023s] -- Up-to-date: /home/javierac/mounted/ws/install/mezuak/share/mezuak/cmake/mezuak__rosidl_typesupport_cExport-noconfig.cmake
[1.024s] -- Up-to-date: /home/javierac/mounted/ws/install/mezuak/share/mezuak/cmake/mezuak__rosidl_typesupport_introspection_cppExport.cmake
[1.024s] -- Up-to-date: /home/javierac/mounted/ws/install/mezuak/share/mezuak/cmake/mezuak__rosidl_typesupport_introspection_cppExport-noconfig.cmake
[1.024s] -- Up-to-date: /home/javierac/mounted/ws/install/mezuak/share/mezuak/cmake/mezuak__rosidl_typesupport_cppExport.cmake
[1.024s] -- Up-to-date: /home/javierac/mounted/ws/install/mezuak/share/mezuak/cmake/mezuak__rosidl_typesupport_cppExport-noconfig.cmake
[1.024s] -- Up-to-date: /home/javierac/mounted/ws/install/mezuak/share/mezuak/cmake/export_mezuak__rosidl_generator_pyExport.cmake
[1.024s] -- Up-to-date: /home/javierac/mounted/ws/install/mezuak/share/mezuak/cmake/export_mezuak__rosidl_generator_pyExport-noconfig.cmake
[1.025s] -- Up-to-date: /home/javierac/mounted/ws/install/mezuak/share/mezuak/cmake/rosidl_cmake-extras.cmake
[1.025s] -- Up-to-date: /home/javierac/mounted/ws/install/mezuak/share/mezuak/cmake/ament_cmake_export_dependencies-extras.cmake
[1.025s] -- Up-to-date: /home/javierac/mounted/ws/install/mezuak/share/mezuak/cmake/ament_cmake_export_include_directories-extras.cmake
[1.025s] -- Up-to-date: /home/javierac/mounted/ws/install/mezuak/share/mezuak/cmake/ament_cmake_export_libraries-extras.cmake
[1.025s] -- Up-to-date: /home/javierac/mounted/ws/install/mezuak/share/mezuak/cmake/ament_cmake_export_targets-extras.cmake
[1.025s] -- Up-to-date: /home/javierac/mounted/ws/install/mezuak/share/mezuak/cmake/rosidl_cmake_export_typesupport_targets-extras.cmake
[1.026s] -- Up-to-date: /home/javierac/mounted/ws/install/mezuak/share/mezuak/cmake/rosidl_cmake_export_typesupport_libraries-extras.cmake
[1.026s] -- Up-to-date: /home/javierac/mounted/ws/install/mezuak/share/mezuak/cmake/mezuakConfig.cmake
[1.026s] -- Up-to-date: /home/javierac/mounted/ws/install/mezuak/share/mezuak/cmake/mezuakConfig-version.cmake
[1.026s] -- Up-to-date: /home/javierac/mounted/ws/install/mezuak/share/mezuak/package.xml
[1.027s] Invoked command in '/home/javierac/mounted/ws/build/mezuak' returned '0': CMAKE_PREFIX_PATH=${CMAKE_PREFIX_PATH}:/home/javierac/mounted/ws/install/ip_nodes:/opt/ros/jazzy /usr/bin/cmake --install /home/javierac/mounted/ws/build/mezuak
