[1.030s] Invoking command in '/home/javierac/mounted/ws/src/ip_nodes': PYTHONPATH=/home/javierac/mounted/ws/build/ip_nodes/prefix_override:/usr/lib/python3/dist-packages/colcon_core/task/python/colcon_distutils_commands:/home/javierac/mounted/ws/install/ip_nodes/lib/python3.12/site-packages:${PYTHONPATH} /usr/bin/python3 -W ignore:setup.py install is deprecated -W ignore:easy_install command is deprecated setup.py egg_info --egg-base ../../build/ip_nodes build --build-base /home/javierac/mounted/ws/build/ip_nodes/build install --record /home/javierac/mounted/ws/build/ip_nodes/install.log --single-version-externally-managed install_data
[1.330s] running egg_info
[1.349s] writing ../../build/ip_nodes/ip_nodes.egg-info/PKG-INFO
[1.350s] writing dependency_links to ../../build/ip_nodes/ip_nodes.egg-info/dependency_links.txt
[1.350s] writing entry points to ../../build/ip_nodes/ip_nodes.egg-info/entry_points.txt
[1.350s] writing requirements to ../../build/ip_nodes/ip_nodes.egg-info/requires.txt
[1.350s] writing top-level names to ../../build/ip_nodes/ip_nodes.egg-info/top_level.txt
[1.384s] reading manifest file '../../build/ip_nodes/ip_nodes.egg-info/SOURCES.txt'
[1.384s] adding license file 'LICENSE'
[1.385s] writing manifest file '../../build/ip_nodes/ip_nodes.egg-info/SOURCES.txt'
[1.385s] running build
[1.385s] running build_py
[1.385s] running install
[1.392s] running install_lib
[1.410s] running install_data
[1.410s] copying ip_nodes/launch/display.launch.py -> /home/javierac/mounted/ws/install/ip_nodes/share/ip_nodes/launch
[1.410s] running install_egg_info
[1.432s] removing '/home/javierac/mounted/ws/install/ip_nodes/lib/python3.12/site-packages/ip_nodes-0.0.0-py3.12.egg-info' (and everything under it)
[1.432s] Copying ../../build/ip_nodes/ip_nodes.egg-info to /home/javierac/mounted/ws/install/ip_nodes/lib/python3.12/site-packages/ip_nodes-0.0.0-py3.12.egg-info
[1.433s] running install_scripts
[1.562s] Installing biraketa_sentsorea script to /home/javierac/mounted/ws/install/ip_nodes/lib/ip_nodes
[1.563s] Installing joint_states script to /home/javierac/mounted/ws/install/ip_nodes/lib/ip_nodes
[1.563s] Installing mando script to /home/javierac/mounted/ws/install/ip_nodes/lib/ip_nodes
[1.563s] Installing mugimendu_motorrak script to /home/javierac/mounted/ws/install/ip_nodes/lib/ip_nodes
[1.563s] Installing teklatua script to /home/javierac/mounted/ws/install/ip_nodes/lib/ip_nodes
[1.563s] Installing ultrasoinu_sentsorea script to /home/javierac/mounted/ws/install/ip_nodes/lib/ip_nodes
[1.564s] writing list of installed files to '/home/javierac/mounted/ws/build/ip_nodes/install.log'
[1.599s] Invoked command in '/home/javierac/mounted/ws/src/ip_nodes' returned '0': PYTHONPATH=/home/javierac/mounted/ws/build/ip_nodes/prefix_override:/usr/lib/python3/dist-packages/colcon_core/task/python/colcon_distutils_commands:/home/javierac/mounted/ws/install/ip_nodes/lib/python3.12/site-packages:${PYTHONPATH} /usr/bin/python3 -W ignore:setup.py install is deprecated -W ignore:easy_install command is deprecated setup.py egg_info --egg-base ../../build/ip_nodes build --build-base /home/javierac/mounted/ws/build/ip_nodes/build install --record /home/javierac/mounted/ws/build/ip_nodes/install.log --single-version-externally-managed install_data
