[0.305s] Invoking command in '/home/javierac/mounted/ws/build/mezuak': CMAKE_PREFIX_PATH=${CMAKE_PREFIX_PATH}:/home/javierac/mounted/ws/install/ip_nodes:/opt/ros/jazzy /usr/bin/cmake --build /home/javierac/mounted/ws/build/mezuak -- -j20 -l20
[0.394s] [  2%] Built target mezuak__rosidl_generator_type_description
[0.416s] [  2%] Built target ament_cmake_python_copy_mezuak
[0.437s] [  5%] Built target mezuak__cpp
[0.440s] [ 20%] Built target mezuak__rosidl_generator_c
[0.492s] [ 29%] Built target mezuak__rosidl_typesupport_c
[0.492s] [ 38%] Built target mezuak__rosidl_typesupport_fastrtps_cpp
[0.497s] [ 47%] Built target mezuak__rosidl_typesupport_cpp
[0.502s] [ 55%] Built target mezuak__rosidl_typesupport_introspection_c
[0.504s] [ 64%] Built target mezuak__rosidl_typesupport_fastrtps_c
[0.505s] [ 73%] Built target mezuak__rosidl_typesupport_introspection_cpp
[0.561s] [ 73%] Built target mezuak
[0.617s] [ 76%] Built target mezuak__py
[0.672s] [ 82%] Built target mezuak__rosidl_generator_py
[0.725s] [ 88%] Built target mezuak_s__rosidl_typesupport_c
[0.726s] [ 94%] Built target mezuak_s__rosidl_typesupport_fastrtps_c
[0.726s] [100%] Built target mezuak_s__rosidl_typesupport_introspection_c
[0.837s] running egg_info
[0.869s] writing mezuak.egg-info/PKG-INFO
[0.869s] writing dependency_links to mezuak.egg-info/dependency_links.txt
[0.870s] writing top-level names to mezuak.egg-info/top_level.txt
[0.944s] reading manifest file 'mezuak.egg-info/SOURCES.txt'
[0.945s] writing manifest file 'mezuak.egg-info/SOURCES.txt'
[0.990s] [100%] Built target ament_cmake_python_build_mezuak_egg
[1.011s] Invoked command in '/home/javierac/mounted/ws/build/mezuak' returned '0': CMAKE_PREFIX_PATH=${CMAKE_PREFIX_PATH}:/home/javierac/mounted/ws/install/ip_nodes:/opt/ros/jazzy /usr/bin/cmake --build /home/javierac/mounted/ws/build/mezuak -- -j20 -l20
[1.029s] Invoking command in '/home/javierac/mounted/ws/build/mezuak': CMAKE_PREFIX_PATH=${CMAKE_PREFIX_PATH}:/home/javierac/mounted/ws/install/ip_nodes:/opt/ros/jazzy /usr/bin/cmake --install /home/javierac/mounted/ws/build/mezuak
[1.046s] -- Install configuration: ""
[1.047s] -- Up-to-date: /home/javierac/mounted/ws/install/mezuak/share/ament_index/resource_index/rosidl_interfaces/mezuak
[1.047s] -- Up-to-date: /home/javierac/mounted/ws/install/mezuak/share/mezuak/msg/MugimenduKodetzaileak.json
[1.048s] -- Up-to-date: /home/javierac/mounted/ws/install/mezuak/include/mezuak/mezuak
[1.048s] -- Up-to-date: /home/javierac/mounted/ws/install/mezuak/include/mezuak/mezuak/msg
[1.049s] -- Up-to-date: /home/javierac/mounted/ws/install/mezuak/include/mezuak/mezuak/msg/rosidl_generator_c__visibility_control.h
[1.049s] -- Up-to-date: /home/javierac/mounted/ws/install/mezuak/include/mezuak/mezuak/msg/mugimendu_kodetzaileak.h
[1.049s] -- Up-to-date: /home/javierac/mounted/ws/install/mezuak/include/mezuak/mezuak/msg/detail
[1.050s] -- Up-to-date: /home/javierac/mounted/ws/install/mezuak/include/mezuak/mezuak/msg/detail/mugimendu_kodetzaileak__struct.h
[1.050s] -- Up-to-date: /home/javierac/mounted/ws/install/mezuak/include/mezuak/mezuak/msg/detail/mugimendu_kodetzaileak__description.c
[1.050s] -- Up-to-date: /home/javierac/mounted/ws/install/mezuak/include/mezuak/mezuak/msg/detail/mugimendu_kodetzaileak__type_support.h
[1.051s] -- Up-to-date: /home/javierac/mounted/ws/install/mezuak/include/mezuak/mezuak/msg/detail/mugimendu_kodetzaileak__functions.c
[1.051s] -- Up-to-date: /home/javierac/mounted/ws/install/mezuak/include/mezuak/mezuak/msg/detail/mugimendu_kodetzaileak__functions.h
[1.051s] -- Up-to-date: /home/javierac/mounted/ws/install/mezuak/include/mezuak/mezuak/msg/detail/mugimendu_kodetzaileak__type_support.c
[1.051s] -- Up-to-date: /home/javierac/mounted/ws/install/mezuak/share/mezuak/environment/library_path.sh
[1.052s] -- Up-to-date: /home/javierac/mounted/ws/install/mezuak/share/mezuak/environment/library_path.dsv
[1.052s] -- Up-to-date: /home/javierac/mounted/ws/install/mezuak/lib/libmezuak__rosidl_generator_c.so
[1.052s] -- Up-to-date: /home/javierac/mounted/ws/install/mezuak/include/mezuak/mezuak
[1.052s] -- Up-to-date: /home/javierac/mounted/ws/install/mezuak/include/mezuak/mezuak/msg
[1.053s] -- Up-to-date: /home/javierac/mounted/ws/install/mezuak/include/mezuak/mezuak/msg/rosidl_typesupport_fastrtps_c__visibility_control.h
[1.053s] -- Up-to-date: /home/javierac/mounted/ws/install/mezuak/include/mezuak/mezuak/msg/detail
[1.053s] -- Up-to-date: /home/javierac/mounted/ws/install/mezuak/include/mezuak/mezuak/msg/detail/mugimendu_kodetzaileak__rosidl_typesupport_fastrtps_c.h
[1.054s] -- Up-to-date: /home/javierac/mounted/ws/install/mezuak/lib/libmezuak__rosidl_typesupport_fastrtps_c.so
[1.054s] -- Up-to-date: /home/javierac/mounted/ws/install/mezuak/include/mezuak/mezuak
[1.054s] -- Up-to-date: /home/javierac/mounted/ws/install/mezuak/include/mezuak/mezuak/msg
[1.054s] -- Up-to-date: /home/javierac/mounted/ws/install/mezuak/include/mezuak/mezuak/msg/rosidl_generator_cpp__visibility_control.hpp
[1.055s] -- Up-to-date: /home/javierac/mounted/ws/install/mezuak/include/mezuak/mezuak/msg/mugimendu_kodetzaileak.hpp
[1.055s] -- Up-to-date: /home/javierac/mounted/ws/install/mezuak/include/mezuak/mezuak/msg/detail
[1.055s] -- Up-to-date: /home/javierac/mounted/ws/install/mezuak/include/mezuak/mezuak/msg/detail/mugimendu_kodetzaileak__traits.hpp
[1.055s] -- Up-to-date: /home/javierac/mounted/ws/install/mezuak/include/mezuak/mezuak/msg/detail/mugimendu_kodetzaileak__struct.hpp
[1.056s] -- Up-to-date: /home/javierac/mounted/ws/install/mezuak/include/mezuak/mezuak/msg/detail/mugimendu_kodetzaileak__builder.hpp
[1.056s] -- Up-to-date: /home/javierac/mounted/ws/install/mezuak/include/mezuak/mezuak/msg/detail/mugimendu_kodetzaileak__type_support.hpp
[1.056s] -- Up-to-date: /home/javierac/mounted/ws/install/mezuak/include/mezuak/mezuak
[1.056s] -- Up-to-date: /home/javierac/mounted/ws/install/mezuak/include/mezuak/mezuak/msg
[1.057s] -- Up-to-date: /home/javierac/mounted/ws/install/mezuak/include/mezuak/mezuak/msg/rosidl_typesupport_fastrtps_cpp__visibility_control.h
[1.057s] -- Up-to-date: /home/javierac/mounted/ws/install/mezuak/include/mezuak/mezuak/msg/detail
[1.057s] -- Up-to-date: /home/javierac/mounted/ws/install/mezuak/include/mezuak/mezuak/msg/detail/mugimendu_kodetzaileak__rosidl_typesupport_fastrtps_cpp.hpp
[1.057s] -- Up-to-date: /home/javierac/mounted/ws/install/mezuak/include/mezuak/mezuak/msg/detail/dds_fastrtps
[1.057s] -- Up-to-date: /home/javierac/mounted/ws/install/mezuak/lib/libmezuak__rosidl_typesupport_fastrtps_cpp.so
[1.058s] -- Up-to-date: /home/javierac/mounted/ws/install/mezuak/include/mezuak/mezuak
[1.058s] -- Up-to-date: /home/javierac/mounted/ws/install/mezuak/include/mezuak/mezuak/msg
[1.058s] -- Up-to-date: /home/javierac/mounted/ws/install/mezuak/include/mezuak/mezuak/msg/rosidl_typesupport_introspection_c__visibility_control.h
[1.058s] -- Up-to-date: /home/javierac/mounted/ws/install/mezuak/include/mezuak/mezuak/msg/detail
[1.059s] -- Up-to-date: /home/javierac/mounted/ws/install/mezuak/include/mezuak/mezuak/msg/detail/mugimendu_kodetzaileak__type_support.c
[1.059s] -- Up-to-date: /home/javierac/mounted/ws/install/mezuak/include/mezuak/mezuak/msg/detail/mugimendu_kodetzaileak__rosidl_typesupport_introspection_c.h
[1.059s] -- Up-to-date: /home/javierac/mounted/ws/install/mezuak/lib/libmezuak__rosidl_typesupport_introspection_c.so
[1.059s] -- Up-to-date: /home/javierac/mounted/ws/install/mezuak/lib/libmezuak__rosidl_typesupport_c.so
[1.060s] -- Up-to-date: /home/javierac/mounted/ws/install/mezuak/include/mezuak/mezuak
[1.060s] -- Up-to-date: /home/javierac/mounted/ws/install/mezuak/include/mezuak/mezuak/msg
[1.060s] -- Up-to-date: /home/javierac/mounted/ws/install/mezuak/include/mezuak/mezuak/msg/detail
[1.060s] -- Up-to-date: /home/javierac/mounted/ws/install/mezuak/include/mezuak/mezuak/msg/detail/mugimendu_kodetzaileak__rosidl_typesupport_introspection_cpp.hpp
[1.060s] -- Up-to-date: /home/javierac/mounted/ws/install/mezuak/include/mezuak/mezuak/msg/detail/mugimendu_kodetzaileak__type_support.cpp
[1.061s] -- Up-to-date: /home/javierac/mounted/ws/install/mezuak/lib/libmezuak__rosidl_typesupport_introspection_cpp.so
[1.061s] -- Up-to-date: /home/javierac/mounted/ws/install/mezuak/lib/libmezuak__rosidl_typesupport_cpp.so
[1.061s] -- Up-to-date: /home/javierac/mounted/ws/install/mezuak/share/mezuak/environment/pythonpath.sh
[1.061s] -- Up-to-date: /home/javierac/mounted/ws/install/mezuak/share/mezuak/environment/pythonpath.dsv
[1.062s] -- Up-to-date: /home/javierac/mounted/ws/install/mezuak/lib/python3.12/site-packages/mezuak-0.0.1-py3.12.egg-info
[1.062s] -- Installing: /home/javierac/mounted/ws/install/mezuak/lib/python3.12/site-packages/mezuak-0.0.1-py3.12.egg-info/dependency_links.txt
[1.062s] -- Installing: /home/javierac/mounted/ws/install/mezuak/lib/python3.12/site-packages/mezuak-0.0.1-py3.12.egg-info/PKG-INFO
[1.062s] -- Installing: /home/javierac/mounted/ws/install/mezuak/lib/python3.12/site-packages/mezuak-0.0.1-py3.12.egg-info/SOURCES.txt
[1.062s] -- Installing: /home/javierac/mounted/ws/install/mezuak/lib/python3.12/site-packages/mezuak-0.0.1-py3.12.egg-info/top_level.txt
[1.063s] -- Up-to-date: /home/javierac/mounted/ws/install/mezuak/lib/python3.12/site-packages/mezuak
[1.063s] -- Up-to-date: /home/javierac/mounted/ws/install/mezuak/lib/python3.12/site-packages/mezuak/__init__.py
[1.063s] -- Up-to-date: /home/javierac/mounted/ws/install/mezuak/lib/python3.12/site-packages/mezuak/mezuak_s__rosidl_typesupport_fastrtps_c.so
[1.063s] -- Up-to-date: /home/javierac/mounted/ws/install/mezuak/lib/python3.12/site-packages/mezuak/_mezuak_s.ep.rosidl_typesupport_c.c
[1.064s] -- Up-to-date: /home/javierac/mounted/ws/install/mezuak/lib/python3.12/site-packages/mezuak/mezuak_s__rosidl_typesupport_c.so
[1.064s] -- Up-to-date: /home/javierac/mounted/ws/install/mezuak/lib/python3.12/site-packages/mezuak/_mezuak_s.ep.rosidl_typesupport_fastrtps_c.c
[1.064s] -- Up-to-date: /home/javierac/mounted/ws/install/mezuak/lib/python3.12/site-packages/mezuak/_mezuak_s.ep.rosidl_typesupport_introspection_c.c
[1.064s] -- Up-to-date: /home/javierac/mounted/ws/install/mezuak/lib/python3.12/site-packages/mezuak/mezuak_s__rosidl_typesupport_introspection_c.so
[1.064s] -- Up-to-date: /home/javierac/mounted/ws/install/mezuak/lib/python3.12/site-packages/mezuak/msg
[1.065s] -- Up-to-date: /home/javierac/mounted/ws/install/mezuak/lib/python3.12/site-packages/mezuak/msg/__init__.py
[1.065s] -- Up-to-date: /home/javierac/mounted/ws/install/mezuak/lib/python3.12/site-packages/mezuak/msg/_mugimendu_kodetzaileak.py
[1.065s] -- Up-to-date: /home/javierac/mounted/ws/install/mezuak/lib/python3.12/site-packages/mezuak/msg/_mugimendu_kodetzaileak_s.c
[1.134s] Listing '/home/javierac/mounted/ws/install/mezuak/lib/python3.12/site-packages/mezuak'...
[1.135s] Listing '/home/javierac/mounted/ws/install/mezuak/lib/python3.12/site-packages/mezuak/msg'...
[1.145s] -- Up-to-date: /home/javierac/mounted/ws/install/mezuak/lib/python3.12/site-packages/mezuak/mezuak_s__rosidl_typesupport_fastrtps_c.so
[1.146s] -- Up-to-date: /home/javierac/mounted/ws/install/mezuak/lib/python3.12/site-packages/mezuak/mezuak_s__rosidl_typesupport_introspection_c.so
[1.146s] -- Up-to-date: /home/javierac/mounted/ws/install/mezuak/lib/python3.12/site-packages/mezuak/mezuak_s__rosidl_typesupport_c.so
[1.147s] -- Up-to-date: /home/javierac/mounted/ws/install/mezuak/lib/libmezuak__rosidl_generator_py.so
[1.147s] -- Up-to-date: /home/javierac/mounted/ws/install/mezuak/share/mezuak/msg/MugimenduKodetzaileak.idl
[1.147s] -- Up-to-date: /home/javierac/mounted/ws/install/mezuak/share/mezuak/msg/MugimenduKodetzaileak.msg
[1.148s] -- Up-to-date: /home/javierac/mounted/ws/install/mezuak/share/ament_index/resource_index/package_run_dependencies/mezuak
[1.148s] -- Up-to-date: /home/javierac/mounted/ws/install/mezuak/share/ament_index/resource_index/parent_prefix_path/mezuak
[1.148s] -- Up-to-date: /home/javierac/mounted/ws/install/mezuak/share/mezuak/environment/ament_prefix_path.sh
[1.149s] -- Up-to-date: /home/javierac/mounted/ws/install/mezuak/share/mezuak/environment/ament_prefix_path.dsv
[1.149s] -- Up-to-date: /home/javierac/mounted/ws/install/mezuak/share/mezuak/environment/path.sh
[1.149s] -- Up-to-date: /home/javierac/mounted/ws/install/mezuak/share/mezuak/environment/path.dsv
[1.149s] -- Up-to-date: /home/javierac/mounted/ws/install/mezuak/share/mezuak/local_setup.bash
[1.150s] -- Up-to-date: /home/javierac/mounted/ws/install/mezuak/share/mezuak/local_setup.sh
[1.150s] -- Up-to-date: /home/javierac/mounted/ws/install/mezuak/share/mezuak/local_setup.zsh
[1.150s] -- Up-to-date: /home/javierac/mounted/ws/install/mezuak/share/mezuak/local_setup.dsv
[1.150s] -- Installing: /home/javierac/mounted/ws/install/mezuak/share/mezuak/package.dsv
[1.150s] -- Up-to-date: /home/javierac/mounted/ws/install/mezuak/share/ament_index/resource_index/packages/mezuak
[1.151s] -- Up-to-date: /home/javierac/mounted/ws/install/mezuak/share/mezuak/cmake/export_mezuak__rosidl_generator_cExport.cmake
[1.151s] -- Up-to-date: /home/javierac/mounted/ws/install/mezuak/share/mezuak/cmake/export_mezuak__rosidl_generator_cExport-noconfig.cmake
[1.151s] -- Up-to-date: /home/javierac/mounted/ws/install/mezuak/share/mezuak/cmake/export_mezuak__rosidl_typesupport_fastrtps_cExport.cmake
[1.151s] -- Up-to-date: /home/javierac/mounted/ws/install/mezuak/share/mezuak/cmake/export_mezuak__rosidl_typesupport_fastrtps_cExport-noconfig.cmake
[1.151s] -- Up-to-date: /home/javierac/mounted/ws/install/mezuak/share/mezuak/cmake/export_mezuak__rosidl_generator_cppExport.cmake
[1.151s] -- Up-to-date: /home/javierac/mounted/ws/install/mezuak/share/mezuak/cmake/export_mezuak__rosidl_typesupport_fastrtps_cppExport.cmake
[1.152s] -- Up-to-date: /home/javierac/mounted/ws/install/mezuak/share/mezuak/cmake/export_mezuak__rosidl_typesupport_fastrtps_cppExport-noconfig.cmake
[1.152s] -- Up-to-date: /home/javierac/mounted/ws/install/mezuak/share/mezuak/cmake/mezuak__rosidl_typesupport_introspection_cExport.cmake
[1.152s] -- Up-to-date: /home/javierac/mounted/ws/install/mezuak/share/mezuak/cmake/mezuak__rosidl_typesupport_introspection_cExport-noconfig.cmake
[1.152s] -- Up-to-date: /home/javierac/mounted/ws/install/mezuak/share/mezuak/cmake/mezuak__rosidl_typesupport_cExport.cmake
[1.152s] -- Up-to-date: /home/javierac/mounted/ws/install/mezuak/share/mezuak/cmake/mezuak__rosidl_typesupport_cExport-noconfig.cmake
[1.152s] -- Up-to-date: /home/javierac/mounted/ws/install/mezuak/share/mezuak/cmake/mezuak__rosidl_typesupport_introspection_cppExport.cmake
[1.153s] -- Up-to-date: /home/javierac/mounted/ws/install/mezuak/share/mezuak/cmake/mezuak__rosidl_typesupport_introspection_cppExport-noconfig.cmake
[1.153s] -- Up-to-date: /home/javierac/mounted/ws/install/mezuak/share/mezuak/cmake/mezuak__rosidl_typesupport_cppExport.cmake
[1.153s] -- Up-to-date: /home/javierac/mounted/ws/install/mezuak/share/mezuak/cmake/mezuak__rosidl_typesupport_cppExport-noconfig.cmake
[1.153s] -- Up-to-date: /home/javierac/mounted/ws/install/mezuak/share/mezuak/cmake/export_mezuak__rosidl_generator_pyExport.cmake
[1.154s] -- Up-to-date: /home/javierac/mounted/ws/install/mezuak/share/mezuak/cmake/export_mezuak__rosidl_generator_pyExport-noconfig.cmake
[1.154s] -- Up-to-date: /home/javierac/mounted/ws/install/mezuak/share/mezuak/cmake/rosidl_cmake-extras.cmake
[1.155s] -- Up-to-date: /home/javierac/mounted/ws/install/mezuak/share/mezuak/cmake/ament_cmake_export_dependencies-extras.cmake
[1.155s] -- Up-to-date: /home/javierac/mounted/ws/install/mezuak/share/mezuak/cmake/ament_cmake_export_include_directories-extras.cmake
[1.155s] -- Up-to-date: /home/javierac/mounted/ws/install/mezuak/share/mezuak/cmake/ament_cmake_export_libraries-extras.cmake
[1.155s] -- Up-to-date: /home/javierac/mounted/ws/install/mezuak/share/mezuak/cmake/ament_cmake_export_targets-extras.cmake
[1.155s] -- Up-to-date: /home/javierac/mounted/ws/install/mezuak/share/mezuak/cmake/rosidl_cmake_export_typesupport_targets-extras.cmake
[1.156s] -- Up-to-date: /home/javierac/mounted/ws/install/mezuak/share/mezuak/cmake/rosidl_cmake_export_typesupport_libraries-extras.cmake
[1.156s] -- Up-to-date: /home/javierac/mounted/ws/install/mezuak/share/mezuak/cmake/mezuakConfig.cmake
[1.157s] -- Up-to-date: /home/javierac/mounted/ws/install/mezuak/share/mezuak/cmake/mezuakConfig-version.cmake
[1.157s] -- Up-to-date: /home/javierac/mounted/ws/install/mezuak/share/mezuak/package.xml
[1.157s] Invoked command in '/home/javierac/mounted/ws/build/mezuak' returned '0': CMAKE_PREFIX_PATH=${CMAKE_PREFIX_PATH}:/home/javierac/mounted/ws/install/ip_nodes:/opt/ros/jazzy /usr/bin/cmake --install /home/javierac/mounted/ws/build/mezuak
