[0.901s] Invoking command in '/home/javierac/eduros2_lego/ws/src/eduros2_lego': PYTHONPATH=/home/javierac/eduros2_lego/build/eduros2_lego/prefix_override:/usr/lib/python3/dist-packages/colcon_core/task/python/colcon_distutils_commands:/home/javierac/eduros2_lego/install/eduros2_lego/lib/python3.12/site-packages:${PYTHONPATH} /usr/bin/python3 -W ignore:setup.py install is deprecated -W ignore:easy_install command is deprecated setup.py egg_info --egg-base ../../../build/eduros2_lego build --build-base /home/javierac/eduros2_lego/build/eduros2_lego/build install --record /home/javierac/eduros2_lego/build/eduros2_lego/install.log --single-version-externally-managed install_data
[1.131s] running egg_info
[1.144s] writing ../../../build/eduros2_lego/eduros2_lego.egg-info/PKG-INFO
[1.145s] writing dependency_links to ../../../build/eduros2_lego/eduros2_lego.egg-info/dependency_links.txt
[1.145s] writing entry points to ../../../build/eduros2_lego/eduros2_lego.egg-info/entry_points.txt
[1.145s] writing requirements to ../../../build/eduros2_lego/eduros2_lego.egg-info/requires.txt
[1.145s] writing top-level names to ../../../build/eduros2_lego/eduros2_lego.egg-info/top_level.txt
[1.173s] reading manifest file '../../../build/eduros2_lego/eduros2_lego.egg-info/SOURCES.txt'
[1.174s] writing manifest file '../../../build/eduros2_lego/eduros2_lego.egg-info/SOURCES.txt'
[1.174s] running build
[1.174s] running build_py
[1.175s] running install
[1.181s] running install_lib
[1.196s] running install_data
[1.196s] running install_egg_info
[1.211s] removing '/home/javierac/eduros2_lego/install/eduros2_lego/lib/python3.12/site-packages/eduros2_lego-0.0.0-py3.12.egg-info' (and everything under it)
[1.211s] Copying ../../../build/eduros2_lego/eduros2_lego.egg-info to /home/javierac/eduros2_lego/install/eduros2_lego/lib/python3.12/site-packages/eduros2_lego-0.0.0-py3.12.egg-info
[1.212s] running install_scripts
[1.316s] Installing biraketa_sentsorea script to /home/javierac/eduros2_lego/install/eduros2_lego/lib/eduros2_lego
[1.316s] Installing joint_states script to /home/javierac/eduros2_lego/install/eduros2_lego/lib/eduros2_lego
[1.317s] Installing kolore_sentsorea script to /home/javierac/eduros2_lego/install/eduros2_lego/lib/eduros2_lego
[1.317s] Installing mando script to /home/javierac/eduros2_lego/install/eduros2_lego/lib/eduros2_lego
[1.317s] Installing mugimendu_motorrak script to /home/javierac/eduros2_lego/install/eduros2_lego/lib/eduros2_lego
[1.317s] Installing teklatua script to /home/javierac/eduros2_lego/install/eduros2_lego/lib/eduros2_lego
[1.317s] Installing ultrasoinu_sentsorea script to /home/javierac/eduros2_lego/install/eduros2_lego/lib/eduros2_lego
[1.317s] Installing zuzen_objektuarenganaino script to /home/javierac/eduros2_lego/install/eduros2_lego/lib/eduros2_lego
[1.317s] writing list of installed files to '/home/javierac/eduros2_lego/build/eduros2_lego/install.log'
[1.344s] Invoked command in '/home/javierac/eduros2_lego/ws/src/eduros2_lego' returned '0': PYTHONPATH=/home/javierac/eduros2_lego/build/eduros2_lego/prefix_override:/usr/lib/python3/dist-packages/colcon_core/task/python/colcon_distutils_commands:/home/javierac/eduros2_lego/install/eduros2_lego/lib/python3.12/site-packages:${PYTHONPATH} /usr/bin/python3 -W ignore:setup.py install is deprecated -W ignore:easy_install command is deprecated setup.py egg_info --egg-base ../../../build/eduros2_lego build --build-base /home/javierac/eduros2_lego/build/eduros2_lego/build install --record /home/javierac/eduros2_lego/build/eduros2_lego/install.log --single-version-externally-managed install_data
