[1.291s] Invoking command in '/home/javierac/mounted/ws/build/ip_nodes': PYTHONPATH=/home/javierac/mounted/ws/build/ip_nodes/prefix_override:/usr/lib/python3/dist-packages/colcon_core/task/python/colcon_distutils_commands:/home/javierac/mounted/ws/install/ip_nodes/lib/python3.12/site-packages:${PYTHONPATH} /usr/bin/python3 -W ignore:setup.py install is deprecated -W ignore:easy_install command is deprecated setup.py develop --editable --build-directory /home/javierac/mounted/ws/build/ip_nodes/build --no-deps symlink_data
[1.671s] running develop
[1.879s] running egg_info
[1.898s] writing ip_nodes.egg-info/PKG-INFO
[1.899s] writing dependency_links to ip_nodes.egg-info/dependency_links.txt
[1.899s] writing entry points to ip_nodes.egg-info/entry_points.txt
[1.899s] writing requirements to ip_nodes.egg-info/requires.txt
[1.899s] writing top-level names to ip_nodes.egg-info/top_level.txt
[1.938s] reading manifest file 'ip_nodes.egg-info/SOURCES.txt'
[1.939s] writing manifest file 'ip_nodes.egg-info/SOURCES.txt'
[1.962s] running build_ext
[1.970s] Creating /home/javierac/mounted/ws/install/ip_nodes/lib/python3.12/site-packages/ip-nodes.egg-link (link to .)
[1.971s] Installing listener script to /home/javierac/mounted/ws/install/ip_nodes/lib/ip_nodes
[1.971s] Installing odom script to /home/javierac/mounted/ws/install/ip_nodes/lib/ip_nodes
[1.972s] Installing talker script to /home/javierac/mounted/ws/install/ip_nodes/lib/ip_nodes
[1.972s] 
[1.972s] Installed /home/javierac/mounted/ws/build/ip_nodes
[1.972s] running symlink_data
[1.973s] creating /home/javierac/mounted/ws/install/ip_nodes/share/ip_nodes/launch
[1.973s] error: can't copy '/home/javierac/mounted/ws/build/ip_nodes/launch/display.launch.py': doesn't exist or not a regular file
[2.010s] Invoked command in '/home/javierac/mounted/ws/build/ip_nodes' returned '1': PYTHONPATH=/home/javierac/mounted/ws/build/ip_nodes/prefix_override:/usr/lib/python3/dist-packages/colcon_core/task/python/colcon_distutils_commands:/home/javierac/mounted/ws/install/ip_nodes/lib/python3.12/site-packages:${PYTHONPATH} /usr/bin/python3 -W ignore:setup.py install is deprecated -W ignore:easy_install command is deprecated setup.py develop --editable --build-directory /home/javierac/mounted/ws/build/ip_nodes/build --no-deps symlink_data
