[1.134s] Invoking command in '/home/javierac/mounted/ws/src/ip_nodes': PYTHONPATH=/home/javierac/mounted/ws/build/ip_nodes/prefix_override:/usr/lib/python3/dist-packages/colcon_core/task/python/colcon_distutils_commands:/home/javierac/mounted/ws/install/ip_nodes/lib/python3.12/site-packages:${PYTHONPATH} /usr/bin/python3 -W ignore:setup.py install is deprecated -W ignore:easy_install command is deprecated setup.py egg_info --egg-base ../../build/ip_nodes build --build-base /home/javierac/mounted/ws/build/ip_nodes/build install --record /home/javierac/mounted/ws/build/ip_nodes/install.log --single-version-externally-managed install_data
[1.604s] running egg_info
[1.637s] writing ../../build/ip_nodes/ip_nodes.egg-info/PKG-INFO
[1.638s] writing dependency_links to ../../build/ip_nodes/ip_nodes.egg-info/dependency_links.txt
[1.639s] writing entry points to ../../build/ip_nodes/ip_nodes.egg-info/entry_points.txt
[1.639s] writing requirements to ../../build/ip_nodes/ip_nodes.egg-info/requires.txt
[1.639s] writing top-level names to ../../build/ip_nodes/ip_nodes.egg-info/top_level.txt
[1.703s] reading manifest file '../../build/ip_nodes/ip_nodes.egg-info/SOURCES.txt'
[1.703s] adding license file 'LICENSE'
[1.705s] writing manifest file '../../build/ip_nodes/ip_nodes.egg-info/SOURCES.txt'
[1.705s] running build
[1.706s] running build_py
[1.706s] copying ip_nodes/mugimendu_motorrak.py -> /home/javierac/mounted/ws/build/ip_nodes/build/lib/ip_nodes
[1.707s] running install
[1.721s] running install_lib
[1.755s] copying /home/javierac/mounted/ws/build/ip_nodes/build/lib/ip_nodes/mugimendu_motorrak.py -> /home/javierac/mounted/ws/install/ip_nodes/lib/python3.12/site-packages/ip_nodes
[1.757s] byte-compiling /home/javierac/mounted/ws/install/ip_nodes/lib/python3.12/site-packages/ip_nodes/mugimendu_motorrak.py to mugimendu_motorrak.cpython-312.pyc
[1.759s] Sorry: IndentationError: expected an indented block after function definition on line 56 (mugimendu_motorrak.py, line 57)
[1.760s] running install_data
[1.760s] copying ip_nodes/launch/display.launch.py -> /home/javierac/mounted/ws/install/ip_nodes/share/ip_nodes/launch
[1.761s] running install_egg_info
[1.813s] removing '/home/javierac/mounted/ws/install/ip_nodes/lib/python3.12/site-packages/ip_nodes-0.0.0-py3.12.egg-info' (and everything under it)
[1.814s] Copying ../../build/ip_nodes/ip_nodes.egg-info to /home/javierac/mounted/ws/install/ip_nodes/lib/python3.12/site-packages/ip_nodes-0.0.0-py3.12.egg-info
[1.815s] running install_scripts
[2.069s] Installing biraketa_sentsorea script to /home/javierac/mounted/ws/install/ip_nodes/lib/ip_nodes
[2.070s] Installing joint_states script to /home/javierac/mounted/ws/install/ip_nodes/lib/ip_nodes
[2.070s] Installing mando script to /home/javierac/mounted/ws/install/ip_nodes/lib/ip_nodes
[2.070s] Installing mugimendu_motorrak script to /home/javierac/mounted/ws/install/ip_nodes/lib/ip_nodes
[2.071s] Installing teklatua script to /home/javierac/mounted/ws/install/ip_nodes/lib/ip_nodes
[2.071s] Installing ultrasoinu_sentsorea script to /home/javierac/mounted/ws/install/ip_nodes/lib/ip_nodes
[2.072s] writing list of installed files to '/home/javierac/mounted/ws/build/ip_nodes/install.log'
[2.127s] Invoked command in '/home/javierac/mounted/ws/src/ip_nodes' returned '0': PYTHONPATH=/home/javierac/mounted/ws/build/ip_nodes/prefix_override:/usr/lib/python3/dist-packages/colcon_core/task/python/colcon_distutils_commands:/home/javierac/mounted/ws/install/ip_nodes/lib/python3.12/site-packages:${PYTHONPATH} /usr/bin/python3 -W ignore:setup.py install is deprecated -W ignore:easy_install command is deprecated setup.py egg_info --egg-base ../../build/ip_nodes build --build-base /home/javierac/mounted/ws/build/ip_nodes/build install --record /home/javierac/mounted/ws/build/ip_nodes/install.log --single-version-externally-managed install_data
