[1.060s] Invoking command in '/home/javierac/mounted/ws/build/ip_nodes': PYTHONPATH=/home/javierac/mounted/ws/build/ip_nodes/prefix_override:/usr/lib/python3/dist-packages/colcon_core/task/python/colcon_distutils_commands:/home/javierac/mounted/ws/install/ip_nodes/lib/python3.12/site-packages:${PYTHONPATH} /usr/bin/python3 -W ignore:setup.py install is deprecated setup.py develop --uninstall --editable --build-directory /home/javierac/mounted/ws/build/ip_nodes/build
[1.373s] running develop
[1.373s] /usr/lib/python3/dist-packages/setuptools/command/develop.py:40: EasyInstallDeprecationWarning: easy_install command is deprecated.
[1.373s] !!
[1.373s] 
[1.373s]         ********************************************************************************
[1.373s]         Please avoid running ``setup.py`` and ``easy_install``.
[1.373s]         Instead, use pypa/build, pypa/installer or other
[1.373s]         standards-based tools.
[1.373s] 
[1.373s]         See https://github.com/pypa/setuptools/issues/917 for details.
[1.373s]         ********************************************************************************
[1.374s] 
[1.374s] !!
[1.374s]   easy_install.initialize_options(self)
[1.544s] Removing /home/javierac/mounted/ws/install/ip_nodes/lib/python3.12/site-packages/ip-nodes.egg-link (link to .)
[1.575s] Invoked command in '/home/javierac/mounted/ws/build/ip_nodes' returned '0': PYTHONPATH=/home/javierac/mounted/ws/build/ip_nodes/prefix_override:/usr/lib/python3/dist-packages/colcon_core/task/python/colcon_distutils_commands:/home/javierac/mounted/ws/install/ip_nodes/lib/python3.12/site-packages:${PYTHONPATH} /usr/bin/python3 -W ignore:setup.py install is deprecated setup.py develop --uninstall --editable --build-directory /home/javierac/mounted/ws/build/ip_nodes/build
[1.576s] Invoking command in '/home/javierac/mounted/ws/src/ip_nodes': PYTHONPATH=/home/javierac/mounted/ws/build/ip_nodes/prefix_override:/usr/lib/python3/dist-packages/colcon_core/task/python/colcon_distutils_commands:/home/javierac/mounted/ws/install/ip_nodes/lib/python3.12/site-packages:${PYTHONPATH} /usr/bin/python3 -W ignore:setup.py install is deprecated setup.py egg_info --egg-base ../../build/ip_nodes build --build-base /home/javierac/mounted/ws/build/ip_nodes/build install --record /home/javierac/mounted/ws/build/ip_nodes/install.log --single-version-externally-managed install_data --force
[1.854s] running egg_info
[1.870s] writing ../../build/ip_nodes/ip_nodes.egg-info/PKG-INFO
[1.870s] writing dependency_links to ../../build/ip_nodes/ip_nodes.egg-info/dependency_links.txt
[1.871s] writing entry points to ../../build/ip_nodes/ip_nodes.egg-info/entry_points.txt
[1.871s] writing requirements to ../../build/ip_nodes/ip_nodes.egg-info/requires.txt
[1.871s] writing top-level names to ../../build/ip_nodes/ip_nodes.egg-info/top_level.txt
[1.900s] reading manifest file '../../build/ip_nodes/ip_nodes.egg-info/SOURCES.txt'
[1.900s] adding license file 'LICENSE'
[1.901s] writing manifest file '../../build/ip_nodes/ip_nodes.egg-info/SOURCES.txt'
[1.901s] running build
[1.901s] running build_py
[1.902s] copying ip_nodes/subscriber_member_function.py -> /home/javierac/mounted/ws/build/ip_nodes/build/lib/ip_nodes
[1.902s] copying ip_nodes/publisher_member_function.py -> /home/javierac/mounted/ws/build/ip_nodes/build/lib/ip_nodes
[1.902s] running install
[1.909s] running install_lib
[1.929s] creating /home/javierac/mounted/ws/install/ip_nodes/lib/python3.12/site-packages/ip_nodes
[1.929s] copying /home/javierac/mounted/ws/build/ip_nodes/build/lib/ip_nodes/__init__.py -> /home/javierac/mounted/ws/install/ip_nodes/lib/python3.12/site-packages/ip_nodes
[1.929s] copying /home/javierac/mounted/ws/build/ip_nodes/build/lib/ip_nodes/subscriber_member_function.py -> /home/javierac/mounted/ws/install/ip_nodes/lib/python3.12/site-packages/ip_nodes
[1.929s] copying /home/javierac/mounted/ws/build/ip_nodes/build/lib/ip_nodes/publisher_member_function.py -> /home/javierac/mounted/ws/install/ip_nodes/lib/python3.12/site-packages/ip_nodes
[1.930s] byte-compiling /home/javierac/mounted/ws/install/ip_nodes/lib/python3.12/site-packages/ip_nodes/__init__.py to __init__.cpython-312.pyc
[1.930s] byte-compiling /home/javierac/mounted/ws/install/ip_nodes/lib/python3.12/site-packages/ip_nodes/subscriber_member_function.py to subscriber_member_function.cpython-312.pyc
[1.931s] byte-compiling /home/javierac/mounted/ws/install/ip_nodes/lib/python3.12/site-packages/ip_nodes/publisher_member_function.py to publisher_member_function.cpython-312.pyc
[1.933s] running install_data
[1.933s] copying resource/ip_nodes -> /home/javierac/mounted/ws/install/ip_nodes/share/ament_index/resource_index/packages
[1.934s] copying package.xml -> /home/javierac/mounted/ws/install/ip_nodes/share/ip_nodes
[1.934s] running install_egg_info
[1.955s] Copying ../../build/ip_nodes/ip_nodes.egg-info to /home/javierac/mounted/ws/install/ip_nodes/lib/python3.12/site-packages/ip_nodes-0.0.0-py3.12.egg-info
[1.957s] running install_scripts
[2.110s] Installing listener script to /home/javierac/mounted/ws/install/ip_nodes/lib/ip_nodes
[2.110s] Installing talker script to /home/javierac/mounted/ws/install/ip_nodes/lib/ip_nodes
[2.111s] writing list of installed files to '/home/javierac/mounted/ws/build/ip_nodes/install.log'
[2.158s] Invoked command in '/home/javierac/mounted/ws/src/ip_nodes' returned '0': PYTHONPATH=/home/javierac/mounted/ws/build/ip_nodes/prefix_override:/usr/lib/python3/dist-packages/colcon_core/task/python/colcon_distutils_commands:/home/javierac/mounted/ws/install/ip_nodes/lib/python3.12/site-packages:${PYTHONPATH} /usr/bin/python3 -W ignore:setup.py install is deprecated setup.py egg_info --egg-base ../../build/ip_nodes build --build-base /home/javierac/mounted/ws/build/ip_nodes/build install --record /home/javierac/mounted/ws/build/ip_nodes/install.log --single-version-externally-managed install_data --force
