running egg_info
creating ../../../build/pid_gen/pid_gen.egg-info
writing ../../../build/pid_gen/pid_gen.egg-info/PKG-INFO
writing dependency_links to ../../../build/pid_gen/pid_gen.egg-info/dependency_links.txt
writing entry points to ../../../build/pid_gen/pid_gen.egg-info/entry_points.txt
writing requirements to ../../../build/pid_gen/pid_gen.egg-info/requires.txt
writing top-level names to ../../../build/pid_gen/pid_gen.egg-info/top_level.txt
writing manifest file '../../../build/pid_gen/pid_gen.egg-info/SOURCES.txt'
reading manifest file '../../../build/pid_gen/pid_gen.egg-info/SOURCES.txt'
writing manifest file '../../../build/pid_gen/pid_gen.egg-info/SOURCES.txt'
running build
running build_py
creating /home/javierac/eduros2_lego/build/pid_gen/build
creating /home/javierac/eduros2_lego/build/pid_gen/build/lib
creating /home/javierac/eduros2_lego/build/pid_gen/build/lib/pid_gen
copying pid_gen/__init__.py -> /home/javierac/eduros2_lego/build/pid_gen/build/lib/pid_gen
copying pid_gen/zuzen_objektuarenganaino copy.py -> /home/javierac/eduros2_lego/build/pid_gen/build/lib/pid_gen
copying pid_gen/zuzen_objektuarenganaino.py -> /home/javierac/eduros2_lego/build/pid_gen/build/lib/pid_gen
running install
running install_lib
creating /home/javierac/eduros2_lego/install/pid_gen/lib/python3.12/site-packages/pid_gen
copying /home/javierac/eduros2_lego/build/pid_gen/build/lib/pid_gen/__init__.py -> /home/javierac/eduros2_lego/install/pid_gen/lib/python3.12/site-packages/pid_gen
copying /home/javierac/eduros2_lego/build/pid_gen/build/lib/pid_gen/zuzen_objektuarenganaino copy.py -> /home/javierac/eduros2_lego/install/pid_gen/lib/python3.12/site-packages/pid_gen
copying /home/javierac/eduros2_lego/build/pid_gen/build/lib/pid_gen/zuzen_objektuarenganaino.py -> /home/javierac/eduros2_lego/install/pid_gen/lib/python3.12/site-packages/pid_gen
byte-compiling /home/javierac/eduros2_lego/install/pid_gen/lib/python3.12/site-packages/pid_gen/__init__.py to __init__.cpython-312.pyc
byte-compiling /home/javierac/eduros2_lego/install/pid_gen/lib/python3.12/site-packages/pid_gen/zuzen_objektuarenganaino copy.py to zuzen_objektuarenganaino copy.cpython-312.pyc
byte-compiling /home/javierac/eduros2_lego/install/pid_gen/lib/python3.12/site-packages/pid_gen/zuzen_objektuarenganaino.py to zuzen_objektuarenganaino.cpython-312.pyc
running install_data
creating /home/javierac/eduros2_lego/install/pid_gen/share/ament_index
creating /home/javierac/eduros2_lego/install/pid_gen/share/ament_index/resource_index
creating /home/javierac/eduros2_lego/install/pid_gen/share/ament_index/resource_index/packages
copying resource/pid_gen -> /home/javierac/eduros2_lego/install/pid_gen/share/ament_index/resource_index/packages
copying package.xml -> /home/javierac/eduros2_lego/install/pid_gen/share/pid_gen
creating /home/javierac/eduros2_lego/install/pid_gen/share/pid_gen/launch
copying pid_gen/launch/zuzen_objektuarenganaino.py -> /home/javierac/eduros2_lego/install/pid_gen/share/pid_gen/launch
creating /home/javierac/eduros2_lego/install/pid_gen/share/pid_gen/config
copying pid_gen/config/params.yaml -> /home/javierac/eduros2_lego/install/pid_gen/share/pid_gen/config
running install_egg_info
Copying ../../../build/pid_gen/pid_gen.egg-info to /home/javierac/eduros2_lego/install/pid_gen/lib/python3.12/site-packages/pid_gen-0.0.0-py3.12.egg-info
running install_scripts
Installing zuzen_objektuarenganaino script to /home/javierac/eduros2_lego/install/pid_gen/lib/pid_gen
writing list of installed files to '/home/javierac/eduros2_lego/build/pid_gen/install.log'
