[0.956s] Invoking command in '/home/javierac/eduros2_lego/ws/src/pid_gen': PYTHONPATH=/home/javierac/eduros2_lego/build/pid_gen/prefix_override:/usr/lib/python3/dist-packages/colcon_core/task/python/colcon_distutils_commands:/home/javierac/eduros2_lego/install/pid_gen/lib/python3.12/site-packages:${PYTHONPATH} /usr/bin/python3 -W ignore:setup.py install is deprecated -W ignore:easy_install command is deprecated setup.py egg_info --egg-base ../../../build/pid_gen build --build-base /home/javierac/eduros2_lego/build/pid_gen/build install --record /home/javierac/eduros2_lego/build/pid_gen/install.log --single-version-externally-managed install_data
[1.179s] running egg_info
[1.179s] creating ../../../build/pid_gen/pid_gen.egg-info
[1.193s] writing ../../../build/pid_gen/pid_gen.egg-info/PKG-INFO
[1.193s] writing dependency_links to ../../../build/pid_gen/pid_gen.egg-info/dependency_links.txt
[1.193s] writing entry points to ../../../build/pid_gen/pid_gen.egg-info/entry_points.txt
[1.193s] writing requirements to ../../../build/pid_gen/pid_gen.egg-info/requires.txt
[1.193s] writing top-level names to ../../../build/pid_gen/pid_gen.egg-info/top_level.txt
[1.193s] writing manifest file '../../../build/pid_gen/pid_gen.egg-info/SOURCES.txt'
[1.221s] reading manifest file '../../../build/pid_gen/pid_gen.egg-info/SOURCES.txt'
[1.222s] writing manifest file '../../../build/pid_gen/pid_gen.egg-info/SOURCES.txt'
[1.222s] running build
[1.222s] running build_py
[1.223s] creating /home/javierac/eduros2_lego/build/pid_gen/build
[1.223s] creating /home/javierac/eduros2_lego/build/pid_gen/build/lib
[1.223s] creating /home/javierac/eduros2_lego/build/pid_gen/build/lib/pid_gen
[1.223s] copying pid_gen/__init__.py -> /home/javierac/eduros2_lego/build/pid_gen/build/lib/pid_gen
[1.223s] copying pid_gen/zuzen_objektuarenganaino copy.py -> /home/javierac/eduros2_lego/build/pid_gen/build/lib/pid_gen
[1.223s] copying pid_gen/zuzen_objektuarenganaino.py -> /home/javierac/eduros2_lego/build/pid_gen/build/lib/pid_gen
[1.223s] running install
[1.229s] running install_lib
[1.243s] creating /home/javierac/eduros2_lego/install/pid_gen/lib/python3.12/site-packages/pid_gen
[1.243s] copying /home/javierac/eduros2_lego/build/pid_gen/build/lib/pid_gen/__init__.py -> /home/javierac/eduros2_lego/install/pid_gen/lib/python3.12/site-packages/pid_gen
[1.243s] copying /home/javierac/eduros2_lego/build/pid_gen/build/lib/pid_gen/zuzen_objektuarenganaino copy.py -> /home/javierac/eduros2_lego/install/pid_gen/lib/python3.12/site-packages/pid_gen
[1.243s] copying /home/javierac/eduros2_lego/build/pid_gen/build/lib/pid_gen/zuzen_objektuarenganaino.py -> /home/javierac/eduros2_lego/install/pid_gen/lib/python3.12/site-packages/pid_gen
[1.243s] byte-compiling /home/javierac/eduros2_lego/install/pid_gen/lib/python3.12/site-packages/pid_gen/__init__.py to __init__.cpython-312.pyc
[1.243s] byte-compiling /home/javierac/eduros2_lego/install/pid_gen/lib/python3.12/site-packages/pid_gen/zuzen_objektuarenganaino copy.py to zuzen_objektuarenganaino copy.cpython-312.pyc
[1.245s] byte-compiling /home/javierac/eduros2_lego/install/pid_gen/lib/python3.12/site-packages/pid_gen/zuzen_objektuarenganaino.py to zuzen_objektuarenganaino.cpython-312.pyc
[1.247s] running install_data
[1.247s] creating /home/javierac/eduros2_lego/install/pid_gen/share/ament_index
[1.247s] creating /home/javierac/eduros2_lego/install/pid_gen/share/ament_index/resource_index
[1.247s] creating /home/javierac/eduros2_lego/install/pid_gen/share/ament_index/resource_index/packages
[1.247s] copying resource/pid_gen -> /home/javierac/eduros2_lego/install/pid_gen/share/ament_index/resource_index/packages
[1.247s] copying package.xml -> /home/javierac/eduros2_lego/install/pid_gen/share/pid_gen
[1.247s] creating /home/javierac/eduros2_lego/install/pid_gen/share/pid_gen/launch
[1.247s] copying pid_gen/launch/zuzen_objektuarenganaino.py -> /home/javierac/eduros2_lego/install/pid_gen/share/pid_gen/launch
[1.247s] creating /home/javierac/eduros2_lego/install/pid_gen/share/pid_gen/config
[1.247s] copying pid_gen/config/params.yaml -> /home/javierac/eduros2_lego/install/pid_gen/share/pid_gen/config
[1.247s] running install_egg_info
[1.262s] Copying ../../../build/pid_gen/pid_gen.egg-info to /home/javierac/eduros2_lego/install/pid_gen/lib/python3.12/site-packages/pid_gen-0.0.0-py3.12.egg-info
[1.263s] running install_scripts
[1.368s] Installing zuzen_objektuarenganaino script to /home/javierac/eduros2_lego/install/pid_gen/lib/pid_gen
[1.368s] writing list of installed files to '/home/javierac/eduros2_lego/build/pid_gen/install.log'
[1.394s] Invoked command in '/home/javierac/eduros2_lego/ws/src/pid_gen' returned '0': PYTHONPATH=/home/javierac/eduros2_lego/build/pid_gen/prefix_override:/usr/lib/python3/dist-packages/colcon_core/task/python/colcon_distutils_commands:/home/javierac/eduros2_lego/install/pid_gen/lib/python3.12/site-packages:${PYTHONPATH} /usr/bin/python3 -W ignore:setup.py install is deprecated -W ignore:easy_install command is deprecated setup.py egg_info --egg-base ../../../build/pid_gen build --build-base /home/javierac/eduros2_lego/build/pid_gen/build install --record /home/javierac/eduros2_lego/build/pid_gen/install.log --single-version-externally-managed install_data
