[1.116s] Invoking command in '/home/javierac/mounted/ws/src/ip_nodes': PYTHONPATH=/home/javierac/mounted/ws/build/ip_nodes/prefix_override:/usr/lib/python3/dist-packages/colcon_core/task/python/colcon_distutils_commands:/home/javierac/mounted/ws/install/ip_nodes/lib/python3.12/site-packages:${PYTHONPATH} /usr/bin/python3 -W ignore:setup.py install is deprecated -W ignore:easy_install command is deprecated setup.py egg_info --egg-base ../../build/ip_nodes build --build-base /home/javierac/mounted/ws/build/ip_nodes/build install --record /home/javierac/mounted/ws/build/ip_nodes/install.log --single-version-externally-managed install_data
[1.434s] running egg_info
[1.455s] writing ../../build/ip_nodes/ip_nodes.egg-info/PKG-INFO
[1.455s] writing dependency_links to ../../build/ip_nodes/ip_nodes.egg-info/dependency_links.txt
[1.455s] writing entry points to ../../build/ip_nodes/ip_nodes.egg-info/entry_points.txt
[1.456s] writing requirements to ../../build/ip_nodes/ip_nodes.egg-info/requires.txt
[1.456s] writing top-level names to ../../build/ip_nodes/ip_nodes.egg-info/top_level.txt
[1.497s] reading manifest file '../../build/ip_nodes/ip_nodes.egg-info/SOURCES.txt'
[1.498s] adding license file 'LICENSE'
[1.499s] writing manifest file '../../build/ip_nodes/ip_nodes.egg-info/SOURCES.txt'
[1.499s] running build
[1.499s] running build_py
[1.499s] copying ip_nodes/joint_states.py -> /home/javierac/mounted/ws/build/ip_nodes/build/lib/ip_nodes
[1.500s] running install
[1.508s] running install_lib
[1.529s] copying /home/javierac/mounted/ws/build/ip_nodes/build/lib/ip_nodes/joint_states.py -> /home/javierac/mounted/ws/install/ip_nodes/lib/python3.12/site-packages/ip_nodes
[1.531s] byte-compiling /home/javierac/mounted/ws/install/ip_nodes/lib/python3.12/site-packages/ip_nodes/joint_states.py to joint_states.cpython-312.pyc
[1.532s] running install_data
[1.532s] running install_egg_info
[1.554s] removing '/home/javierac/mounted/ws/install/ip_nodes/lib/python3.12/site-packages/ip_nodes-0.0.0-py3.12.egg-info' (and everything under it)
[1.554s] Copying ../../build/ip_nodes/ip_nodes.egg-info to /home/javierac/mounted/ws/install/ip_nodes/lib/python3.12/site-packages/ip_nodes-0.0.0-py3.12.egg-info
[1.555s] running install_scripts
[1.699s] Installing biraketa_sentsorea script to /home/javierac/mounted/ws/install/ip_nodes/lib/ip_nodes
[1.699s] Installing joint_states script to /home/javierac/mounted/ws/install/ip_nodes/lib/ip_nodes
[1.699s] Installing mugimendu_motorrak script to /home/javierac/mounted/ws/install/ip_nodes/lib/ip_nodes
[1.700s] Installing teklatua script to /home/javierac/mounted/ws/install/ip_nodes/lib/ip_nodes
[1.700s] Installing ultrasoinu_sentsorea script to /home/javierac/mounted/ws/install/ip_nodes/lib/ip_nodes
[1.700s] writing list of installed files to '/home/javierac/mounted/ws/build/ip_nodes/install.log'
[1.741s] Invoked command in '/home/javierac/mounted/ws/src/ip_nodes' returned '0': PYTHONPATH=/home/javierac/mounted/ws/build/ip_nodes/prefix_override:/usr/lib/python3/dist-packages/colcon_core/task/python/colcon_distutils_commands:/home/javierac/mounted/ws/install/ip_nodes/lib/python3.12/site-packages:${PYTHONPATH} /usr/bin/python3 -W ignore:setup.py install is deprecated -W ignore:easy_install command is deprecated setup.py egg_info --egg-base ../../build/ip_nodes build --build-base /home/javierac/mounted/ws/build/ip_nodes/build install --record /home/javierac/mounted/ws/build/ip_nodes/install.log --single-version-externally-managed install_data
