running egg_info
writing ../../build/ip_nodes/ip_nodes.egg-info/PKG-INFO
writing dependency_links to ../../build/ip_nodes/ip_nodes.egg-info/dependency_links.txt
writing entry points to ../../build/ip_nodes/ip_nodes.egg-info/entry_points.txt
writing requirements to ../../build/ip_nodes/ip_nodes.egg-info/requires.txt
writing top-level names to ../../build/ip_nodes/ip_nodes.egg-info/top_level.txt
reading manifest file '../../build/ip_nodes/ip_nodes.egg-info/SOURCES.txt'
adding license file 'LICENSE'
writing manifest file '../../build/ip_nodes/ip_nodes.egg-info/SOURCES.txt'
running build
running build_py
copying ip_nodes/teklatua.py -> /home/javierac/mounted/ws/build/ip_nodes/build/lib/ip_nodes
copying ip_nodes/motorrak.py -> /home/javierac/mounted/ws/build/ip_nodes/build/lib/ip_nodes
running install
running install_lib
copying /home/javierac/mounted/ws/build/ip_nodes/build/lib/ip_nodes/teklatua.py -> /home/javierac/mounted/ws/install/ip_nodes/lib/python3.12/site-packages/ip_nodes
copying /home/javierac/mounted/ws/build/ip_nodes/build/lib/ip_nodes/motorrak.py -> /home/javierac/mounted/ws/install/ip_nodes/lib/python3.12/site-packages/ip_nodes
byte-compiling /home/javierac/mounted/ws/install/ip_nodes/lib/python3.12/site-packages/ip_nodes/teklatua.py to teklatua.cpython-312.pyc
byte-compiling /home/javierac/mounted/ws/install/ip_nodes/lib/python3.12/site-packages/ip_nodes/motorrak.py to motorrak.cpython-312.pyc
running install_data
running install_egg_info
removing '/home/javierac/mounted/ws/install/ip_nodes/lib/python3.12/site-packages/ip_nodes-0.0.0-py3.12.egg-info' (and everything under it)
Copying ../../build/ip_nodes/ip_nodes.egg-info to /home/javierac/mounted/ws/install/ip_nodes/lib/python3.12/site-packages/ip_nodes-0.0.0-py3.12.egg-info
running install_scripts
Installing motorrak script to /home/javierac/mounted/ws/install/ip_nodes/lib/ip_nodes
Installing odom script to /home/javierac/mounted/ws/install/ip_nodes/lib/ip_nodes
Installing teklatua script to /home/javierac/mounted/ws/install/ip_nodes/lib/ip_nodes
writing list of installed files to '/home/javierac/mounted/ws/build/ip_nodes/install.log'
