[0.982s] Invoking command in '/home/javierac/mounted/ws/src/ip_nodes': PYTHONPATH=/home/javierac/mounted/ws/build/ip_nodes/prefix_override:/usr/lib/python3/dist-packages/colcon_core/task/python/colcon_distutils_commands:/home/javierac/mounted/ws/install/ip_nodes/lib/python3.12/site-packages:${PYTHONPATH} /usr/bin/python3 -W ignore:setup.py install is deprecated -W ignore:easy_install command is deprecated setup.py egg_info --egg-base ../../build/ip_nodes build --build-base /home/javierac/mounted/ws/build/ip_nodes/build install --record /home/javierac/mounted/ws/build/ip_nodes/install.log --single-version-externally-managed install_data
[1.257s] running egg_info
[1.274s] writing ../../build/ip_nodes/ip_nodes.egg-info/PKG-INFO
[1.274s] writing dependency_links to ../../build/ip_nodes/ip_nodes.egg-info/dependency_links.txt
[1.274s] writing entry points to ../../build/ip_nodes/ip_nodes.egg-info/entry_points.txt
[1.275s] writing requirements to ../../build/ip_nodes/ip_nodes.egg-info/requires.txt
[1.275s] writing top-level names to ../../build/ip_nodes/ip_nodes.egg-info/top_level.txt
[1.324s] reading manifest file '../../build/ip_nodes/ip_nodes.egg-info/SOURCES.txt'
[1.324s] adding license file 'LICENSE'
[1.325s] writing manifest file '../../build/ip_nodes/ip_nodes.egg-info/SOURCES.txt'
[1.325s] running build
[1.325s] running build_py
[1.326s] copying ip_nodes/teklatua.py -> /home/javierac/mounted/ws/build/ip_nodes/build/lib/ip_nodes
[1.326s] copying ip_nodes/motorrak.py -> /home/javierac/mounted/ws/build/ip_nodes/build/lib/ip_nodes
[1.326s] running install
[1.335s] running install_lib
[1.355s] copying /home/javierac/mounted/ws/build/ip_nodes/build/lib/ip_nodes/teklatua.py -> /home/javierac/mounted/ws/install/ip_nodes/lib/python3.12/site-packages/ip_nodes
[1.355s] copying /home/javierac/mounted/ws/build/ip_nodes/build/lib/ip_nodes/motorrak.py -> /home/javierac/mounted/ws/install/ip_nodes/lib/python3.12/site-packages/ip_nodes
[1.356s] byte-compiling /home/javierac/mounted/ws/install/ip_nodes/lib/python3.12/site-packages/ip_nodes/teklatua.py to teklatua.cpython-312.pyc
[1.357s] byte-compiling /home/javierac/mounted/ws/install/ip_nodes/lib/python3.12/site-packages/ip_nodes/motorrak.py to motorrak.cpython-312.pyc
[1.358s] running install_data
[1.358s] running install_egg_info
[1.377s] removing '/home/javierac/mounted/ws/install/ip_nodes/lib/python3.12/site-packages/ip_nodes-0.0.0-py3.12.egg-info' (and everything under it)
[1.378s] Copying ../../build/ip_nodes/ip_nodes.egg-info to /home/javierac/mounted/ws/install/ip_nodes/lib/python3.12/site-packages/ip_nodes-0.0.0-py3.12.egg-info
[1.378s] running install_scripts
[1.494s] Installing motorrak script to /home/javierac/mounted/ws/install/ip_nodes/lib/ip_nodes
[1.494s] Installing odom script to /home/javierac/mounted/ws/install/ip_nodes/lib/ip_nodes
[1.494s] Installing teklatua script to /home/javierac/mounted/ws/install/ip_nodes/lib/ip_nodes
[1.494s] writing list of installed files to '/home/javierac/mounted/ws/build/ip_nodes/install.log'
[1.527s] Invoked command in '/home/javierac/mounted/ws/src/ip_nodes' returned '0': PYTHONPATH=/home/javierac/mounted/ws/build/ip_nodes/prefix_override:/usr/lib/python3/dist-packages/colcon_core/task/python/colcon_distutils_commands:/home/javierac/mounted/ws/install/ip_nodes/lib/python3.12/site-packages:${PYTHONPATH} /usr/bin/python3 -W ignore:setup.py install is deprecated -W ignore:easy_install command is deprecated setup.py egg_info --egg-base ../../build/ip_nodes build --build-base /home/javierac/mounted/ws/build/ip_nodes/build install --record /home/javierac/mounted/ws/build/ip_nodes/install.log --single-version-externally-managed install_data
