running egg_info
writing ../../../build/eduros2_lego/eduros2_lego.egg-info/PKG-INFO
writing dependency_links to ../../../build/eduros2_lego/eduros2_lego.egg-info/dependency_links.txt
writing entry points to ../../../build/eduros2_lego/eduros2_lego.egg-info/entry_points.txt
writing requirements to ../../../build/eduros2_lego/eduros2_lego.egg-info/requires.txt
writing top-level names to ../../../build/eduros2_lego/eduros2_lego.egg-info/top_level.txt
reading manifest file '../../../build/eduros2_lego/eduros2_lego.egg-info/SOURCES.txt'
writing manifest file '../../../build/eduros2_lego/eduros2_lego.egg-info/SOURCES.txt'
running build
running build_py
copying eduros2_lego/zuzen_objektuarenganaino.py -> /home/javierac/eduros2_lego/build/eduros2_lego/build/lib/eduros2_lego
running install
running install_lib
copying /home/javierac/eduros2_lego/build/eduros2_lego/build/lib/eduros2_lego/zuzen_objektuarenganaino.py -> /home/javierac/eduros2_lego/install/eduros2_lego/lib/python3.12/site-packages/eduros2_lego
byte-compiling /home/javierac/eduros2_lego/install/eduros2_lego/lib/python3.12/site-packages/eduros2_lego/zuzen_objektuarenganaino.py to zuzen_objektuarenganaino.cpython-312.pyc
running install_data
running install_egg_info
removing '/home/javierac/eduros2_lego/install/eduros2_lego/lib/python3.12/site-packages/eduros2_lego-0.0.0-py3.12.egg-info' (and everything under it)
Copying ../../../build/eduros2_lego/eduros2_lego.egg-info to /home/javierac/eduros2_lego/install/eduros2_lego/lib/python3.12/site-packages/eduros2_lego-0.0.0-py3.12.egg-info
running install_scripts
Installing biraketa_sentsorea script to /home/javierac/eduros2_lego/install/eduros2_lego/lib/eduros2_lego
Installing joint_states script to /home/javierac/eduros2_lego/install/eduros2_lego/lib/eduros2_lego
Installing kolore_sentsorea script to /home/javierac/eduros2_lego/install/eduros2_lego/lib/eduros2_lego
Installing mando script to /home/javierac/eduros2_lego/install/eduros2_lego/lib/eduros2_lego
Installing mugimendu_motorrak script to /home/javierac/eduros2_lego/install/eduros2_lego/lib/eduros2_lego
Installing teklatua script to /home/javierac/eduros2_lego/install/eduros2_lego/lib/eduros2_lego
Installing ultrasoinu_sentsorea script to /home/javierac/eduros2_lego/install/eduros2_lego/lib/eduros2_lego
Installing zuzen_objektuarenganaino script to /home/javierac/eduros2_lego/install/eduros2_lego/lib/eduros2_lego
writing list of installed files to '/home/javierac/eduros2_lego/build/eduros2_lego/install.log'
