/home/javierac/eduros2_lego/install/eduros2_lego/lib/python3.12/site-packages/eduros2_lego/__init__.py
/home/javierac/eduros2_lego/install/eduros2_lego/lib/python3.12/site-packages/eduros2_lego/teklatua.py
/home/javierac/eduros2_lego/install/eduros2_lego/lib/python3.12/site-packages/eduros2_lego/joint_states.py
/home/javierac/eduros2_lego/install/eduros2_lego/lib/python3.12/site-packages/eduros2_lego/mando.py
/home/javierac/eduros2_lego/install/eduros2_lego/lib/python3.12/site-packages/eduros2_lego/ultrasoinu_sentsorea.py
/home/javierac/eduros2_lego/install/eduros2_lego/lib/python3.12/site-packages/eduros2_lego/mugimendu_motorrak.py
/home/javierac/eduros2_lego/install/eduros2_lego/lib/python3.12/site-packages/eduros2_lego/kolore_sentsorea.py
/home/javierac/eduros2_lego/install/eduros2_lego/lib/python3.12/site-packages/eduros2_lego/biraketa_sentsorea.py
/home/javierac/eduros2_lego/install/eduros2_lego/lib/python3.12/site-packages/eduros2_lego/zuzen_objektuarenganaino.py
/home/javierac/eduros2_lego/install/eduros2_lego/lib/python3.12/site-packages/eduros2_lego/__pycache__/__init__.cpython-312.pyc
/home/javierac/eduros2_lego/install/eduros2_lego/lib/python3.12/site-packages/eduros2_lego/__pycache__/teklatua.cpython-312.pyc
/home/javierac/eduros2_lego/install/eduros2_lego/lib/python3.12/site-packages/eduros2_lego/__pycache__/joint_states.cpython-312.pyc
/home/javierac/eduros2_lego/install/eduros2_lego/lib/python3.12/site-packages/eduros2_lego/__pycache__/mando.cpython-312.pyc
/home/javierac/eduros2_lego/install/eduros2_lego/lib/python3.12/site-packages/eduros2_lego/__pycache__/ultrasoinu_sentsorea.cpython-312.pyc
/home/javierac/eduros2_lego/install/eduros2_lego/lib/python3.12/site-packages/eduros2_lego/__pycache__/mugimendu_motorrak.cpython-312.pyc
/home/javierac/eduros2_lego/install/eduros2_lego/lib/python3.12/site-packages/eduros2_lego/__pycache__/kolore_sentsorea.cpython-312.pyc
/home/javierac/eduros2_lego/install/eduros2_lego/lib/python3.12/site-packages/eduros2_lego/__pycache__/biraketa_sentsorea.cpython-312.pyc
/home/javierac/eduros2_lego/install/eduros2_lego/lib/python3.12/site-packages/eduros2_lego/__pycache__/zuzen_objektuarenganaino.cpython-312.pyc
/home/javierac/eduros2_lego/install/eduros2_lego/share/ament_index/resource_index/packages/eduros2_lego
/home/javierac/eduros2_lego/install/eduros2_lego/share/eduros2_lego/package.xml
/home/javierac/eduros2_lego/install/eduros2_lego/share/eduros2_lego/launch/display.launch.py
/home/javierac/eduros2_lego/install/eduros2_lego/share/eduros2_lego/launch/zuzen_objektuarenganaino.py
/home/javierac/eduros2_lego/install/eduros2_lego/share/eduros2_lego/launch/zuzen_pid_objektuarenganaino.py
/home/javierac/eduros2_lego/install/eduros2_lego/share/eduros2_lego/launch/fuzzy_zuzen.py
/home/javierac/eduros2_lego/install/eduros2_lego/share/eduros2_lego/launch/fuzzy_nn_zuzen.py
/home/javierac/eduros2_lego/install/eduros2_lego/share/eduros2_lego/config/params.yaml
/home/javierac/eduros2_lego/install/eduros2_lego/share/eduros2_lego/sim/robot.urdf
/home/javierac/eduros2_lego/install/eduros2_lego/share/eduros2_lego/sim/conf.rviz
/home/javierac/eduros2_lego/install/eduros2_lego/lib/python3.12/site-packages/eduros2_lego-0.0.0-py3.12.egg-info/dependency_links.txt
/home/javierac/eduros2_lego/install/eduros2_lego/lib/python3.12/site-packages/eduros2_lego-0.0.0-py3.12.egg-info/PKG-INFO
/home/javierac/eduros2_lego/install/eduros2_lego/lib/python3.12/site-packages/eduros2_lego-0.0.0-py3.12.egg-info/entry_points.txt
/home/javierac/eduros2_lego/install/eduros2_lego/lib/python3.12/site-packages/eduros2_lego-0.0.0-py3.12.egg-info/SOURCES.txt
/home/javierac/eduros2_lego/install/eduros2_lego/lib/python3.12/site-packages/eduros2_lego-0.0.0-py3.12.egg-info/requires.txt
/home/javierac/eduros2_lego/install/eduros2_lego/lib/python3.12/site-packages/eduros2_lego-0.0.0-py3.12.egg-info/zip-safe
/home/javierac/eduros2_lego/install/eduros2_lego/lib/python3.12/site-packages/eduros2_lego-0.0.0-py3.12.egg-info/top_level.txt
/home/javierac/eduros2_lego/install/eduros2_lego/lib/eduros2_lego/biraketa_sentsorea
/home/javierac/eduros2_lego/install/eduros2_lego/lib/eduros2_lego/joint_states
/home/javierac/eduros2_lego/install/eduros2_lego/lib/eduros2_lego/kolore_sentsorea
/home/javierac/eduros2_lego/install/eduros2_lego/lib/eduros2_lego/mando
/home/javierac/eduros2_lego/install/eduros2_lego/lib/eduros2_lego/mugimendu_motorrak
/home/javierac/eduros2_lego/install/eduros2_lego/lib/eduros2_lego/teklatua
/home/javierac/eduros2_lego/install/eduros2_lego/lib/eduros2_lego/ultrasoinu_sentsorea
/home/javierac/eduros2_lego/install/eduros2_lego/lib/eduros2_lego/zuzen_objektuarenganaino
