/home/javierac/mounted/ws/install/ip_nodes/lib/python3.12/site-packages/ip_nodes/__init__.py
/home/javierac/mounted/ws/install/ip_nodes/lib/python3.12/site-packages/ip_nodes/teklatua.py
/home/javierac/mounted/ws/install/ip_nodes/lib/python3.12/site-packages/ip_nodes/joint_states.py
/home/javierac/mounted/ws/install/ip_nodes/lib/python3.12/site-packages/ip_nodes/mando.py
/home/javierac/mounted/ws/install/ip_nodes/lib/python3.12/site-packages/ip_nodes/ultrasoinu_sentsorea.py
/home/javierac/mounted/ws/install/ip_nodes/lib/python3.12/site-packages/ip_nodes/mugimendu_motorrak.py
/home/javierac/mounted/ws/install/ip_nodes/lib/python3.12/site-packages/ip_nodes/biraketa_sentsorea.py
/home/javierac/mounted/ws/install/ip_nodes/lib/python3.12/site-packages/ip_nodes/mando copy.py
/home/javierac/mounted/ws/install/ip_nodes/lib/python3.12/site-packages/ip_nodes/__pycache__/__init__.cpython-312.pyc
/home/javierac/mounted/ws/install/ip_nodes/lib/python3.12/site-packages/ip_nodes/__pycache__/teklatua.cpython-312.pyc
/home/javierac/mounted/ws/install/ip_nodes/lib/python3.12/site-packages/ip_nodes/__pycache__/joint_states.cpython-312.pyc
/home/javierac/mounted/ws/install/ip_nodes/lib/python3.12/site-packages/ip_nodes/__pycache__/mando.cpython-312.pyc
/home/javierac/mounted/ws/install/ip_nodes/lib/python3.12/site-packages/ip_nodes/__pycache__/ultrasoinu_sentsorea.cpython-312.pyc
/home/javierac/mounted/ws/install/ip_nodes/lib/python3.12/site-packages/ip_nodes/__pycache__/mugimendu_motorrak.cpython-312.pyc
/home/javierac/mounted/ws/install/ip_nodes/lib/python3.12/site-packages/ip_nodes/__pycache__/biraketa_sentsorea.cpython-312.pyc
/home/javierac/mounted/ws/install/ip_nodes/lib/python3.12/site-packages/ip_nodes/__pycache__/mando copy.cpython-312.pyc
/home/javierac/mounted/ws/install/ip_nodes/share/ament_index/resource_index/packages/ip_nodes
/home/javierac/mounted/ws/install/ip_nodes/share/ip_nodes/package.xml
/home/javierac/mounted/ws/install/ip_nodes/share/ip_nodes/launch/display.launch.py
/home/javierac/mounted/ws/install/ip_nodes/lib/python3.12/site-packages/ip_nodes-0.0.0-py3.12.egg-info/dependency_links.txt
/home/javierac/mounted/ws/install/ip_nodes/lib/python3.12/site-packages/ip_nodes-0.0.0-py3.12.egg-info/PKG-INFO
/home/javierac/mounted/ws/install/ip_nodes/lib/python3.12/site-packages/ip_nodes-0.0.0-py3.12.egg-info/entry_points.txt
/home/javierac/mounted/ws/install/ip_nodes/lib/python3.12/site-packages/ip_nodes-0.0.0-py3.12.egg-info/SOURCES.txt
/home/javierac/mounted/ws/install/ip_nodes/lib/python3.12/site-packages/ip_nodes-0.0.0-py3.12.egg-info/requires.txt
/home/javierac/mounted/ws/install/ip_nodes/lib/python3.12/site-packages/ip_nodes-0.0.0-py3.12.egg-info/zip-safe
/home/javierac/mounted/ws/install/ip_nodes/lib/python3.12/site-packages/ip_nodes-0.0.0-py3.12.egg-info/top_level.txt
/home/javierac/mounted/ws/install/ip_nodes/lib/ip_nodes/biraketa_sentsorea
/home/javierac/mounted/ws/install/ip_nodes/lib/ip_nodes/joint_states
/home/javierac/mounted/ws/install/ip_nodes/lib/ip_nodes/mando
/home/javierac/mounted/ws/install/ip_nodes/lib/ip_nodes/mugimendu_motorrak
/home/javierac/mounted/ws/install/ip_nodes/lib/ip_nodes/teklatua
/home/javierac/mounted/ws/install/ip_nodes/lib/ip_nodes/ultrasoinu_sentsorea
