-- The C compiler identification is GNU 13.3.0
-- The CXX compiler identification is GNU 13.3.0
-- Detecting C compiler ABI info
-- Detecting C compiler ABI info - done
-- Check for working C compiler: /usr/bin/cc - skipped
-- Detecting C compile features
-- Detecting C compile features - done
-- Detecting CXX compiler ABI info
-- Detecting CXX compiler ABI info - done
-- Check for working CXX compiler: /usr/bin/c++ - skipped
-- Detecting CXX compile features
-- Detecting CXX compile features - done
-- Found ament_cmake: 2.5.4 (/opt/ros/jazzy/share/ament_cmake/cmake)
-- Found Python3: /usr/bin/python3 (found version "3.12.3") found components: Interpreter 
-- Found geometry_msgs: 5.3.6 (/opt/ros/jazzy/share/geometry_msgs/cmake)
-- Found rosidl_generator_c: 4.6.5 (/opt/ros/jazzy/share/rosidl_generator_c/cmake)
-- Found rosidl_generator_cpp: 4.6.5 (/opt/ros/jazzy/share/rosidl_generator_cpp/cmake)
-- Using all available rosidl_typesupport_c: rosidl_typesupport_fastrtps_c;rosidl_typesupport_introspection_c
-- Using all available rosidl_typesupport_cpp: rosidl_typesupport_fastrtps_cpp;rosidl_typesupport_introspection_cpp
-- Found rosidl_default_generators: 1.6.0 (/opt/ros/jazzy/share/rosidl_default_generators/cmake)
-- Found rosidl_adapter: 4.6.5 (/opt/ros/jazzy/share/rosidl_adapter/cmake)
-- Found action_msgs: 2.0.2 (/opt/ros/jazzy/share/action_msgs/cmake)
-- Found sensor_msgs: 5.3.6 (/opt/ros/jazzy/share/sensor_msgs/cmake)
-- Found ament_cmake_ros: 0.12.0 (/opt/ros/jazzy/share/ament_cmake_ros/cmake)
-- Using all available rosidl_typesupport_c: rosidl_typesupport_fastrtps_c;rosidl_typesupport_introspection_c
-- Using all available rosidl_typesupport_cpp: rosidl_typesupport_fastrtps_cpp;rosidl_typesupport_introspection_cpp
-- Found python_cmake_module: 0.11.1 (/opt/ros/jazzy/share/python_cmake_module/cmake)
-- Found PythonExtra: /usr/bin/python3  
-- Found Python3: /usr/bin/python3 (found version "3.12.3") found components: Interpreter Development NumPy Development.Module Development.Embed 
-- Found ament_lint_auto: 0.17.2 (/opt/ros/jazzy/share/ament_lint_auto/cmake)
-- Added test 'lint_cmake' to check CMake code style
-- Added test 'xmllint' to check XML markup files
-- Configuring done (4.4s)
-- Generating done (0.0s)
-- Build files have been written to: /home/javierac/eduros2_lego/build/mezuak
[  1%] [34m[1mGenerating type hashes for ROS interfaces[0m
[  1%] Built target ament_cmake_python_copy_mezuak
running egg_info
creating mezuak.egg-info
writing mezuak.egg-info/PKG-INFO
writing dependency_links to mezuak.egg-info/dependency_links.txt
writing top-level names to mezuak.egg-info/top_level.txt
writing manifest file 'mezuak.egg-info/SOURCES.txt'
reading manifest file 'mezuak.egg-info/SOURCES.txt'
writing manifest file 'mezuak.egg-info/SOURCES.txt'
[  1%] Built target mezuak__rosidl_generator_type_description
[  1%] Built target ament_cmake_python_build_mezuak_egg
[  3%] [34m[1mGenerating C code for ROS interfaces[0m
[  5%] [34m[1mGenerating C++ code for ROS interfaces[0m
[  5%] Built target mezuak__cpp
[ 12%] [32mBuilding C object CMakeFiles/mezuak__rosidl_generator_c.dir/rosidl_generator_c/mezuak/msg/detail/islatutako_argia__functions.c.o[0m
[ 12%] [32mBuilding C object CMakeFiles/mezuak__rosidl_generator_c.dir/rosidl_generator_c/mezuak/msg/detail/ikas_datuak__description.c.o[0m
[ 12%] [32mBuilding C object CMakeFiles/mezuak__rosidl_generator_c.dir/rosidl_generator_c/mezuak/msg/detail/islatutako_argia__type_support.c.o[0m
[ 14%] [32mBuilding C object CMakeFiles/mezuak__rosidl_generator_c.dir/rosidl_generator_c/mezuak/msg/detail/ikas_datuak__functions.c.o[0m
[ 12%] [32mBuilding C object CMakeFiles/mezuak__rosidl_generator_c.dir/rosidl_generator_c/mezuak/msg/detail/mugimendu_kodetzaileak__description.c.o[0m
[ 16%] [32mBuilding C object CMakeFiles/mezuak__rosidl_generator_c.dir/rosidl_generator_c/mezuak/msg/detail/ikas_datuak__type_support.c.o[0m
[ 20%] [32mBuilding C object CMakeFiles/mezuak__rosidl_generator_c.dir/rosidl_generator_c/mezuak/msg/detail/mugimendu_kodetzaileak__functions.c.o[0m
[ 20%] [32mBuilding C object CMakeFiles/mezuak__rosidl_generator_c.dir/rosidl_generator_c/mezuak/msg/detail/mugimendu_kodetzaileak__type_support.c.o[0m
[ 22%] [32mBuilding C object CMakeFiles/mezuak__rosidl_generator_c.dir/rosidl_generator_c/mezuak/msg/detail/islatutako_argia__description.c.o[0m
[ 24%] [32m[1mLinking C shared library libmezuak__rosidl_generator_c.so[0m
[ 24%] Built target mezuak__rosidl_generator_c
[ 25%] [34m[1mGenerating C introspection for ROS interfaces[0m
[ 27%] [34m[1mGenerating C++ introspection for ROS interfaces[0m
[ 29%] [34m[1mGenerating C type support dispatch for ROS interfaces[0m
[ 31%] [34m[1mGenerating C++ type support dispatch for ROS interfaces[0m
[ 33%] [34m[1mGenerating C type support for eProsima Fast-RTPS[0m
[ 35%] [34m[1mGenerating C++ type support for eProsima Fast-RTPS[0m
[ 40%] [32mBuilding CXX object CMakeFiles/mezuak__rosidl_typesupport_cpp.dir/rosidl_typesupport_cpp/mezuak/msg/mugimendu_kodetzaileak__type_support.cpp.o[0m
[ 40%] [32mBuilding CXX object CMakeFiles/mezuak__rosidl_typesupport_cpp.dir/rosidl_typesupport_cpp/mezuak/msg/ikas_datuak__type_support.cpp.o[0m
[ 40%] [32mBuilding CXX object CMakeFiles/mezuak__rosidl_typesupport_cpp.dir/rosidl_typesupport_cpp/mezuak/msg/islatutako_argia__type_support.cpp.o[0m
[ 42%] [32mBuilding CXX object CMakeFiles/mezuak__rosidl_typesupport_c.dir/rosidl_typesupport_c/mezuak/msg/islatutako_argia__type_support.cpp.o[0m
[ 44%] [32mBuilding CXX object CMakeFiles/mezuak__rosidl_typesupport_c.dir/rosidl_typesupport_c/mezuak/msg/ikas_datuak__type_support.cpp.o[0m
[ 46%] [32mBuilding CXX object CMakeFiles/mezuak__rosidl_typesupport_c.dir/rosidl_typesupport_c/mezuak/msg/mugimendu_kodetzaileak__type_support.cpp.o[0m
[ 50%] [32mBuilding C object CMakeFiles/mezuak__rosidl_typesupport_introspection_c.dir/rosidl_typesupport_introspection_c/mezuak/msg/detail/islatutako_argia__type_support.c.o[0m
[ 50%] [32mBuilding CXX object CMakeFiles/mezuak__rosidl_typesupport_introspection_cpp.dir/rosidl_typesupport_introspection_cpp/mezuak/msg/detail/mugimendu_kodetzaileak__type_support.cpp.o[0m
[ 51%] [32mBuilding CXX object CMakeFiles/mezuak__rosidl_typesupport_introspection_cpp.dir/rosidl_typesupport_introspection_cpp/mezuak/msg/detail/islatutako_argia__type_support.cpp.o[0m
[ 53%] [32mBuilding C object CMakeFiles/mezuak__rosidl_typesupport_introspection_c.dir/rosidl_typesupport_introspection_c/mezuak/msg/detail/ikas_datuak__type_support.c.o[0m
[ 57%] [32mBuilding CXX object CMakeFiles/mezuak__rosidl_typesupport_introspection_cpp.dir/rosidl_typesupport_introspection_cpp/mezuak/msg/detail/ikas_datuak__type_support.cpp.o[0m
[ 57%] [32mBuilding C object CMakeFiles/mezuak__rosidl_typesupport_introspection_c.dir/rosidl_typesupport_introspection_c/mezuak/msg/detail/mugimendu_kodetzaileak__type_support.c.o[0m
[ 62%] [32mBuilding CXX object CMakeFiles/mezuak__rosidl_typesupport_fastrtps_c.dir/rosidl_typesupport_fastrtps_c/mezuak/msg/detail/mugimendu_kodetzaileak__type_support_c.cpp.o[0m
[ 62%] [32mBuilding CXX object CMakeFiles/mezuak__rosidl_typesupport_fastrtps_c.dir/rosidl_typesupport_fastrtps_c/mezuak/msg/detail/islatutako_argia__type_support_c.cpp.o[0m
[ 62%] [32mBuilding CXX object CMakeFiles/mezuak__rosidl_typesupport_fastrtps_c.dir/rosidl_typesupport_fastrtps_c/mezuak/msg/detail/ikas_datuak__type_support_c.cpp.o[0m
[ 64%] [32m[1mLinking CXX shared library libmezuak__rosidl_typesupport_c.so[0m
[ 66%] [32mBuilding CXX object CMakeFiles/mezuak__rosidl_typesupport_fastrtps_cpp.dir/rosidl_typesupport_fastrtps_cpp/mezuak/msg/detail/dds_fastrtps/mugimendu_kodetzaileak__type_support.cpp.o[0m
[ 68%] [32mBuilding CXX object CMakeFiles/mezuak__rosidl_typesupport_fastrtps_cpp.dir/rosidl_typesupport_fastrtps_cpp/mezuak/msg/detail/dds_fastrtps/islatutako_argia__type_support.cpp.o[0m
[ 70%] [32mBuilding CXX object CMakeFiles/mezuak__rosidl_typesupport_fastrtps_cpp.dir/rosidl_typesupport_fastrtps_cpp/mezuak/msg/detail/dds_fastrtps/ikas_datuak__type_support.cpp.o[0m
[ 72%] [32m[1mLinking C shared library libmezuak__rosidl_typesupport_introspection_c.so[0m
[ 72%] Built target mezuak__rosidl_typesupport_c
[ 72%] Built target mezuak__rosidl_typesupport_introspection_c
[ 74%] [32m[1mLinking CXX shared library libmezuak__rosidl_typesupport_introspection_cpp.so[0m
[ 75%] [32m[1mLinking CXX shared library libmezuak__rosidl_typesupport_cpp.so[0m
[ 77%] [32m[1mLinking CXX shared library libmezuak__rosidl_typesupport_fastrtps_cpp.so[0m
[ 77%] Built target mezuak__rosidl_typesupport_introspection_cpp
[ 77%] Built target mezuak__rosidl_typesupport_cpp
[ 77%] Built target mezuak__rosidl_typesupport_fastrtps_cpp
[ 79%] [32m[1mLinking CXX shared library libmezuak__rosidl_typesupport_fastrtps_c.so[0m
[ 79%] Built target mezuak__rosidl_typesupport_fastrtps_c
[ 79%] Built target mezuak
[ 81%] [34m[1mGenerating Python code for ROS interfaces[0m
[ 81%] Built target mezuak__py
[ 83%] [32mBuilding C object CMakeFiles/mezuak__rosidl_generator_py.dir/rosidl_generator_py/mezuak/msg/_islatutako_argia_s.c.o[0m
[ 85%] [32mBuilding C object CMakeFiles/mezuak__rosidl_generator_py.dir/rosidl_generator_py/mezuak/msg/_mugimendu_kodetzaileak_s.c.o[0m
[ 87%] [32mBuilding C object CMakeFiles/mezuak__rosidl_generator_py.dir/rosidl_generator_py/mezuak/msg/_ikas_datuak_s.c.o[0m
[ 88%] [32m[1mLinking C shared library libmezuak__rosidl_generator_py.so[0m
[ 88%] Built target mezuak__rosidl_generator_py
[ 90%] [32mBuilding C object CMakeFiles/mezuak_s__rosidl_typesupport_fastrtps_c.dir/rosidl_generator_py/mezuak/_mezuak_s.ep.rosidl_typesupport_fastrtps_c.c.o[0m
[ 92%] [32mBuilding C object CMakeFiles/mezuak_s__rosidl_typesupport_c.dir/rosidl_generator_py/mezuak/_mezuak_s.ep.rosidl_typesupport_c.c.o[0m
[ 94%] [32mBuilding C object CMakeFiles/mezuak_s__rosidl_typesupport_introspection_c.dir/rosidl_generator_py/mezuak/_mezuak_s.ep.rosidl_typesupport_introspection_c.c.o[0m
[ 96%] [32m[1mLinking C shared module rosidl_generator_py/mezuak/mezuak_s__rosidl_typesupport_c.so[0m
[ 98%] [32m[1mLinking C shared module rosidl_generator_py/mezuak/mezuak_s__rosidl_typesupport_introspection_c.so[0m
[100%] [32m[1mLinking C shared module rosidl_generator_py/mezuak/mezuak_s__rosidl_typesupport_fastrtps_c.so[0m
[100%] Built target mezuak_s__rosidl_typesupport_c
[100%] Built target mezuak_s__rosidl_typesupport_fastrtps_c
[100%] Built target mezuak_s__rosidl_typesupport_introspection_c
-- Install configuration: ""
-- Installing: /home/javierac/eduros2_lego/install/mezuak/share/ament_index/resource_index/rosidl_interfaces/mezuak
-- Installing: /home/javierac/eduros2_lego/install/mezuak/share/mezuak/msg/MugimenduKodetzaileak.json
-- Installing: /home/javierac/eduros2_lego/install/mezuak/share/mezuak/msg/IslatutakoArgia.json
-- Installing: /home/javierac/eduros2_lego/install/mezuak/share/mezuak/msg/IkasDatuak.json
-- Installing: /home/javierac/eduros2_lego/install/mezuak/include/mezuak/mezuak
-- Installing: /home/javierac/eduros2_lego/install/mezuak/include/mezuak/mezuak/msg
-- Installing: /home/javierac/eduros2_lego/install/mezuak/include/mezuak/mezuak/msg/ikas_datuak.h
-- Installing: /home/javierac/eduros2_lego/install/mezuak/include/mezuak/mezuak/msg/rosidl_generator_c__visibility_control.h
-- Installing: /home/javierac/eduros2_lego/install/mezuak/include/mezuak/mezuak/msg/islatutako_argia.h
-- Installing: /home/javierac/eduros2_lego/install/mezuak/include/mezuak/mezuak/msg/mugimendu_kodetzaileak.h
-- Installing: /home/javierac/eduros2_lego/install/mezuak/include/mezuak/mezuak/msg/detail
-- Installing: /home/javierac/eduros2_lego/install/mezuak/include/mezuak/mezuak/msg/detail/islatutako_argia__type_support.h
-- Installing: /home/javierac/eduros2_lego/install/mezuak/include/mezuak/mezuak/msg/detail/mugimendu_kodetzaileak__struct.h
-- Installing: /home/javierac/eduros2_lego/install/mezuak/include/mezuak/mezuak/msg/detail/ikas_datuak__type_support.h
-- Installing: /home/javierac/eduros2_lego/install/mezuak/include/mezuak/mezuak/msg/detail/mugimendu_kodetzaileak__description.c
-- Installing: /home/javierac/eduros2_lego/install/mezuak/include/mezuak/mezuak/msg/detail/ikas_datuak__description.c
-- Installing: /home/javierac/eduros2_lego/install/mezuak/include/mezuak/mezuak/msg/detail/ikas_datuak__functions.c
-- Installing: /home/javierac/eduros2_lego/install/mezuak/include/mezuak/mezuak/msg/detail/islatutako_argia__functions.c
-- Installing: /home/javierac/eduros2_lego/install/mezuak/include/mezuak/mezuak/msg/detail/mugimendu_kodetzaileak__type_support.h
-- Installing: /home/javierac/eduros2_lego/install/mezuak/include/mezuak/mezuak/msg/detail/mugimendu_kodetzaileak__functions.c
-- Installing: /home/javierac/eduros2_lego/install/mezuak/include/mezuak/mezuak/msg/detail/islatutako_argia__description.c
-- Installing: /home/javierac/eduros2_lego/install/mezuak/include/mezuak/mezuak/msg/detail/ikas_datuak__functions.h
-- Installing: /home/javierac/eduros2_lego/install/mezuak/include/mezuak/mezuak/msg/detail/islatutako_argia__functions.h
-- Installing: /home/javierac/eduros2_lego/install/mezuak/include/mezuak/mezuak/msg/detail/islatutako_argia__struct.h
-- Installing: /home/javierac/eduros2_lego/install/mezuak/include/mezuak/mezuak/msg/detail/islatutako_argia__type_support.c
-- Installing: /home/javierac/eduros2_lego/install/mezuak/include/mezuak/mezuak/msg/detail/mugimendu_kodetzaileak__functions.h
-- Installing: /home/javierac/eduros2_lego/install/mezuak/include/mezuak/mezuak/msg/detail/ikas_datuak__struct.h
-- Installing: /home/javierac/eduros2_lego/install/mezuak/include/mezuak/mezuak/msg/detail/ikas_datuak__type_support.c
-- Installing: /home/javierac/eduros2_lego/install/mezuak/include/mezuak/mezuak/msg/detail/mugimendu_kodetzaileak__type_support.c
-- Installing: /home/javierac/eduros2_lego/install/mezuak/share/mezuak/environment/library_path.sh
-- Installing: /home/javierac/eduros2_lego/install/mezuak/share/mezuak/environment/library_path.dsv
-- Installing: /home/javierac/eduros2_lego/install/mezuak/lib/libmezuak__rosidl_generator_c.so
-- Set non-toolchain portion of runtime path of "/home/javierac/eduros2_lego/install/mezuak/lib/libmezuak__rosidl_generator_c.so" to ""
-- Up-to-date: /home/javierac/eduros2_lego/install/mezuak/include/mezuak/mezuak
-- Up-to-date: /home/javierac/eduros2_lego/install/mezuak/include/mezuak/mezuak/msg
-- Installing: /home/javierac/eduros2_lego/install/mezuak/include/mezuak/mezuak/msg/rosidl_typesupport_fastrtps_c__visibility_control.h
-- Up-to-date: /home/javierac/eduros2_lego/install/mezuak/include/mezuak/mezuak/msg/detail
-- Installing: /home/javierac/eduros2_lego/install/mezuak/include/mezuak/mezuak/msg/detail/mugimendu_kodetzaileak__rosidl_typesupport_fastrtps_c.h
-- Installing: /home/javierac/eduros2_lego/install/mezuak/include/mezuak/mezuak/msg/detail/islatutako_argia__rosidl_typesupport_fastrtps_c.h
-- Installing: /home/javierac/eduros2_lego/install/mezuak/include/mezuak/mezuak/msg/detail/ikas_datuak__rosidl_typesupport_fastrtps_c.h
-- Installing: /home/javierac/eduros2_lego/install/mezuak/lib/libmezuak__rosidl_typesupport_fastrtps_c.so
-- Set non-toolchain portion of runtime path of "/home/javierac/eduros2_lego/install/mezuak/lib/libmezuak__rosidl_typesupport_fastrtps_c.so" to ""
-- Up-to-date: /home/javierac/eduros2_lego/install/mezuak/include/mezuak/mezuak
-- Up-to-date: /home/javierac/eduros2_lego/install/mezuak/include/mezuak/mezuak/msg
-- Installing: /home/javierac/eduros2_lego/install/mezuak/include/mezuak/mezuak/msg/rosidl_generator_cpp__visibility_control.hpp
-- Installing: /home/javierac/eduros2_lego/install/mezuak/include/mezuak/mezuak/msg/mugimendu_kodetzaileak.hpp
-- Installing: /home/javierac/eduros2_lego/install/mezuak/include/mezuak/mezuak/msg/ikas_datuak.hpp
-- Installing: /home/javierac/eduros2_lego/install/mezuak/include/mezuak/mezuak/msg/islatutako_argia.hpp
-- Up-to-date: /home/javierac/eduros2_lego/install/mezuak/include/mezuak/mezuak/msg/detail
-- Installing: /home/javierac/eduros2_lego/install/mezuak/include/mezuak/mezuak/msg/detail/ikas_datuak__type_support.hpp
-- Installing: /home/javierac/eduros2_lego/install/mezuak/include/mezuak/mezuak/msg/detail/ikas_datuak__struct.hpp
-- Installing: /home/javierac/eduros2_lego/install/mezuak/include/mezuak/mezuak/msg/detail/islatutako_argia__type_support.hpp
-- Installing: /home/javierac/eduros2_lego/install/mezuak/include/mezuak/mezuak/msg/detail/ikas_datuak__traits.hpp
-- Installing: /home/javierac/eduros2_lego/install/mezuak/include/mezuak/mezuak/msg/detail/islatutako_argia__traits.hpp
-- Installing: /home/javierac/eduros2_lego/install/mezuak/include/mezuak/mezuak/msg/detail/ikas_datuak__builder.hpp
-- Installing: /home/javierac/eduros2_lego/install/mezuak/include/mezuak/mezuak/msg/detail/islatutako_argia__builder.hpp
-- Installing: /home/javierac/eduros2_lego/install/mezuak/include/mezuak/mezuak/msg/detail/mugimendu_kodetzaileak__traits.hpp
-- Installing: /home/javierac/eduros2_lego/install/mezuak/include/mezuak/mezuak/msg/detail/mugimendu_kodetzaileak__struct.hpp
-- Installing: /home/javierac/eduros2_lego/install/mezuak/include/mezuak/mezuak/msg/detail/islatutako_argia__struct.hpp
-- Installing: /home/javierac/eduros2_lego/install/mezuak/include/mezuak/mezuak/msg/detail/mugimendu_kodetzaileak__builder.hpp
-- Installing: /home/javierac/eduros2_lego/install/mezuak/include/mezuak/mezuak/msg/detail/mugimendu_kodetzaileak__type_support.hpp
-- Up-to-date: /home/javierac/eduros2_lego/install/mezuak/include/mezuak/mezuak
-- Up-to-date: /home/javierac/eduros2_lego/install/mezuak/include/mezuak/mezuak/msg
-- Installing: /home/javierac/eduros2_lego/install/mezuak/include/mezuak/mezuak/msg/rosidl_typesupport_fastrtps_cpp__visibility_control.h
-- Up-to-date: /home/javierac/eduros2_lego/install/mezuak/include/mezuak/mezuak/msg/detail
-- Installing: /home/javierac/eduros2_lego/install/mezuak/include/mezuak/mezuak/msg/detail/mugimendu_kodetzaileak__rosidl_typesupport_fastrtps_cpp.hpp
-- Installing: /home/javierac/eduros2_lego/install/mezuak/include/mezuak/mezuak/msg/detail/dds_fastrtps
-- Installing: /home/javierac/eduros2_lego/install/mezuak/include/mezuak/mezuak/msg/detail/ikas_datuak__rosidl_typesupport_fastrtps_cpp.hpp
-- Installing: /home/javierac/eduros2_lego/install/mezuak/include/mezuak/mezuak/msg/detail/islatutako_argia__rosidl_typesupport_fastrtps_cpp.hpp
-- Installing: /home/javierac/eduros2_lego/install/mezuak/lib/libmezuak__rosidl_typesupport_fastrtps_cpp.so
-- Set non-toolchain portion of runtime path of "/home/javierac/eduros2_lego/install/mezuak/lib/libmezuak__rosidl_typesupport_fastrtps_cpp.so" to ""
-- Up-to-date: /home/javierac/eduros2_lego/install/mezuak/include/mezuak/mezuak
-- Up-to-date: /home/javierac/eduros2_lego/install/mezuak/include/mezuak/mezuak/msg
-- Installing: /home/javierac/eduros2_lego/install/mezuak/include/mezuak/mezuak/msg/rosidl_typesupport_introspection_c__visibility_control.h
-- Up-to-date: /home/javierac/eduros2_lego/install/mezuak/include/mezuak/mezuak/msg/detail
-- Installing: /home/javierac/eduros2_lego/install/mezuak/include/mezuak/mezuak/msg/detail/ikas_datuak__rosidl_typesupport_introspection_c.h
-- Up-to-date: /home/javierac/eduros2_lego/install/mezuak/include/mezuak/mezuak/msg/detail/islatutako_argia__type_support.c
-- Up-to-date: /home/javierac/eduros2_lego/install/mezuak/include/mezuak/mezuak/msg/detail/ikas_datuak__type_support.c
-- Installing: /home/javierac/eduros2_lego/install/mezuak/include/mezuak/mezuak/msg/detail/islatutako_argia__rosidl_typesupport_introspection_c.h
-- Up-to-date: /home/javierac/eduros2_lego/install/mezuak/include/mezuak/mezuak/msg/detail/mugimendu_kodetzaileak__type_support.c
-- Installing: /home/javierac/eduros2_lego/install/mezuak/include/mezuak/mezuak/msg/detail/mugimendu_kodetzaileak__rosidl_typesupport_introspection_c.h
-- Installing: /home/javierac/eduros2_lego/install/mezuak/lib/libmezuak__rosidl_typesupport_introspection_c.so
-- Set non-toolchain portion of runtime path of "/home/javierac/eduros2_lego/install/mezuak/lib/libmezuak__rosidl_typesupport_introspection_c.so" to ""
-- Installing: /home/javierac/eduros2_lego/install/mezuak/lib/libmezuak__rosidl_typesupport_c.so
-- Set non-toolchain portion of runtime path of "/home/javierac/eduros2_lego/install/mezuak/lib/libmezuak__rosidl_typesupport_c.so" to ""
-- Up-to-date: /home/javierac/eduros2_lego/install/mezuak/include/mezuak/mezuak
-- Up-to-date: /home/javierac/eduros2_lego/install/mezuak/include/mezuak/mezuak/msg
-- Up-to-date: /home/javierac/eduros2_lego/install/mezuak/include/mezuak/mezuak/msg/detail
-- Installing: /home/javierac/eduros2_lego/install/mezuak/include/mezuak/mezuak/msg/detail/islatutako_argia__rosidl_typesupport_introspection_cpp.hpp
-- Installing: /home/javierac/eduros2_lego/install/mezuak/include/mezuak/mezuak/msg/detail/mugimendu_kodetzaileak__rosidl_typesupport_introspection_cpp.hpp
-- Installing: /home/javierac/eduros2_lego/install/mezuak/include/mezuak/mezuak/msg/detail/islatutako_argia__type_support.cpp
-- Installing: /home/javierac/eduros2_lego/install/mezuak/include/mezuak/mezuak/msg/detail/ikas_datuak__rosidl_typesupport_introspection_cpp.hpp
-- Installing: /home/javierac/eduros2_lego/install/mezuak/include/mezuak/mezuak/msg/detail/ikas_datuak__type_support.cpp
-- Installing: /home/javierac/eduros2_lego/install/mezuak/include/mezuak/mezuak/msg/detail/mugimendu_kodetzaileak__type_support.cpp
-- Installing: /home/javierac/eduros2_lego/install/mezuak/lib/libmezuak__rosidl_typesupport_introspection_cpp.so
-- Set non-toolchain portion of runtime path of "/home/javierac/eduros2_lego/install/mezuak/lib/libmezuak__rosidl_typesupport_introspection_cpp.so" to ""
-- Installing: /home/javierac/eduros2_lego/install/mezuak/lib/libmezuak__rosidl_typesupport_cpp.so
-- Set non-toolchain portion of runtime path of "/home/javierac/eduros2_lego/install/mezuak/lib/libmezuak__rosidl_typesupport_cpp.so" to ""
-- Installing: /home/javierac/eduros2_lego/install/mezuak/share/mezuak/environment/pythonpath.sh
-- Installing: /home/javierac/eduros2_lego/install/mezuak/share/mezuak/environment/pythonpath.dsv
-- Installing: /home/javierac/eduros2_lego/install/mezuak/lib/python3.12/site-packages/mezuak-0.0.1-py3.12.egg-info
-- Installing: /home/javierac/eduros2_lego/install/mezuak/lib/python3.12/site-packages/mezuak-0.0.1-py3.12.egg-info/dependency_links.txt
-- Installing: /home/javierac/eduros2_lego/install/mezuak/lib/python3.12/site-packages/mezuak-0.0.1-py3.12.egg-info/PKG-INFO
-- Installing: /home/javierac/eduros2_lego/install/mezuak/lib/python3.12/site-packages/mezuak-0.0.1-py3.12.egg-info/SOURCES.txt
-- Installing: /home/javierac/eduros2_lego/install/mezuak/lib/python3.12/site-packages/mezuak-0.0.1-py3.12.egg-info/top_level.txt
-- Installing: /home/javierac/eduros2_lego/install/mezuak/lib/python3.12/site-packages/mezuak
-- Installing: /home/javierac/eduros2_lego/install/mezuak/lib/python3.12/site-packages/mezuak/__init__.py
-- Installing: /home/javierac/eduros2_lego/install/mezuak/lib/python3.12/site-packages/mezuak/mezuak_s__rosidl_typesupport_fastrtps_c.so
-- Installing: /home/javierac/eduros2_lego/install/mezuak/lib/python3.12/site-packages/mezuak/_mezuak_s.ep.rosidl_typesupport_c.c
-- Installing: /home/javierac/eduros2_lego/install/mezuak/lib/python3.12/site-packages/mezuak/mezuak_s__rosidl_typesupport_c.so
-- Installing: /home/javierac/eduros2_lego/install/mezuak/lib/python3.12/site-packages/mezuak/_mezuak_s.ep.rosidl_typesupport_fastrtps_c.c
-- Installing: /home/javierac/eduros2_lego/install/mezuak/lib/python3.12/site-packages/mezuak/_mezuak_s.ep.rosidl_typesupport_introspection_c.c
-- Installing: /home/javierac/eduros2_lego/install/mezuak/lib/python3.12/site-packages/mezuak/mezuak_s__rosidl_typesupport_introspection_c.so
-- Installing: /home/javierac/eduros2_lego/install/mezuak/lib/python3.12/site-packages/mezuak/msg
-- Installing: /home/javierac/eduros2_lego/install/mezuak/lib/python3.12/site-packages/mezuak/msg/__init__.py
-- Installing: /home/javierac/eduros2_lego/install/mezuak/lib/python3.12/site-packages/mezuak/msg/_ikas_datuak.py
-- Installing: /home/javierac/eduros2_lego/install/mezuak/lib/python3.12/site-packages/mezuak/msg/_mugimendu_kodetzaileak.py
-- Installing: /home/javierac/eduros2_lego/install/mezuak/lib/python3.12/site-packages/mezuak/msg/_mugimendu_kodetzaileak_s.c
-- Installing: /home/javierac/eduros2_lego/install/mezuak/lib/python3.12/site-packages/mezuak/msg/_islatutako_argia_s.c
-- Installing: /home/javierac/eduros2_lego/install/mezuak/lib/python3.12/site-packages/mezuak/msg/_islatutako_argia.py
-- Installing: /home/javierac/eduros2_lego/install/mezuak/lib/python3.12/site-packages/mezuak/msg/_ikas_datuak_s.c
Listing '/home/javierac/eduros2_lego/install/mezuak/lib/python3.12/site-packages/mezuak'...
Compiling '/home/javierac/eduros2_lego/install/mezuak/lib/python3.12/site-packages/mezuak/__init__.py'...
Listing '/home/javierac/eduros2_lego/install/mezuak/lib/python3.12/site-packages/mezuak/msg'...
Compiling '/home/javierac/eduros2_lego/install/mezuak/lib/python3.12/site-packages/mezuak/msg/__init__.py'...
Compiling '/home/javierac/eduros2_lego/install/mezuak/lib/python3.12/site-packages/mezuak/msg/_ikas_datuak.py'...
Compiling '/home/javierac/eduros2_lego/install/mezuak/lib/python3.12/site-packages/mezuak/msg/_islatutako_argia.py'...
Compiling '/home/javierac/eduros2_lego/install/mezuak/lib/python3.12/site-packages/mezuak/msg/_mugimendu_kodetzaileak.py'...
-- Installing: /home/javierac/eduros2_lego/install/mezuak/lib/python3.12/site-packages/mezuak/mezuak_s__rosidl_typesupport_fastrtps_c.so
-- Set non-toolchain portion of runtime path of "/home/javierac/eduros2_lego/install/mezuak/lib/python3.12/site-packages/mezuak/mezuak_s__rosidl_typesupport_fastrtps_c.so" to ""
-- Installing: /home/javierac/eduros2_lego/install/mezuak/lib/python3.12/site-packages/mezuak/mezuak_s__rosidl_typesupport_introspection_c.so
-- Set non-toolchain portion of runtime path of "/home/javierac/eduros2_lego/install/mezuak/lib/python3.12/site-packages/mezuak/mezuak_s__rosidl_typesupport_introspection_c.so" to ""
-- Installing: /home/javierac/eduros2_lego/install/mezuak/lib/python3.12/site-packages/mezuak/mezuak_s__rosidl_typesupport_c.so
-- Set non-toolchain portion of runtime path of "/home/javierac/eduros2_lego/install/mezuak/lib/python3.12/site-packages/mezuak/mezuak_s__rosidl_typesupport_c.so" to ""
-- Installing: /home/javierac/eduros2_lego/install/mezuak/lib/libmezuak__rosidl_generator_py.so
-- Set non-toolchain portion of runtime path of "/home/javierac/eduros2_lego/install/mezuak/lib/libmezuak__rosidl_generator_py.so" to ""
-- Installing: /home/javierac/eduros2_lego/install/mezuak/share/mezuak/msg/MugimenduKodetzaileak.idl
-- Installing: /home/javierac/eduros2_lego/install/mezuak/share/mezuak/msg/IslatutakoArgia.idl
-- Installing: /home/javierac/eduros2_lego/install/mezuak/share/mezuak/msg/IkasDatuak.idl
-- Installing: /home/javierac/eduros2_lego/install/mezuak/share/mezuak/msg/MugimenduKodetzaileak.msg
-- Installing: /home/javierac/eduros2_lego/install/mezuak/share/mezuak/msg/IslatutakoArgia.msg
-- Installing: /home/javierac/eduros2_lego/install/mezuak/share/mezuak/msg/IkasDatuak.msg
-- Installing: /home/javierac/eduros2_lego/install/mezuak/share/ament_index/resource_index/package_run_dependencies/mezuak
-- Installing: /home/javierac/eduros2_lego/install/mezuak/share/ament_index/resource_index/parent_prefix_path/mezuak
-- Installing: /home/javierac/eduros2_lego/install/mezuak/share/mezuak/environment/ament_prefix_path.sh
-- Installing: /home/javierac/eduros2_lego/install/mezuak/share/mezuak/environment/ament_prefix_path.dsv
-- Installing: /home/javierac/eduros2_lego/install/mezuak/share/mezuak/environment/path.sh
-- Installing: /home/javierac/eduros2_lego/install/mezuak/share/mezuak/environment/path.dsv
-- Installing: /home/javierac/eduros2_lego/install/mezuak/share/mezuak/local_setup.bash
-- Installing: /home/javierac/eduros2_lego/install/mezuak/share/mezuak/local_setup.sh
-- Installing: /home/javierac/eduros2_lego/install/mezuak/share/mezuak/local_setup.zsh
-- Installing: /home/javierac/eduros2_lego/install/mezuak/share/mezuak/local_setup.dsv
-- Installing: /home/javierac/eduros2_lego/install/mezuak/share/mezuak/package.dsv
-- Installing: /home/javierac/eduros2_lego/install/mezuak/share/ament_index/resource_index/packages/mezuak
-- Installing: /home/javierac/eduros2_lego/install/mezuak/share/mezuak/cmake/export_mezuak__rosidl_generator_cExport.cmake
-- Installing: /home/javierac/eduros2_lego/install/mezuak/share/mezuak/cmake/export_mezuak__rosidl_generator_cExport-noconfig.cmake
-- Installing: /home/javierac/eduros2_lego/install/mezuak/share/mezuak/cmake/export_mezuak__rosidl_typesupport_fastrtps_cExport.cmake
-- Installing: /home/javierac/eduros2_lego/install/mezuak/share/mezuak/cmake/export_mezuak__rosidl_typesupport_fastrtps_cExport-noconfig.cmake
-- Installing: /home/javierac/eduros2_lego/install/mezuak/share/mezuak/cmake/export_mezuak__rosidl_generator_cppExport.cmake
-- Installing: /home/javierac/eduros2_lego/install/mezuak/share/mezuak/cmake/export_mezuak__rosidl_typesupport_fastrtps_cppExport.cmake
-- Installing: /home/javierac/eduros2_lego/install/mezuak/share/mezuak/cmake/export_mezuak__rosidl_typesupport_fastrtps_cppExport-noconfig.cmake
-- Installing: /home/javierac/eduros2_lego/install/mezuak/share/mezuak/cmake/mezuak__rosidl_typesupport_introspection_cExport.cmake
-- Installing: /home/javierac/eduros2_lego/install/mezuak/share/mezuak/cmake/mezuak__rosidl_typesupport_introspection_cExport-noconfig.cmake
-- Installing: /home/javierac/eduros2_lego/install/mezuak/share/mezuak/cmake/mezuak__rosidl_typesupport_cExport.cmake
-- Installing: /home/javierac/eduros2_lego/install/mezuak/share/mezuak/cmake/mezuak__rosidl_typesupport_cExport-noconfig.cmake
-- Installing: /home/javierac/eduros2_lego/install/mezuak/share/mezuak/cmake/mezuak__rosidl_typesupport_introspection_cppExport.cmake
-- Installing: /home/javierac/eduros2_lego/install/mezuak/share/mezuak/cmake/mezuak__rosidl_typesupport_introspection_cppExport-noconfig.cmake
-- Installing: /home/javierac/eduros2_lego/install/mezuak/share/mezuak/cmake/mezuak__rosidl_typesupport_cppExport.cmake
-- Installing: /home/javierac/eduros2_lego/install/mezuak/share/mezuak/cmake/mezuak__rosidl_typesupport_cppExport-noconfig.cmake
-- Installing: /home/javierac/eduros2_lego/install/mezuak/share/mezuak/cmake/export_mezuak__rosidl_generator_pyExport.cmake
-- Installing: /home/javierac/eduros2_lego/install/mezuak/share/mezuak/cmake/export_mezuak__rosidl_generator_pyExport-noconfig.cmake
-- Installing: /home/javierac/eduros2_lego/install/mezuak/share/mezuak/cmake/rosidl_cmake-extras.cmake
-- Installing: /home/javierac/eduros2_lego/install/mezuak/share/mezuak/cmake/ament_cmake_export_dependencies-extras.cmake
-- Installing: /home/javierac/eduros2_lego/install/mezuak/share/mezuak/cmake/ament_cmake_export_include_directories-extras.cmake
-- Installing: /home/javierac/eduros2_lego/install/mezuak/share/mezuak/cmake/ament_cmake_export_libraries-extras.cmake
-- Installing: /home/javierac/eduros2_lego/install/mezuak/share/mezuak/cmake/ament_cmake_export_targets-extras.cmake
-- Installing: /home/javierac/eduros2_lego/install/mezuak/share/mezuak/cmake/rosidl_cmake_export_typesupport_targets-extras.cmake
-- Installing: /home/javierac/eduros2_lego/install/mezuak/share/mezuak/cmake/rosidl_cmake_export_typesupport_libraries-extras.cmake
-- Installing: /home/javierac/eduros2_lego/install/mezuak/share/mezuak/cmake/mezuakConfig.cmake
-- Installing: /home/javierac/eduros2_lego/install/mezuak/share/mezuak/cmake/mezuakConfig-version.cmake
-- Installing: /home/javierac/eduros2_lego/install/mezuak/share/mezuak/package.xml
