[0.028s] Invoking command in '/home/javierac/eduros2_lego/build/mezuak': CMAKE_PREFIX_PATH=${CMAKE_PREFIX_PATH}:/opt/ros/jazzy /usr/bin/cmake /home/javierac/eduros2_lego/ws/src/mezuak -DCMAKE_INSTALL_PREFIX=/home/javierac/eduros2_lego/install/mezuak
[0.233s] -- The C compiler identification is GNU 13.3.0
[0.324s] -- The CXX compiler identification is GNU 13.3.0
[0.355s] -- Detecting C compiler ABI info
[0.485s] -- Detecting C compiler ABI info - done
[0.494s] -- Check for working C compiler: /usr/bin/cc - skipped
[0.495s] -- Detecting C compile features
[0.495s] -- Detecting C compile features - done
[0.509s] -- Detecting CXX compiler ABI info
[0.635s] -- Detecting CXX compiler ABI info - done
[0.645s] -- Check for working CXX compiler: /usr/bin/c++ - skipped
[0.645s] -- Detecting CXX compile features
[0.646s] -- Detecting CXX compile features - done
[0.657s] -- Found ament_cmake: 2.5.4 (/opt/ros/jazzy/share/ament_cmake/cmake)
[0.843s] -- Found Python3: /usr/bin/python3 (found version "3.12.3") found components: Interpreter 
[1.017s] -- Found geometry_msgs: 5.3.6 (/opt/ros/jazzy/share/geometry_msgs/cmake)
[1.093s] -- Found rosidl_generator_c: 4.6.5 (/opt/ros/jazzy/share/rosidl_generator_c/cmake)
[1.117s] -- Found rosidl_generator_cpp: 4.6.5 (/opt/ros/jazzy/share/rosidl_generator_cpp/cmake)
[1.144s] -- Using all available rosidl_typesupport_c: rosidl_typesupport_fastrtps_c;rosidl_typesupport_introspection_c
[1.173s] -- Using all available rosidl_typesupport_cpp: rosidl_typesupport_fastrtps_cpp;rosidl_typesupport_introspection_cpp
[1.244s] -- Found rosidl_default_generators: 1.6.0 (/opt/ros/jazzy/share/rosidl_default_generators/cmake)
[1.275s] -- Found rosidl_adapter: 4.6.5 (/opt/ros/jazzy/share/rosidl_adapter/cmake)
[1.282s] -- Found action_msgs: 2.0.2 (/opt/ros/jazzy/share/action_msgs/cmake)
[1.349s] -- Found sensor_msgs: 5.3.6 (/opt/ros/jazzy/share/sensor_msgs/cmake)
[2.119s] -- Found ament_cmake_ros: 0.12.0 (/opt/ros/jazzy/share/ament_cmake_ros/cmake)
[3.164s] -- Using all available rosidl_typesupport_c: rosidl_typesupport_fastrtps_c;rosidl_typesupport_introspection_c
[3.558s] -- Using all available rosidl_typesupport_cpp: rosidl_typesupport_fastrtps_cpp;rosidl_typesupport_introspection_cpp
[3.566s] -- Found python_cmake_module: 0.11.1 (/opt/ros/jazzy/share/python_cmake_module/cmake)
[3.724s] -- Found PythonExtra: /usr/bin/python3  
[4.280s] -- Found Python3: /usr/bin/python3 (found version "3.12.3") found components: Interpreter Development NumPy Development.Module Development.Embed 
[4.365s] -- Found ament_lint_auto: 0.17.2 (/opt/ros/jazzy/share/ament_lint_auto/cmake)
[4.430s] -- Added test 'lint_cmake' to check CMake code style
[4.433s] -- Added test 'xmllint' to check XML markup files
[4.439s] -- Configuring done (4.4s)
[4.489s] -- Generating done (0.0s)
[4.502s] -- Build files have been written to: /home/javierac/eduros2_lego/build/mezuak
[4.513s] Invoked command in '/home/javierac/eduros2_lego/build/mezuak' returned '0': CMAKE_PREFIX_PATH=${CMAKE_PREFIX_PATH}:/opt/ros/jazzy /usr/bin/cmake /home/javierac/eduros2_lego/ws/src/mezuak -DCMAKE_INSTALL_PREFIX=/home/javierac/eduros2_lego/install/mezuak
[4.514s] Invoking command in '/home/javierac/eduros2_lego/build/mezuak': CMAKE_PREFIX_PATH=${CMAKE_PREFIX_PATH}:/opt/ros/jazzy /usr/bin/cmake --build /home/javierac/eduros2_lego/build/mezuak -- -j20 -l20
[4.589s] [  1%] [34m[1mGenerating type hashes for ROS interfaces[0m
[4.601s] [  1%] Built target ament_cmake_python_copy_mezuak
[4.797s] running egg_info
[4.798s] creating mezuak.egg-info
[4.812s] writing mezuak.egg-info/PKG-INFO
[4.812s] writing dependency_links to mezuak.egg-info/dependency_links.txt
[4.812s] writing top-level names to mezuak.egg-info/top_level.txt
[4.812s] writing manifest file 'mezuak.egg-info/SOURCES.txt'
[4.852s] reading manifest file 'mezuak.egg-info/SOURCES.txt'
[4.853s] writing manifest file 'mezuak.egg-info/SOURCES.txt'
[4.871s] [  1%] Built target mezuak__rosidl_generator_type_description
[4.883s] [  1%] Built target ament_cmake_python_build_mezuak_egg
[4.888s] [  3%] [34m[1mGenerating C code for ROS interfaces[0m
[4.903s] [  5%] [34m[1mGenerating C++ code for ROS interfaces[0m
[5.231s] [  5%] Built target mezuak__cpp
[5.267s] [ 12%] [32mBuilding C object CMakeFiles/mezuak__rosidl_generator_c.dir/rosidl_generator_c/mezuak/msg/detail/islatutako_argia__functions.c.o[0m
[5.267s] [ 12%] [32mBuilding C object CMakeFiles/mezuak__rosidl_generator_c.dir/rosidl_generator_c/mezuak/msg/detail/ikas_datuak__description.c.o[0m
[5.268s] [ 12%] [32mBuilding C object CMakeFiles/mezuak__rosidl_generator_c.dir/rosidl_generator_c/mezuak/msg/detail/islatutako_argia__type_support.c.o[0m
[5.268s] [ 14%] [32mBuilding C object CMakeFiles/mezuak__rosidl_generator_c.dir/rosidl_generator_c/mezuak/msg/detail/ikas_datuak__functions.c.o[0m
[5.268s] [ 12%] [32mBuilding C object CMakeFiles/mezuak__rosidl_generator_c.dir/rosidl_generator_c/mezuak/msg/detail/mugimendu_kodetzaileak__description.c.o[0m
[5.268s] [ 16%] [32mBuilding C object CMakeFiles/mezuak__rosidl_generator_c.dir/rosidl_generator_c/mezuak/msg/detail/ikas_datuak__type_support.c.o[0m
[5.272s] [ 20%] [32mBuilding C object CMakeFiles/mezuak__rosidl_generator_c.dir/rosidl_generator_c/mezuak/msg/detail/mugimendu_kodetzaileak__functions.c.o[0m
[5.272s] [ 20%] [32mBuilding C object CMakeFiles/mezuak__rosidl_generator_c.dir/rosidl_generator_c/mezuak/msg/detail/mugimendu_kodetzaileak__type_support.c.o[0m
[5.272s] [ 22%] [32mBuilding C object CMakeFiles/mezuak__rosidl_generator_c.dir/rosidl_generator_c/mezuak/msg/detail/islatutako_argia__description.c.o[0m
[5.347s] [ 24%] [32m[1mLinking C shared library libmezuak__rosidl_generator_c.so[0m
[5.412s] [ 24%] Built target mezuak__rosidl_generator_c
[5.427s] [ 25%] [34m[1mGenerating C introspection for ROS interfaces[0m
[5.427s] [ 27%] [34m[1mGenerating C++ introspection for ROS interfaces[0m
[5.430s] [ 29%] [34m[1mGenerating C type support dispatch for ROS interfaces[0m
[5.430s] [ 31%] [34m[1mGenerating C++ type support dispatch for ROS interfaces[0m
[5.431s] [ 33%] [34m[1mGenerating C type support for eProsima Fast-RTPS[0m
[5.432s] [ 35%] [34m[1mGenerating C++ type support for eProsima Fast-RTPS[0m
[5.714s] [ 40%] [32mBuilding CXX object CMakeFiles/mezuak__rosidl_typesupport_cpp.dir/rosidl_typesupport_cpp/mezuak/msg/mugimendu_kodetzaileak__type_support.cpp.o[0m
[5.715s] [ 40%] [32mBuilding CXX object CMakeFiles/mezuak__rosidl_typesupport_cpp.dir/rosidl_typesupport_cpp/mezuak/msg/ikas_datuak__type_support.cpp.o[0m
[5.715s] [ 40%] [32mBuilding CXX object CMakeFiles/mezuak__rosidl_typesupport_cpp.dir/rosidl_typesupport_cpp/mezuak/msg/islatutako_argia__type_support.cpp.o[0m
[5.716s] [ 42%] [32mBuilding CXX object CMakeFiles/mezuak__rosidl_typesupport_c.dir/rosidl_typesupport_c/mezuak/msg/islatutako_argia__type_support.cpp.o[0m
[5.719s] [ 44%] [32mBuilding CXX object CMakeFiles/mezuak__rosidl_typesupport_c.dir/rosidl_typesupport_c/mezuak/msg/ikas_datuak__type_support.cpp.o[0m
[5.722s] [ 46%] [32mBuilding CXX object CMakeFiles/mezuak__rosidl_typesupport_c.dir/rosidl_typesupport_c/mezuak/msg/mugimendu_kodetzaileak__type_support.cpp.o[0m
[5.734s] [ 50%] [32mBuilding C object CMakeFiles/mezuak__rosidl_typesupport_introspection_c.dir/rosidl_typesupport_introspection_c/mezuak/msg/detail/islatutako_argia__type_support.c.o[0m
[5.734s] [ 50%] [32mBuilding CXX object CMakeFiles/mezuak__rosidl_typesupport_introspection_cpp.dir/rosidl_typesupport_introspection_cpp/mezuak/msg/detail/mugimendu_kodetzaileak__type_support.cpp.o[0m
[5.735s] [ 51%] [32mBuilding CXX object CMakeFiles/mezuak__rosidl_typesupport_introspection_cpp.dir/rosidl_typesupport_introspection_cpp/mezuak/msg/detail/islatutako_argia__type_support.cpp.o[0m
[5.737s] [ 53%] [32mBuilding C object CMakeFiles/mezuak__rosidl_typesupport_introspection_c.dir/rosidl_typesupport_introspection_c/mezuak/msg/detail/ikas_datuak__type_support.c.o[0m
[5.739s] [ 57%] [32mBuilding CXX object CMakeFiles/mezuak__rosidl_typesupport_introspection_cpp.dir/rosidl_typesupport_introspection_cpp/mezuak/msg/detail/ikas_datuak__type_support.cpp.o[0m
[5.739s] [ 57%] [32mBuilding C object CMakeFiles/mezuak__rosidl_typesupport_introspection_c.dir/rosidl_typesupport_introspection_c/mezuak/msg/detail/mugimendu_kodetzaileak__type_support.c.o[0m
[5.777s] [ 62%] [32mBuilding CXX object CMakeFiles/mezuak__rosidl_typesupport_fastrtps_c.dir/rosidl_typesupport_fastrtps_c/mezuak/msg/detail/mugimendu_kodetzaileak__type_support_c.cpp.o[0m
[5.777s] [ 62%] [32mBuilding CXX object CMakeFiles/mezuak__rosidl_typesupport_fastrtps_c.dir/rosidl_typesupport_fastrtps_c/mezuak/msg/detail/islatutako_argia__type_support_c.cpp.o[0m
[5.777s] [ 62%] [32mBuilding CXX object CMakeFiles/mezuak__rosidl_typesupport_fastrtps_c.dir/rosidl_typesupport_fastrtps_c/mezuak/msg/detail/ikas_datuak__type_support_c.cpp.o[0m
[5.783s] [ 64%] [32m[1mLinking CXX shared library libmezuak__rosidl_typesupport_c.so[0m
[5.794s] [ 66%] [32mBuilding CXX object CMakeFiles/mezuak__rosidl_typesupport_fastrtps_cpp.dir/rosidl_typesupport_fastrtps_cpp/mezuak/msg/detail/dds_fastrtps/mugimendu_kodetzaileak__type_support.cpp.o[0m
[5.794s] [ 68%] [32mBuilding CXX object CMakeFiles/mezuak__rosidl_typesupport_fastrtps_cpp.dir/rosidl_typesupport_fastrtps_cpp/mezuak/msg/detail/dds_fastrtps/islatutako_argia__type_support.cpp.o[0m
[5.798s] [ 70%] [32mBuilding CXX object CMakeFiles/mezuak__rosidl_typesupport_fastrtps_cpp.dir/rosidl_typesupport_fastrtps_cpp/mezuak/msg/detail/dds_fastrtps/ikas_datuak__type_support.cpp.o[0m
[5.799s] [ 72%] [32m[1mLinking C shared library libmezuak__rosidl_typesupport_introspection_c.so[0m
[5.831s] [ 72%] Built target mezuak__rosidl_typesupport_c
[5.852s] [ 72%] Built target mezuak__rosidl_typesupport_introspection_c
[6.204s] [ 74%] [32m[1mLinking CXX shared library libmezuak__rosidl_typesupport_introspection_cpp.so[0m
[6.265s] [ 75%] [32m[1mLinking CXX shared library libmezuak__rosidl_typesupport_cpp.so[0m
[6.298s] [ 77%] [32m[1mLinking CXX shared library libmezuak__rosidl_typesupport_fastrtps_cpp.so[0m
[6.298s] [ 77%] Built target mezuak__rosidl_typesupport_introspection_cpp
[6.320s] [ 77%] Built target mezuak__rosidl_typesupport_cpp
[6.378s] [ 77%] Built target mezuak__rosidl_typesupport_fastrtps_cpp
[6.461s] [ 79%] [32m[1mLinking CXX shared library libmezuak__rosidl_typesupport_fastrtps_c.so[0m
[6.531s] [ 79%] Built target mezuak__rosidl_typesupport_fastrtps_c
[6.562s] [ 79%] Built target mezuak
[6.593s] [ 81%] [34m[1mGenerating Python code for ROS interfaces[0m
[7.056s] [ 81%] Built target mezuak__py
[7.087s] [ 83%] [32mBuilding C object CMakeFiles/mezuak__rosidl_generator_py.dir/rosidl_generator_py/mezuak/msg/_islatutako_argia_s.c.o[0m
[7.088s] [ 85%] [32mBuilding C object CMakeFiles/mezuak__rosidl_generator_py.dir/rosidl_generator_py/mezuak/msg/_mugimendu_kodetzaileak_s.c.o[0m
[7.089s] [ 87%] [32mBuilding C object CMakeFiles/mezuak__rosidl_generator_py.dir/rosidl_generator_py/mezuak/msg/_ikas_datuak_s.c.o[0m
[7.251s] [ 88%] [32m[1mLinking C shared library libmezuak__rosidl_generator_py.so[0m
[7.312s] [ 88%] Built target mezuak__rosidl_generator_py
[7.339s] [ 90%] [32mBuilding C object CMakeFiles/mezuak_s__rosidl_typesupport_fastrtps_c.dir/rosidl_generator_py/mezuak/_mezuak_s.ep.rosidl_typesupport_fastrtps_c.c.o[0m
[7.339s] [ 92%] [32mBuilding C object CMakeFiles/mezuak_s__rosidl_typesupport_c.dir/rosidl_generator_py/mezuak/_mezuak_s.ep.rosidl_typesupport_c.c.o[0m
[7.340s] [ 94%] [32mBuilding C object CMakeFiles/mezuak_s__rosidl_typesupport_introspection_c.dir/rosidl_generator_py/mezuak/_mezuak_s.ep.rosidl_typesupport_introspection_c.c.o[0m
[7.446s] [ 96%] [32m[1mLinking C shared module rosidl_generator_py/mezuak/mezuak_s__rosidl_typesupport_c.so[0m
[7.447s] [ 98%] [32m[1mLinking C shared module rosidl_generator_py/mezuak/mezuak_s__rosidl_typesupport_introspection_c.so[0m
[7.450s] [100%] [32m[1mLinking C shared module rosidl_generator_py/mezuak/mezuak_s__rosidl_typesupport_fastrtps_c.so[0m
[7.482s] [100%] Built target mezuak_s__rosidl_typesupport_c
[7.484s] [100%] Built target mezuak_s__rosidl_typesupport_fastrtps_c
[7.488s] [100%] Built target mezuak_s__rosidl_typesupport_introspection_c
[7.502s] Invoked command in '/home/javierac/eduros2_lego/build/mezuak' returned '0': CMAKE_PREFIX_PATH=${CMAKE_PREFIX_PATH}:/opt/ros/jazzy /usr/bin/cmake --build /home/javierac/eduros2_lego/build/mezuak -- -j20 -l20
[7.517s] Invoking command in '/home/javierac/eduros2_lego/build/mezuak': CMAKE_PREFIX_PATH=${CMAKE_PREFIX_PATH}:/opt/ros/jazzy /usr/bin/cmake --install /home/javierac/eduros2_lego/build/mezuak
[7.532s] -- Install configuration: ""
[7.532s] -- Installing: /home/javierac/eduros2_lego/install/mezuak/share/ament_index/resource_index/rosidl_interfaces/mezuak
[7.533s] -- Installing: /home/javierac/eduros2_lego/install/mezuak/share/mezuak/msg/MugimenduKodetzaileak.json
[7.533s] -- Installing: /home/javierac/eduros2_lego/install/mezuak/share/mezuak/msg/IslatutakoArgia.json
[7.533s] -- Installing: /home/javierac/eduros2_lego/install/mezuak/share/mezuak/msg/IkasDatuak.json
[7.533s] -- Installing: /home/javierac/eduros2_lego/install/mezuak/include/mezuak/mezuak
[7.533s] -- Installing: /home/javierac/eduros2_lego/install/mezuak/include/mezuak/mezuak/msg
[7.534s] -- Installing: /home/javierac/eduros2_lego/install/mezuak/include/mezuak/mezuak/msg/ikas_datuak.h
[7.534s] -- Installing: /home/javierac/eduros2_lego/install/mezuak/include/mezuak/mezuak/msg/rosidl_generator_c__visibility_control.h
[7.534s] -- Installing: /home/javierac/eduros2_lego/install/mezuak/include/mezuak/mezuak/msg/islatutako_argia.h
[7.534s] -- Installing: /home/javierac/eduros2_lego/install/mezuak/include/mezuak/mezuak/msg/mugimendu_kodetzaileak.h
[7.534s] -- Installing: /home/javierac/eduros2_lego/install/mezuak/include/mezuak/mezuak/msg/detail
[7.534s] -- Installing: /home/javierac/eduros2_lego/install/mezuak/include/mezuak/mezuak/msg/detail/islatutako_argia__type_support.h
[7.535s] -- Installing: /home/javierac/eduros2_lego/install/mezuak/include/mezuak/mezuak/msg/detail/mugimendu_kodetzaileak__struct.h
[7.535s] -- Installing: /home/javierac/eduros2_lego/install/mezuak/include/mezuak/mezuak/msg/detail/ikas_datuak__type_support.h
[7.535s] -- Installing: /home/javierac/eduros2_lego/install/mezuak/include/mezuak/mezuak/msg/detail/mugimendu_kodetzaileak__description.c
[7.535s] -- Installing: /home/javierac/eduros2_lego/install/mezuak/include/mezuak/mezuak/msg/detail/ikas_datuak__description.c
[7.535s] -- Installing: /home/javierac/eduros2_lego/install/mezuak/include/mezuak/mezuak/msg/detail/ikas_datuak__functions.c
[7.535s] -- Installing: /home/javierac/eduros2_lego/install/mezuak/include/mezuak/mezuak/msg/detail/islatutako_argia__functions.c
[7.536s] -- Installing: /home/javierac/eduros2_lego/install/mezuak/include/mezuak/mezuak/msg/detail/mugimendu_kodetzaileak__type_support.h
[7.536s] -- Installing: /home/javierac/eduros2_lego/install/mezuak/include/mezuak/mezuak/msg/detail/mugimendu_kodetzaileak__functions.c
[7.536s] -- Installing: /home/javierac/eduros2_lego/install/mezuak/include/mezuak/mezuak/msg/detail/islatutako_argia__description.c
[7.536s] -- Installing: /home/javierac/eduros2_lego/install/mezuak/include/mezuak/mezuak/msg/detail/ikas_datuak__functions.h
[7.536s] -- Installing: /home/javierac/eduros2_lego/install/mezuak/include/mezuak/mezuak/msg/detail/islatutako_argia__functions.h
[7.536s] -- Installing: /home/javierac/eduros2_lego/install/mezuak/include/mezuak/mezuak/msg/detail/islatutako_argia__struct.h
[7.537s] -- Installing: /home/javierac/eduros2_lego/install/mezuak/include/mezuak/mezuak/msg/detail/islatutako_argia__type_support.c
[7.537s] -- Installing: /home/javierac/eduros2_lego/install/mezuak/include/mezuak/mezuak/msg/detail/mugimendu_kodetzaileak__functions.h
[7.537s] -- Installing: /home/javierac/eduros2_lego/install/mezuak/include/mezuak/mezuak/msg/detail/ikas_datuak__struct.h
[7.537s] -- Installing: /home/javierac/eduros2_lego/install/mezuak/include/mezuak/mezuak/msg/detail/ikas_datuak__type_support.c
[7.537s] -- Installing: /home/javierac/eduros2_lego/install/mezuak/include/mezuak/mezuak/msg/detail/mugimendu_kodetzaileak__type_support.c
[7.537s] -- Installing: /home/javierac/eduros2_lego/install/mezuak/share/mezuak/environment/library_path.sh
[7.538s] -- Installing: /home/javierac/eduros2_lego/install/mezuak/share/mezuak/environment/library_path.dsv
[7.538s] -- Installing: /home/javierac/eduros2_lego/install/mezuak/lib/libmezuak__rosidl_generator_c.so
[7.538s] -- Set non-toolchain portion of runtime path of "/home/javierac/eduros2_lego/install/mezuak/lib/libmezuak__rosidl_generator_c.so" to ""
[7.538s] -- Up-to-date: /home/javierac/eduros2_lego/install/mezuak/include/mezuak/mezuak
[7.538s] -- Up-to-date: /home/javierac/eduros2_lego/install/mezuak/include/mezuak/mezuak/msg
[7.539s] -- Installing: /home/javierac/eduros2_lego/install/mezuak/include/mezuak/mezuak/msg/rosidl_typesupport_fastrtps_c__visibility_control.h
[7.539s] -- Up-to-date: /home/javierac/eduros2_lego/install/mezuak/include/mezuak/mezuak/msg/detail
[7.539s] -- Installing: /home/javierac/eduros2_lego/install/mezuak/include/mezuak/mezuak/msg/detail/mugimendu_kodetzaileak__rosidl_typesupport_fastrtps_c.h
[7.539s] -- Installing: /home/javierac/eduros2_lego/install/mezuak/include/mezuak/mezuak/msg/detail/islatutako_argia__rosidl_typesupport_fastrtps_c.h
[7.539s] -- Installing: /home/javierac/eduros2_lego/install/mezuak/include/mezuak/mezuak/msg/detail/ikas_datuak__rosidl_typesupport_fastrtps_c.h
[7.539s] -- Installing: /home/javierac/eduros2_lego/install/mezuak/lib/libmezuak__rosidl_typesupport_fastrtps_c.so
[7.539s] -- Set non-toolchain portion of runtime path of "/home/javierac/eduros2_lego/install/mezuak/lib/libmezuak__rosidl_typesupport_fastrtps_c.so" to ""
[7.539s] -- Up-to-date: /home/javierac/eduros2_lego/install/mezuak/include/mezuak/mezuak
[7.540s] -- Up-to-date: /home/javierac/eduros2_lego/install/mezuak/include/mezuak/mezuak/msg
[7.540s] -- Installing: /home/javierac/eduros2_lego/install/mezuak/include/mezuak/mezuak/msg/rosidl_generator_cpp__visibility_control.hpp
[7.540s] -- Installing: /home/javierac/eduros2_lego/install/mezuak/include/mezuak/mezuak/msg/mugimendu_kodetzaileak.hpp
[7.540s] -- Installing: /home/javierac/eduros2_lego/install/mezuak/include/mezuak/mezuak/msg/ikas_datuak.hpp
[7.540s] -- Installing: /home/javierac/eduros2_lego/install/mezuak/include/mezuak/mezuak/msg/islatutako_argia.hpp
[7.540s] -- Up-to-date: /home/javierac/eduros2_lego/install/mezuak/include/mezuak/mezuak/msg/detail
[7.540s] -- Installing: /home/javierac/eduros2_lego/install/mezuak/include/mezuak/mezuak/msg/detail/ikas_datuak__type_support.hpp
[7.540s] -- Installing: /home/javierac/eduros2_lego/install/mezuak/include/mezuak/mezuak/msg/detail/ikas_datuak__struct.hpp
[7.540s] -- Installing: /home/javierac/eduros2_lego/install/mezuak/include/mezuak/mezuak/msg/detail/islatutako_argia__type_support.hpp
[7.540s] -- Installing: /home/javierac/eduros2_lego/install/mezuak/include/mezuak/mezuak/msg/detail/ikas_datuak__traits.hpp
[7.540s] -- Installing: /home/javierac/eduros2_lego/install/mezuak/include/mezuak/mezuak/msg/detail/islatutako_argia__traits.hpp
[7.540s] -- Installing: /home/javierac/eduros2_lego/install/mezuak/include/mezuak/mezuak/msg/detail/ikas_datuak__builder.hpp
[7.541s] -- Installing: /home/javierac/eduros2_lego/install/mezuak/include/mezuak/mezuak/msg/detail/islatutako_argia__builder.hpp
[7.541s] -- Installing: /home/javierac/eduros2_lego/install/mezuak/include/mezuak/mezuak/msg/detail/mugimendu_kodetzaileak__traits.hpp
[7.541s] -- Installing: /home/javierac/eduros2_lego/install/mezuak/include/mezuak/mezuak/msg/detail/mugimendu_kodetzaileak__struct.hpp
[7.541s] -- Installing: /home/javierac/eduros2_lego/install/mezuak/include/mezuak/mezuak/msg/detail/islatutako_argia__struct.hpp
[7.541s] -- Installing: /home/javierac/eduros2_lego/install/mezuak/include/mezuak/mezuak/msg/detail/mugimendu_kodetzaileak__builder.hpp
[7.541s] -- Installing: /home/javierac/eduros2_lego/install/mezuak/include/mezuak/mezuak/msg/detail/mugimendu_kodetzaileak__type_support.hpp
[7.541s] -- Up-to-date: /home/javierac/eduros2_lego/install/mezuak/include/mezuak/mezuak
[7.541s] -- Up-to-date: /home/javierac/eduros2_lego/install/mezuak/include/mezuak/mezuak/msg
[7.541s] -- Installing: /home/javierac/eduros2_lego/install/mezuak/include/mezuak/mezuak/msg/rosidl_typesupport_fastrtps_cpp__visibility_control.h
[7.541s] -- Up-to-date: /home/javierac/eduros2_lego/install/mezuak/include/mezuak/mezuak/msg/detail
[7.541s] -- Installing: /home/javierac/eduros2_lego/install/mezuak/include/mezuak/mezuak/msg/detail/mugimendu_kodetzaileak__rosidl_typesupport_fastrtps_cpp.hpp
[7.541s] -- Installing: /home/javierac/eduros2_lego/install/mezuak/include/mezuak/mezuak/msg/detail/dds_fastrtps
[7.541s] -- Installing: /home/javierac/eduros2_lego/install/mezuak/include/mezuak/mezuak/msg/detail/ikas_datuak__rosidl_typesupport_fastrtps_cpp.hpp
[7.541s] -- Installing: /home/javierac/eduros2_lego/install/mezuak/include/mezuak/mezuak/msg/detail/islatutako_argia__rosidl_typesupport_fastrtps_cpp.hpp
[7.541s] -- Installing: /home/javierac/eduros2_lego/install/mezuak/lib/libmezuak__rosidl_typesupport_fastrtps_cpp.so
[7.541s] -- Set non-toolchain portion of runtime path of "/home/javierac/eduros2_lego/install/mezuak/lib/libmezuak__rosidl_typesupport_fastrtps_cpp.so" to ""
[7.541s] -- Up-to-date: /home/javierac/eduros2_lego/install/mezuak/include/mezuak/mezuak
[7.541s] -- Up-to-date: /home/javierac/eduros2_lego/install/mezuak/include/mezuak/mezuak/msg
[7.541s] -- Installing: /home/javierac/eduros2_lego/install/mezuak/include/mezuak/mezuak/msg/rosidl_typesupport_introspection_c__visibility_control.h
[7.542s] -- Up-to-date: /home/javierac/eduros2_lego/install/mezuak/include/mezuak/mezuak/msg/detail
[7.542s] -- Installing: /home/javierac/eduros2_lego/install/mezuak/include/mezuak/mezuak/msg/detail/ikas_datuak__rosidl_typesupport_introspection_c.h
[7.542s] -- Up-to-date: /home/javierac/eduros2_lego/install/mezuak/include/mezuak/mezuak/msg/detail/islatutako_argia__type_support.c
[7.542s] -- Up-to-date: /home/javierac/eduros2_lego/install/mezuak/include/mezuak/mezuak/msg/detail/ikas_datuak__type_support.c
[7.542s] -- Installing: /home/javierac/eduros2_lego/install/mezuak/include/mezuak/mezuak/msg/detail/islatutako_argia__rosidl_typesupport_introspection_c.h
[7.542s] -- Up-to-date: /home/javierac/eduros2_lego/install/mezuak/include/mezuak/mezuak/msg/detail/mugimendu_kodetzaileak__type_support.c
[7.542s] -- Installing: /home/javierac/eduros2_lego/install/mezuak/include/mezuak/mezuak/msg/detail/mugimendu_kodetzaileak__rosidl_typesupport_introspection_c.h
[7.542s] -- Installing: /home/javierac/eduros2_lego/install/mezuak/lib/libmezuak__rosidl_typesupport_introspection_c.so
[7.542s] -- Set non-toolchain portion of runtime path of "/home/javierac/eduros2_lego/install/mezuak/lib/libmezuak__rosidl_typesupport_introspection_c.so" to ""
[7.542s] -- Installing: /home/javierac/eduros2_lego/install/mezuak/lib/libmezuak__rosidl_typesupport_c.so
[7.542s] -- Set non-toolchain portion of runtime path of "/home/javierac/eduros2_lego/install/mezuak/lib/libmezuak__rosidl_typesupport_c.so" to ""
[7.542s] -- Up-to-date: /home/javierac/eduros2_lego/install/mezuak/include/mezuak/mezuak
[7.542s] -- Up-to-date: /home/javierac/eduros2_lego/install/mezuak/include/mezuak/mezuak/msg
[7.542s] -- Up-to-date: /home/javierac/eduros2_lego/install/mezuak/include/mezuak/mezuak/msg/detail
[7.542s] -- Installing: /home/javierac/eduros2_lego/install/mezuak/include/mezuak/mezuak/msg/detail/islatutako_argia__rosidl_typesupport_introspection_cpp.hpp
[7.542s] -- Installing: /home/javierac/eduros2_lego/install/mezuak/include/mezuak/mezuak/msg/detail/mugimendu_kodetzaileak__rosidl_typesupport_introspection_cpp.hpp
[7.542s] -- Installing: /home/javierac/eduros2_lego/install/mezuak/include/mezuak/mezuak/msg/detail/islatutako_argia__type_support.cpp
[7.543s] -- Installing: /home/javierac/eduros2_lego/install/mezuak/include/mezuak/mezuak/msg/detail/ikas_datuak__rosidl_typesupport_introspection_cpp.hpp
[7.543s] -- Installing: /home/javierac/eduros2_lego/install/mezuak/include/mezuak/mezuak/msg/detail/ikas_datuak__type_support.cpp
[7.543s] -- Installing: /home/javierac/eduros2_lego/install/mezuak/include/mezuak/mezuak/msg/detail/mugimendu_kodetzaileak__type_support.cpp
[7.543s] -- Installing: /home/javierac/eduros2_lego/install/mezuak/lib/libmezuak__rosidl_typesupport_introspection_cpp.so
[7.543s] -- Set non-toolchain portion of runtime path of "/home/javierac/eduros2_lego/install/mezuak/lib/libmezuak__rosidl_typesupport_introspection_cpp.so" to ""
[7.543s] -- Installing: /home/javierac/eduros2_lego/install/mezuak/lib/libmezuak__rosidl_typesupport_cpp.so
[7.543s] -- Set non-toolchain portion of runtime path of "/home/javierac/eduros2_lego/install/mezuak/lib/libmezuak__rosidl_typesupport_cpp.so" to ""
[7.543s] -- Installing: /home/javierac/eduros2_lego/install/mezuak/share/mezuak/environment/pythonpath.sh
[7.543s] -- Installing: /home/javierac/eduros2_lego/install/mezuak/share/mezuak/environment/pythonpath.dsv
[7.543s] -- Installing: /home/javierac/eduros2_lego/install/mezuak/lib/python3.12/site-packages/mezuak-0.0.1-py3.12.egg-info
[7.543s] -- Installing: /home/javierac/eduros2_lego/install/mezuak/lib/python3.12/site-packages/mezuak-0.0.1-py3.12.egg-info/dependency_links.txt
[7.543s] -- Installing: /home/javierac/eduros2_lego/install/mezuak/lib/python3.12/site-packages/mezuak-0.0.1-py3.12.egg-info/PKG-INFO
[7.543s] -- Installing: /home/javierac/eduros2_lego/install/mezuak/lib/python3.12/site-packages/mezuak-0.0.1-py3.12.egg-info/SOURCES.txt
[7.543s] -- Installing: /home/javierac/eduros2_lego/install/mezuak/lib/python3.12/site-packages/mezuak-0.0.1-py3.12.egg-info/top_level.txt
[7.543s] -- Installing: /home/javierac/eduros2_lego/install/mezuak/lib/python3.12/site-packages/mezuak
[7.543s] -- Installing: /home/javierac/eduros2_lego/install/mezuak/lib/python3.12/site-packages/mezuak/__init__.py
[7.544s] -- Installing: /home/javierac/eduros2_lego/install/mezuak/lib/python3.12/site-packages/mezuak/mezuak_s__rosidl_typesupport_fastrtps_c.so
[7.544s] -- Installing: /home/javierac/eduros2_lego/install/mezuak/lib/python3.12/site-packages/mezuak/_mezuak_s.ep.rosidl_typesupport_c.c
[7.544s] -- Installing: /home/javierac/eduros2_lego/install/mezuak/lib/python3.12/site-packages/mezuak/mezuak_s__rosidl_typesupport_c.so
[7.544s] -- Installing: /home/javierac/eduros2_lego/install/mezuak/lib/python3.12/site-packages/mezuak/_mezuak_s.ep.rosidl_typesupport_fastrtps_c.c
[7.544s] -- Installing: /home/javierac/eduros2_lego/install/mezuak/lib/python3.12/site-packages/mezuak/_mezuak_s.ep.rosidl_typesupport_introspection_c.c
[7.544s] -- Installing: /home/javierac/eduros2_lego/install/mezuak/lib/python3.12/site-packages/mezuak/mezuak_s__rosidl_typesupport_introspection_c.so
[7.544s] -- Installing: /home/javierac/eduros2_lego/install/mezuak/lib/python3.12/site-packages/mezuak/msg
[7.544s] -- Installing: /home/javierac/eduros2_lego/install/mezuak/lib/python3.12/site-packages/mezuak/msg/__init__.py
[7.544s] -- Installing: /home/javierac/eduros2_lego/install/mezuak/lib/python3.12/site-packages/mezuak/msg/_ikas_datuak.py
[7.544s] -- Installing: /home/javierac/eduros2_lego/install/mezuak/lib/python3.12/site-packages/mezuak/msg/_mugimendu_kodetzaileak.py
[7.544s] -- Installing: /home/javierac/eduros2_lego/install/mezuak/lib/python3.12/site-packages/mezuak/msg/_mugimendu_kodetzaileak_s.c
[7.544s] -- Installing: /home/javierac/eduros2_lego/install/mezuak/lib/python3.12/site-packages/mezuak/msg/_islatutako_argia_s.c
[7.544s] -- Installing: /home/javierac/eduros2_lego/install/mezuak/lib/python3.12/site-packages/mezuak/msg/_islatutako_argia.py
[7.544s] -- Installing: /home/javierac/eduros2_lego/install/mezuak/lib/python3.12/site-packages/mezuak/msg/_ikas_datuak_s.c
[7.588s] Listing '/home/javierac/eduros2_lego/install/mezuak/lib/python3.12/site-packages/mezuak'...
[7.588s] Compiling '/home/javierac/eduros2_lego/install/mezuak/lib/python3.12/site-packages/mezuak/__init__.py'...
[7.588s] Listing '/home/javierac/eduros2_lego/install/mezuak/lib/python3.12/site-packages/mezuak/msg'...
[7.588s] Compiling '/home/javierac/eduros2_lego/install/mezuak/lib/python3.12/site-packages/mezuak/msg/__init__.py'...
[7.588s] Compiling '/home/javierac/eduros2_lego/install/mezuak/lib/python3.12/site-packages/mezuak/msg/_ikas_datuak.py'...
[7.588s] Compiling '/home/javierac/eduros2_lego/install/mezuak/lib/python3.12/site-packages/mezuak/msg/_islatutako_argia.py'...
[7.588s] Compiling '/home/javierac/eduros2_lego/install/mezuak/lib/python3.12/site-packages/mezuak/msg/_mugimendu_kodetzaileak.py'...
[7.593s] -- Installing: /home/javierac/eduros2_lego/install/mezuak/lib/python3.12/site-packages/mezuak/mezuak_s__rosidl_typesupport_fastrtps_c.so
[7.593s] -- Set non-toolchain portion of runtime path of "/home/javierac/eduros2_lego/install/mezuak/lib/python3.12/site-packages/mezuak/mezuak_s__rosidl_typesupport_fastrtps_c.so" to ""
[7.593s] -- Installing: /home/javierac/eduros2_lego/install/mezuak/lib/python3.12/site-packages/mezuak/mezuak_s__rosidl_typesupport_introspection_c.so
[7.594s] -- Set non-toolchain portion of runtime path of "/home/javierac/eduros2_lego/install/mezuak/lib/python3.12/site-packages/mezuak/mezuak_s__rosidl_typesupport_introspection_c.so" to ""
[7.594s] -- Installing: /home/javierac/eduros2_lego/install/mezuak/lib/python3.12/site-packages/mezuak/mezuak_s__rosidl_typesupport_c.so
[7.594s] -- Set non-toolchain portion of runtime path of "/home/javierac/eduros2_lego/install/mezuak/lib/python3.12/site-packages/mezuak/mezuak_s__rosidl_typesupport_c.so" to ""
[7.594s] -- Installing: /home/javierac/eduros2_lego/install/mezuak/lib/libmezuak__rosidl_generator_py.so
[7.594s] -- Set non-toolchain portion of runtime path of "/home/javierac/eduros2_lego/install/mezuak/lib/libmezuak__rosidl_generator_py.so" to ""
[7.594s] -- Installing: /home/javierac/eduros2_lego/install/mezuak/share/mezuak/msg/MugimenduKodetzaileak.idl
[7.594s] -- Installing: /home/javierac/eduros2_lego/install/mezuak/share/mezuak/msg/IslatutakoArgia.idl
[7.594s] -- Installing: /home/javierac/eduros2_lego/install/mezuak/share/mezuak/msg/IkasDatuak.idl
[7.595s] -- Installing: /home/javierac/eduros2_lego/install/mezuak/share/mezuak/msg/MugimenduKodetzaileak.msg
[7.595s] -- Installing: /home/javierac/eduros2_lego/install/mezuak/share/mezuak/msg/IslatutakoArgia.msg
[7.595s] -- Installing: /home/javierac/eduros2_lego/install/mezuak/share/mezuak/msg/IkasDatuak.msg
[7.595s] -- Installing: /home/javierac/eduros2_lego/install/mezuak/share/ament_index/resource_index/package_run_dependencies/mezuak
[7.595s] -- Installing: /home/javierac/eduros2_lego/install/mezuak/share/ament_index/resource_index/parent_prefix_path/mezuak
[7.595s] -- Installing: /home/javierac/eduros2_lego/install/mezuak/share/mezuak/environment/ament_prefix_path.sh
[7.595s] -- Installing: /home/javierac/eduros2_lego/install/mezuak/share/mezuak/environment/ament_prefix_path.dsv
[7.595s] -- Installing: /home/javierac/eduros2_lego/install/mezuak/share/mezuak/environment/path.sh
[7.595s] -- Installing: /home/javierac/eduros2_lego/install/mezuak/share/mezuak/environment/path.dsv
[7.595s] -- Installing: /home/javierac/eduros2_lego/install/mezuak/share/mezuak/local_setup.bash
[7.596s] -- Installing: /home/javierac/eduros2_lego/install/mezuak/share/mezuak/local_setup.sh
[7.596s] -- Installing: /home/javierac/eduros2_lego/install/mezuak/share/mezuak/local_setup.zsh
[7.596s] -- Installing: /home/javierac/eduros2_lego/install/mezuak/share/mezuak/local_setup.dsv
[7.596s] -- Installing: /home/javierac/eduros2_lego/install/mezuak/share/mezuak/package.dsv
[7.596s] -- Installing: /home/javierac/eduros2_lego/install/mezuak/share/ament_index/resource_index/packages/mezuak
[7.596s] -- Installing: /home/javierac/eduros2_lego/install/mezuak/share/mezuak/cmake/export_mezuak__rosidl_generator_cExport.cmake
[7.596s] -- Installing: /home/javierac/eduros2_lego/install/mezuak/share/mezuak/cmake/export_mezuak__rosidl_generator_cExport-noconfig.cmake
[7.596s] -- Installing: /home/javierac/eduros2_lego/install/mezuak/share/mezuak/cmake/export_mezuak__rosidl_typesupport_fastrtps_cExport.cmake
[7.596s] -- Installing: /home/javierac/eduros2_lego/install/mezuak/share/mezuak/cmake/export_mezuak__rosidl_typesupport_fastrtps_cExport-noconfig.cmake
[7.596s] -- Installing: /home/javierac/eduros2_lego/install/mezuak/share/mezuak/cmake/export_mezuak__rosidl_generator_cppExport.cmake
[7.597s] -- Installing: /home/javierac/eduros2_lego/install/mezuak/share/mezuak/cmake/export_mezuak__rosidl_typesupport_fastrtps_cppExport.cmake
[7.597s] -- Installing: /home/javierac/eduros2_lego/install/mezuak/share/mezuak/cmake/export_mezuak__rosidl_typesupport_fastrtps_cppExport-noconfig.cmake
[7.597s] -- Installing: /home/javierac/eduros2_lego/install/mezuak/share/mezuak/cmake/mezuak__rosidl_typesupport_introspection_cExport.cmake
[7.597s] -- Installing: /home/javierac/eduros2_lego/install/mezuak/share/mezuak/cmake/mezuak__rosidl_typesupport_introspection_cExport-noconfig.cmake
[7.597s] -- Installing: /home/javierac/eduros2_lego/install/mezuak/share/mezuak/cmake/mezuak__rosidl_typesupport_cExport.cmake
[7.597s] -- Installing: /home/javierac/eduros2_lego/install/mezuak/share/mezuak/cmake/mezuak__rosidl_typesupport_cExport-noconfig.cmake
[7.597s] -- Installing: /home/javierac/eduros2_lego/install/mezuak/share/mezuak/cmake/mezuak__rosidl_typesupport_introspection_cppExport.cmake
[7.597s] -- Installing: /home/javierac/eduros2_lego/install/mezuak/share/mezuak/cmake/mezuak__rosidl_typesupport_introspection_cppExport-noconfig.cmake
[7.597s] -- Installing: /home/javierac/eduros2_lego/install/mezuak/share/mezuak/cmake/mezuak__rosidl_typesupport_cppExport.cmake
[7.598s] -- Installing: /home/javierac/eduros2_lego/install/mezuak/share/mezuak/cmake/mezuak__rosidl_typesupport_cppExport-noconfig.cmake
[7.598s] -- Installing: /home/javierac/eduros2_lego/install/mezuak/share/mezuak/cmake/export_mezuak__rosidl_generator_pyExport.cmake
[7.598s] -- Installing: /home/javierac/eduros2_lego/install/mezuak/share/mezuak/cmake/export_mezuak__rosidl_generator_pyExport-noconfig.cmake
[7.598s] -- Installing: /home/javierac/eduros2_lego/install/mezuak/share/mezuak/cmake/rosidl_cmake-extras.cmake
[7.598s] -- Installing: /home/javierac/eduros2_lego/install/mezuak/share/mezuak/cmake/ament_cmake_export_dependencies-extras.cmake
[7.598s] -- Installing: /home/javierac/eduros2_lego/install/mezuak/share/mezuak/cmake/ament_cmake_export_include_directories-extras.cmake
[7.598s] -- Installing: /home/javierac/eduros2_lego/install/mezuak/share/mezuak/cmake/ament_cmake_export_libraries-extras.cmake
[7.598s] -- Installing: /home/javierac/eduros2_lego/install/mezuak/share/mezuak/cmake/ament_cmake_export_targets-extras.cmake
[7.598s] -- Installing: /home/javierac/eduros2_lego/install/mezuak/share/mezuak/cmake/rosidl_cmake_export_typesupport_targets-extras.cmake
[7.598s] -- Installing: /home/javierac/eduros2_lego/install/mezuak/share/mezuak/cmake/rosidl_cmake_export_typesupport_libraries-extras.cmake
[7.599s] -- Installing: /home/javierac/eduros2_lego/install/mezuak/share/mezuak/cmake/mezuakConfig.cmake
[7.599s] -- Installing: /home/javierac/eduros2_lego/install/mezuak/share/mezuak/cmake/mezuakConfig-version.cmake
[7.599s] -- Installing: /home/javierac/eduros2_lego/install/mezuak/share/mezuak/package.xml
[7.601s] Invoked command in '/home/javierac/eduros2_lego/build/mezuak' returned '0': CMAKE_PREFIX_PATH=${CMAKE_PREFIX_PATH}:/opt/ros/jazzy /usr/bin/cmake --install /home/javierac/eduros2_lego/build/mezuak
