[0.903s] Invoking command in '/home/javierac/mounted/ws/src/ip_nodes': PYTHONPATH=/home/javierac/mounted/ws/build/ip_nodes/prefix_override:/usr/lib/python3/dist-packages/colcon_core/task/python/colcon_distutils_commands:/home/javierac/mounted/ws/install/ip_nodes/lib/python3.12/site-packages:${PYTHONPATH} /usr/bin/python3 -W ignore:setup.py install is deprecated -W ignore:easy_install command is deprecated setup.py egg_info --egg-base ../../build/ip_nodes build --build-base /home/javierac/mounted/ws/build/ip_nodes/build install --record /home/javierac/mounted/ws/build/ip_nodes/install.log --single-version-externally-managed install_data
[1.169s] running egg_info
[1.184s] writing ../../build/ip_nodes/ip_nodes.egg-info/PKG-INFO
[1.184s] writing dependency_links to ../../build/ip_nodes/ip_nodes.egg-info/dependency_links.txt
[1.184s] writing entry points to ../../build/ip_nodes/ip_nodes.egg-info/entry_points.txt
[1.184s] writing requirements to ../../build/ip_nodes/ip_nodes.egg-info/requires.txt
[1.185s] writing top-level names to ../../build/ip_nodes/ip_nodes.egg-info/top_level.txt
[1.218s] reading manifest file '../../build/ip_nodes/ip_nodes.egg-info/SOURCES.txt'
[1.218s] adding license file 'LICENSE'
[1.220s] writing manifest file '../../build/ip_nodes/ip_nodes.egg-info/SOURCES.txt'
[1.220s] running build
[1.220s] running build_py
[1.220s] copying ip_nodes/subscriber_member_function.py -> /home/javierac/mounted/ws/build/ip_nodes/build/lib/ip_nodes
[1.221s] running install
[1.230s] running install_lib
[1.250s] copying /home/javierac/mounted/ws/build/ip_nodes/build/lib/ip_nodes/subscriber_member_function.py -> /home/javierac/mounted/ws/install/ip_nodes/lib/python3.12/site-packages/ip_nodes
[1.251s] byte-compiling /home/javierac/mounted/ws/install/ip_nodes/lib/python3.12/site-packages/ip_nodes/subscriber_member_function.py to subscriber_member_function.cpython-312.pyc
[1.252s] running install_data
[1.252s] running install_egg_info
[1.271s] removing '/home/javierac/mounted/ws/install/ip_nodes/lib/python3.12/site-packages/ip_nodes-0.0.0-py3.12.egg-info' (and everything under it)
[1.271s] Copying ../../build/ip_nodes/ip_nodes.egg-info to /home/javierac/mounted/ws/install/ip_nodes/lib/python3.12/site-packages/ip_nodes-0.0.0-py3.12.egg-info
[1.272s] running install_scripts
[1.391s] Installing listener script to /home/javierac/mounted/ws/install/ip_nodes/lib/ip_nodes
[1.391s] Installing odom script to /home/javierac/mounted/ws/install/ip_nodes/lib/ip_nodes
[1.391s] Installing talker script to /home/javierac/mounted/ws/install/ip_nodes/lib/ip_nodes
[1.391s] writing list of installed files to '/home/javierac/mounted/ws/build/ip_nodes/install.log'
[1.425s] Invoked command in '/home/javierac/mounted/ws/src/ip_nodes' returned '0': PYTHONPATH=/home/javierac/mounted/ws/build/ip_nodes/prefix_override:/usr/lib/python3/dist-packages/colcon_core/task/python/colcon_distutils_commands:/home/javierac/mounted/ws/install/ip_nodes/lib/python3.12/site-packages:${PYTHONPATH} /usr/bin/python3 -W ignore:setup.py install is deprecated -W ignore:easy_install command is deprecated setup.py egg_info --egg-base ../../build/ip_nodes build --build-base /home/javierac/mounted/ws/build/ip_nodes/build install --record /home/javierac/mounted/ws/build/ip_nodes/install.log --single-version-externally-managed install_data
