[0.570s] Invoking command in '/home/javierac/mounted/ws/src/ip_nodes': PYTHONPATH=/home/javierac/mounted/ws/build/ip_nodes/prefix_override:/usr/lib/python3/dist-packages/colcon_core/task/python/colcon_distutils_commands:/home/javierac/mounted/ws/install/ip_nodes/lib/python3.12/site-packages:${PYTHONPATH} /usr/bin/python3 -W ignore:setup.py install is deprecated setup.py egg_info --egg-base ../../build/ip_nodes build --build-base /home/javierac/mounted/ws/build/ip_nodes/build install --record /home/javierac/mounted/ws/build/ip_nodes/install.log --single-version-externally-managed install_data
[0.722s] running egg_info
[0.722s] creating ../../build/ip_nodes/ip_nodes.egg-info
[0.731s] writing ../../build/ip_nodes/ip_nodes.egg-info/PKG-INFO
[0.731s] writing dependency_links to ../../build/ip_nodes/ip_nodes.egg-info/dependency_links.txt
[0.731s] writing entry points to ../../build/ip_nodes/ip_nodes.egg-info/entry_points.txt
[0.731s] writing requirements to ../../build/ip_nodes/ip_nodes.egg-info/requires.txt
[0.731s] writing top-level names to ../../build/ip_nodes/ip_nodes.egg-info/top_level.txt
[0.731s] writing manifest file '../../build/ip_nodes/ip_nodes.egg-info/SOURCES.txt'
[0.750s] reading manifest file '../../build/ip_nodes/ip_nodes.egg-info/SOURCES.txt'
[0.750s] adding license file 'LICENSE'
[0.750s] writing manifest file '../../build/ip_nodes/ip_nodes.egg-info/SOURCES.txt'
[0.750s] running build
[0.750s] running build_py
[0.751s] creating /home/javierac/mounted/ws/build/ip_nodes/build
[0.751s] creating /home/javierac/mounted/ws/build/ip_nodes/build/lib
[0.751s] creating /home/javierac/mounted/ws/build/ip_nodes/build/lib/ip_nodes
[0.751s] copying ip_nodes/__init__.py -> /home/javierac/mounted/ws/build/ip_nodes/build/lib/ip_nodes
[0.751s] copying ip_nodes/subscriber_member_function.py -> /home/javierac/mounted/ws/build/ip_nodes/build/lib/ip_nodes
[0.751s] copying ip_nodes/publisher_member_function.py -> /home/javierac/mounted/ws/build/ip_nodes/build/lib/ip_nodes
[0.751s] running install
[0.755s] running install_lib
[0.764s] creating /home/javierac/mounted/ws/install/ip_nodes/lib/python3.12/site-packages/ip_nodes
[0.764s] copying /home/javierac/mounted/ws/build/ip_nodes/build/lib/ip_nodes/__init__.py -> /home/javierac/mounted/ws/install/ip_nodes/lib/python3.12/site-packages/ip_nodes
[0.764s] copying /home/javierac/mounted/ws/build/ip_nodes/build/lib/ip_nodes/subscriber_member_function.py -> /home/javierac/mounted/ws/install/ip_nodes/lib/python3.12/site-packages/ip_nodes
[0.764s] copying /home/javierac/mounted/ws/build/ip_nodes/build/lib/ip_nodes/publisher_member_function.py -> /home/javierac/mounted/ws/install/ip_nodes/lib/python3.12/site-packages/ip_nodes
[0.764s] byte-compiling /home/javierac/mounted/ws/install/ip_nodes/lib/python3.12/site-packages/ip_nodes/__init__.py to __init__.cpython-312.pyc
[0.764s] byte-compiling /home/javierac/mounted/ws/install/ip_nodes/lib/python3.12/site-packages/ip_nodes/subscriber_member_function.py to subscriber_member_function.cpython-312.pyc
[0.765s] byte-compiling /home/javierac/mounted/ws/install/ip_nodes/lib/python3.12/site-packages/ip_nodes/publisher_member_function.py to publisher_member_function.cpython-312.pyc
[0.765s] running install_data
[0.765s] creating /home/javierac/mounted/ws/install/ip_nodes/share/ament_index
[0.765s] creating /home/javierac/mounted/ws/install/ip_nodes/share/ament_index/resource_index
[0.765s] creating /home/javierac/mounted/ws/install/ip_nodes/share/ament_index/resource_index/packages
[0.766s] copying resource/ip_nodes -> /home/javierac/mounted/ws/install/ip_nodes/share/ament_index/resource_index/packages
[0.766s] copying package.xml -> /home/javierac/mounted/ws/install/ip_nodes/share/ip_nodes
[0.766s] running install_egg_info
[0.775s] Copying ../../build/ip_nodes/ip_nodes.egg-info to /home/javierac/mounted/ws/install/ip_nodes/lib/python3.12/site-packages/ip_nodes-0.0.0-py3.12.egg-info
[0.776s] running install_scripts
[0.846s] Installing listener script to /home/javierac/mounted/ws/install/ip_nodes/lib/ip_nodes
[0.846s] Installing talker script to /home/javierac/mounted/ws/install/ip_nodes/lib/ip_nodes
[0.846s] writing list of installed files to '/home/javierac/mounted/ws/build/ip_nodes/install.log'
[0.864s] Invoked command in '/home/javierac/mounted/ws/src/ip_nodes' returned '0': PYTHONPATH=/home/javierac/mounted/ws/build/ip_nodes/prefix_override:/usr/lib/python3/dist-packages/colcon_core/task/python/colcon_distutils_commands:/home/javierac/mounted/ws/install/ip_nodes/lib/python3.12/site-packages:${PYTHONPATH} /usr/bin/python3 -W ignore:setup.py install is deprecated setup.py egg_info --egg-base ../../build/ip_nodes build --build-base /home/javierac/mounted/ws/build/ip_nodes/build install --record /home/javierac/mounted/ws/build/ip_nodes/install.log --single-version-externally-managed install_data
