[0.268s] Invoking command in '/home/javierac/mounted/ws/build/mezuak': CMAKE_PREFIX_PATH=${CMAKE_PREFIX_PATH}:/opt/ros/jazzy /usr/bin/cmake /home/javierac/mounted/ws/src/mezuak -DCMAKE_INSTALL_PREFIX=/home/javierac/mounted/ws/install/mezuak
[0.292s] -- Found ament_cmake: 2.5.4 (/opt/ros/jazzy/share/ament_cmake/cmake)
[0.699s] -- Found geometry_msgs: 5.3.6 (/opt/ros/jazzy/share/geometry_msgs/cmake)
[0.744s] -- Found rosidl_generator_c: 4.6.5 (/opt/ros/jazzy/share/rosidl_generator_c/cmake)
[0.758s] -- Found rosidl_generator_cpp: 4.6.5 (/opt/ros/jazzy/share/rosidl_generator_cpp/cmake)
[0.774s] -- Using all available rosidl_typesupport_c: rosidl_typesupport_fastrtps_c;rosidl_typesupport_introspection_c
[0.792s] -- Using all available rosidl_typesupport_cpp: rosidl_typesupport_fastrtps_cpp;rosidl_typesupport_introspection_cpp
[0.862s] -- Found rosidl_default_generators: 1.6.0 (/opt/ros/jazzy/share/rosidl_default_generators/cmake)
[0.872s] -- Found rosidl_adapter: 4.6.5 (/opt/ros/jazzy/share/rosidl_adapter/cmake)
[0.874s] -- Found action_msgs: 2.0.2 (/opt/ros/jazzy/share/action_msgs/cmake)
[0.939s] -- Found sensor_msgs: 5.3.6 (/opt/ros/jazzy/share/sensor_msgs/cmake)
[1.917s] -- Found ament_cmake_ros: 0.12.0 (/opt/ros/jazzy/share/ament_cmake_ros/cmake)
[3.106s] -- Using all available rosidl_typesupport_c: rosidl_typesupport_fastrtps_c;rosidl_typesupport_introspection_c
[3.553s] -- Using all available rosidl_typesupport_cpp: rosidl_typesupport_fastrtps_cpp;rosidl_typesupport_introspection_cpp
[3.562s] -- Found python_cmake_module: 0.11.1 (/opt/ros/jazzy/share/python_cmake_module/cmake)
[3.740s] -- Found PythonExtra: /usr/bin/python3  
[4.420s] -- Found Python3: /usr/bin/python3 (found version "3.12.3") found components: Interpreter Development NumPy Development.Module Development.Embed 
[4.523s] -- Found ament_lint_auto: 0.17.2 (/opt/ros/jazzy/share/ament_lint_auto/cmake)
[4.599s] -- Added test 'lint_cmake' to check CMake code style
[4.603s] -- Added test 'xmllint' to check XML markup files
[4.608s] -- Configuring done (4.3s)
[4.672s] -- Generating done (0.0s)
[4.691s] -- Build files have been written to: /home/javierac/mounted/ws/build/mezuak
[4.700s] Invoked command in '/home/javierac/mounted/ws/build/mezuak' returned '0': CMAKE_PREFIX_PATH=${CMAKE_PREFIX_PATH}:/opt/ros/jazzy /usr/bin/cmake /home/javierac/mounted/ws/src/mezuak -DCMAKE_INSTALL_PREFIX=/home/javierac/mounted/ws/install/mezuak
[4.702s] Invoking command in '/home/javierac/mounted/ws/build/mezuak': CMAKE_PREFIX_PATH=${CMAKE_PREFIX_PATH}:/opt/ros/jazzy /usr/bin/cmake --build /home/javierac/mounted/ws/build/mezuak -- -j20 -l20
[4.780s] [  2%] [34m[1mGenerating type hashes for ROS interfaces[0m
[4.794s] [  2%] Built target ament_cmake_python_copy_mezuak
[5.067s] running egg_info
[5.068s] creating mezuak.egg-info
[5.076s] [  2%] Built target mezuak__rosidl_generator_type_description
[5.088s] writing mezuak.egg-info/PKG-INFO
[5.089s] writing dependency_links to mezuak.egg-info/dependency_links.txt
[5.089s] writing top-level names to mezuak.egg-info/top_level.txt
[5.089s] writing manifest file 'mezuak.egg-info/SOURCES.txt'
[5.097s] [  5%] [34m[1mGenerating C code for ROS interfaces[0m
[5.111s] [  8%] [34m[1mGenerating C++ code for ROS interfaces[0m
[5.152s] reading manifest file 'mezuak.egg-info/SOURCES.txt'
[5.153s] writing manifest file 'mezuak.egg-info/SOURCES.txt'
[5.197s] [  8%] Built target ament_cmake_python_build_mezuak_egg
[5.446s] [  8%] Built target mezuak__cpp
[5.475s] [ 11%] [32mBuilding C object CMakeFiles/mezuak__rosidl_generator_c.dir/rosidl_generator_c/mezuak/msg/detail/mugimendu_kodetzaileak__description.c.o[0m
[5.475s] [ 14%] [32mBuilding C object CMakeFiles/mezuak__rosidl_generator_c.dir/rosidl_generator_c/mezuak/msg/detail/mugimendu_kodetzaileak__functions.c.o[0m
[5.475s] [ 17%] [32mBuilding C object CMakeFiles/mezuak__rosidl_generator_c.dir/rosidl_generator_c/mezuak/msg/detail/mugimendu_kodetzaileak__type_support.c.o[0m
[5.575s] [ 20%] [32m[1mLinking C shared library libmezuak__rosidl_generator_c.so[0m
[5.637s] [ 20%] Built target mezuak__rosidl_generator_c
[5.655s] [ 26%] [34m[1mGenerating C type support dispatch for ROS interfaces[0m
[5.656s] [ 26%] [34m[1mGenerating C++ introspection for ROS interfaces[0m
[5.657s] [ 29%] [34m[1mGenerating C introspection for ROS interfaces[0m
[5.658s] [ 32%] [34m[1mGenerating C++ type support dispatch for ROS interfaces[0m
[5.659s] [ 38%] [34m[1mGenerating C++ type support for eProsima Fast-RTPS[0m
[5.659s] [ 38%] [34m[1mGenerating C type support for eProsima Fast-RTPS[0m
[5.996s] [ 41%] [32mBuilding CXX object CMakeFiles/mezuak__rosidl_typesupport_cpp.dir/rosidl_typesupport_cpp/mezuak/msg/mugimendu_kodetzaileak__type_support.cpp.o[0m
[6.018s] [ 44%] [32mBuilding C object CMakeFiles/mezuak__rosidl_typesupport_introspection_c.dir/rosidl_typesupport_introspection_c/mezuak/msg/detail/mugimendu_kodetzaileak__type_support.c.o[0m
[6.026s] [ 47%] [32mBuilding CXX object CMakeFiles/mezuak__rosidl_typesupport_introspection_cpp.dir/rosidl_typesupport_introspection_cpp/mezuak/msg/detail/mugimendu_kodetzaileak__type_support.cpp.o[0m
[6.037s] [ 50%] [32mBuilding CXX object CMakeFiles/mezuak__rosidl_typesupport_fastrtps_cpp.dir/rosidl_typesupport_fastrtps_cpp/mezuak/msg/detail/dds_fastrtps/mugimendu_kodetzaileak__type_support.cpp.o[0m
[6.041s] [ 52%] [32mBuilding CXX object CMakeFiles/mezuak__rosidl_typesupport_fastrtps_c.dir/rosidl_typesupport_fastrtps_c/mezuak/msg/detail/mugimendu_kodetzaileak__type_support_c.cpp.o[0m
[6.060s] [ 55%] [32mBuilding CXX object CMakeFiles/mezuak__rosidl_typesupport_c.dir/rosidl_typesupport_c/mezuak/msg/mugimendu_kodetzaileak__type_support.cpp.o[0m
[6.084s] [ 58%] [32m[1mLinking C shared library libmezuak__rosidl_typesupport_introspection_c.so[0m
[6.132s] [ 61%] [32m[1mLinking CXX shared library libmezuak__rosidl_typesupport_c.so[0m
[6.148s] [ 61%] Built target mezuak__rosidl_typesupport_introspection_c
[6.210s] [ 61%] Built target mezuak__rosidl_typesupport_c
[6.481s] [ 64%] [32m[1mLinking CXX shared library libmezuak__rosidl_typesupport_cpp.so[0m
[6.558s] [ 64%] Built target mezuak__rosidl_typesupport_cpp
[6.589s] [ 67%] [32m[1mLinking CXX shared library libmezuak__rosidl_typesupport_introspection_cpp.so[0m
[6.674s] [ 70%] [32m[1mLinking CXX shared library libmezuak__rosidl_typesupport_fastrtps_c.so[0m
[6.678s] [ 73%] [32m[1mLinking CXX shared library libmezuak__rosidl_typesupport_fastrtps_cpp.so[0m
[6.707s] [ 73%] Built target mezuak__rosidl_typesupport_introspection_cpp
[6.762s] [ 73%] Built target mezuak__rosidl_typesupport_fastrtps_c
[6.796s] [ 73%] Built target mezuak__rosidl_typesupport_fastrtps_cpp
[6.827s] [ 73%] Built target mezuak
[6.857s] [ 76%] [34m[1mGenerating Python code for ROS interfaces[0m
[7.160s] [ 76%] Built target mezuak__py
[7.189s] [ 79%] [32mBuilding C object CMakeFiles/mezuak__rosidl_generator_py.dir/rosidl_generator_py/mezuak/msg/_mugimendu_kodetzaileak_s.c.o[0m
[7.409s] [ 82%] [32m[1mLinking C shared library libmezuak__rosidl_generator_py.so[0m
[7.490s] [ 82%] Built target mezuak__rosidl_generator_py
[7.519s] [ 85%] [32mBuilding C object CMakeFiles/mezuak_s__rosidl_typesupport_fastrtps_c.dir/rosidl_generator_py/mezuak/_mezuak_s.ep.rosidl_typesupport_fastrtps_c.c.o[0m
[7.524s] [ 88%] [32mBuilding C object CMakeFiles/mezuak_s__rosidl_typesupport_c.dir/rosidl_generator_py/mezuak/_mezuak_s.ep.rosidl_typesupport_c.c.o[0m
[7.527s] [ 91%] [32mBuilding C object CMakeFiles/mezuak_s__rosidl_typesupport_introspection_c.dir/rosidl_generator_py/mezuak/_mezuak_s.ep.rosidl_typesupport_introspection_c.c.o[0m
[7.669s] [ 94%] [32m[1mLinking C shared module rosidl_generator_py/mezuak/mezuak_s__rosidl_typesupport_introspection_c.so[0m
[7.669s] [ 97%] [32m[1mLinking C shared module rosidl_generator_py/mezuak/mezuak_s__rosidl_typesupport_c.so[0m
[7.670s] [100%] [32m[1mLinking C shared module rosidl_generator_py/mezuak/mezuak_s__rosidl_typesupport_fastrtps_c.so[0m
[7.720s] [100%] Built target mezuak_s__rosidl_typesupport_c
[7.720s] [100%] Built target mezuak_s__rosidl_typesupport_introspection_c
[7.721s] [100%] Built target mezuak_s__rosidl_typesupport_fastrtps_c
[7.739s] Invoked command in '/home/javierac/mounted/ws/build/mezuak' returned '0': CMAKE_PREFIX_PATH=${CMAKE_PREFIX_PATH}:/opt/ros/jazzy /usr/bin/cmake --build /home/javierac/mounted/ws/build/mezuak -- -j20 -l20
[7.754s] Invoking command in '/home/javierac/mounted/ws/build/mezuak': CMAKE_PREFIX_PATH=${CMAKE_PREFIX_PATH}:/opt/ros/jazzy /usr/bin/cmake --install /home/javierac/mounted/ws/build/mezuak
[7.767s] -- Install configuration: ""
[7.767s] -- Installing: /home/javierac/mounted/ws/install/mezuak/share/ament_index/resource_index/rosidl_interfaces/mezuak
[7.768s] -- Installing: /home/javierac/mounted/ws/install/mezuak/share/mezuak/msg/MugimenduKodetzaileak.json
[7.768s] -- Installing: /home/javierac/mounted/ws/install/mezuak/include/mezuak/mezuak
[7.768s] -- Installing: /home/javierac/mounted/ws/install/mezuak/include/mezuak/mezuak/msg
[7.768s] -- Installing: /home/javierac/mounted/ws/install/mezuak/include/mezuak/mezuak/msg/rosidl_generator_c__visibility_control.h
[7.769s] -- Installing: /home/javierac/mounted/ws/install/mezuak/include/mezuak/mezuak/msg/mugimendu_kodetzaileak.h
[7.769s] -- Installing: /home/javierac/mounted/ws/install/mezuak/include/mezuak/mezuak/msg/detail
[7.769s] -- Installing: /home/javierac/mounted/ws/install/mezuak/include/mezuak/mezuak/msg/detail/mugimendu_kodetzaileak__struct.h
[7.769s] -- Installing: /home/javierac/mounted/ws/install/mezuak/include/mezuak/mezuak/msg/detail/mugimendu_kodetzaileak__description.c
[7.769s] -- Installing: /home/javierac/mounted/ws/install/mezuak/include/mezuak/mezuak/msg/detail/mugimendu_kodetzaileak__type_support.h
[7.769s] -- Installing: /home/javierac/mounted/ws/install/mezuak/include/mezuak/mezuak/msg/detail/mugimendu_kodetzaileak__functions.c
[7.770s] -- Installing: /home/javierac/mounted/ws/install/mezuak/include/mezuak/mezuak/msg/detail/mugimendu_kodetzaileak__functions.h
[7.770s] -- Installing: /home/javierac/mounted/ws/install/mezuak/include/mezuak/mezuak/msg/detail/mugimendu_kodetzaileak__type_support.c
[7.770s] -- Installing: /home/javierac/mounted/ws/install/mezuak/share/mezuak/environment/library_path.sh
[7.770s] -- Installing: /home/javierac/mounted/ws/install/mezuak/share/mezuak/environment/library_path.dsv
[7.770s] -- Installing: /home/javierac/mounted/ws/install/mezuak/lib/libmezuak__rosidl_generator_c.so
[7.771s] -- Set non-toolchain portion of runtime path of "/home/javierac/mounted/ws/install/mezuak/lib/libmezuak__rosidl_generator_c.so" to ""
[7.771s] -- Up-to-date: /home/javierac/mounted/ws/install/mezuak/include/mezuak/mezuak
[7.771s] -- Up-to-date: /home/javierac/mounted/ws/install/mezuak/include/mezuak/mezuak/msg
[7.771s] -- Installing: /home/javierac/mounted/ws/install/mezuak/include/mezuak/mezuak/msg/rosidl_typesupport_fastrtps_c__visibility_control.h
[7.771s] -- Up-to-date: /home/javierac/mounted/ws/install/mezuak/include/mezuak/mezuak/msg/detail
[7.772s] -- Installing: /home/javierac/mounted/ws/install/mezuak/include/mezuak/mezuak/msg/detail/mugimendu_kodetzaileak__rosidl_typesupport_fastrtps_c.h
[7.772s] -- Installing: /home/javierac/mounted/ws/install/mezuak/lib/libmezuak__rosidl_typesupport_fastrtps_c.so
[7.772s] -- Set non-toolchain portion of runtime path of "/home/javierac/mounted/ws/install/mezuak/lib/libmezuak__rosidl_typesupport_fastrtps_c.so" to ""
[7.772s] -- Up-to-date: /home/javierac/mounted/ws/install/mezuak/include/mezuak/mezuak
[7.772s] -- Up-to-date: /home/javierac/mounted/ws/install/mezuak/include/mezuak/mezuak/msg
[7.772s] -- Installing: /home/javierac/mounted/ws/install/mezuak/include/mezuak/mezuak/msg/rosidl_generator_cpp__visibility_control.hpp
[7.772s] -- Installing: /home/javierac/mounted/ws/install/mezuak/include/mezuak/mezuak/msg/mugimendu_kodetzaileak.hpp
[7.772s] -- Up-to-date: /home/javierac/mounted/ws/install/mezuak/include/mezuak/mezuak/msg/detail
[7.772s] -- Installing: /home/javierac/mounted/ws/install/mezuak/include/mezuak/mezuak/msg/detail/mugimendu_kodetzaileak__traits.hpp
[7.773s] -- Installing: /home/javierac/mounted/ws/install/mezuak/include/mezuak/mezuak/msg/detail/mugimendu_kodetzaileak__struct.hpp
[7.773s] -- Installing: /home/javierac/mounted/ws/install/mezuak/include/mezuak/mezuak/msg/detail/mugimendu_kodetzaileak__builder.hpp
[7.773s] -- Installing: /home/javierac/mounted/ws/install/mezuak/include/mezuak/mezuak/msg/detail/mugimendu_kodetzaileak__type_support.hpp
[7.773s] -- Up-to-date: /home/javierac/mounted/ws/install/mezuak/include/mezuak/mezuak
[7.773s] -- Up-to-date: /home/javierac/mounted/ws/install/mezuak/include/mezuak/mezuak/msg
[7.773s] -- Installing: /home/javierac/mounted/ws/install/mezuak/include/mezuak/mezuak/msg/rosidl_typesupport_fastrtps_cpp__visibility_control.h
[7.773s] -- Up-to-date: /home/javierac/mounted/ws/install/mezuak/include/mezuak/mezuak/msg/detail
[7.773s] -- Installing: /home/javierac/mounted/ws/install/mezuak/include/mezuak/mezuak/msg/detail/mugimendu_kodetzaileak__rosidl_typesupport_fastrtps_cpp.hpp
[7.773s] -- Installing: /home/javierac/mounted/ws/install/mezuak/include/mezuak/mezuak/msg/detail/dds_fastrtps
[7.773s] -- Installing: /home/javierac/mounted/ws/install/mezuak/lib/libmezuak__rosidl_typesupport_fastrtps_cpp.so
[7.774s] -- Set non-toolchain portion of runtime path of "/home/javierac/mounted/ws/install/mezuak/lib/libmezuak__rosidl_typesupport_fastrtps_cpp.so" to ""
[7.774s] -- Up-to-date: /home/javierac/mounted/ws/install/mezuak/include/mezuak/mezuak
[7.774s] -- Up-to-date: /home/javierac/mounted/ws/install/mezuak/include/mezuak/mezuak/msg
[7.774s] -- Installing: /home/javierac/mounted/ws/install/mezuak/include/mezuak/mezuak/msg/rosidl_typesupport_introspection_c__visibility_control.h
[7.774s] -- Up-to-date: /home/javierac/mounted/ws/install/mezuak/include/mezuak/mezuak/msg/detail
[7.774s] -- Up-to-date: /home/javierac/mounted/ws/install/mezuak/include/mezuak/mezuak/msg/detail/mugimendu_kodetzaileak__type_support.c
[7.774s] -- Installing: /home/javierac/mounted/ws/install/mezuak/include/mezuak/mezuak/msg/detail/mugimendu_kodetzaileak__rosidl_typesupport_introspection_c.h
[7.774s] -- Installing: /home/javierac/mounted/ws/install/mezuak/lib/libmezuak__rosidl_typesupport_introspection_c.so
[7.774s] -- Set non-toolchain portion of runtime path of "/home/javierac/mounted/ws/install/mezuak/lib/libmezuak__rosidl_typesupport_introspection_c.so" to ""
[7.774s] -- Installing: /home/javierac/mounted/ws/install/mezuak/lib/libmezuak__rosidl_typesupport_c.so
[7.774s] -- Set non-toolchain portion of runtime path of "/home/javierac/mounted/ws/install/mezuak/lib/libmezuak__rosidl_typesupport_c.so" to ""
[7.775s] -- Up-to-date: /home/javierac/mounted/ws/install/mezuak/include/mezuak/mezuak
[7.775s] -- Up-to-date: /home/javierac/mounted/ws/install/mezuak/include/mezuak/mezuak/msg
[7.775s] -- Up-to-date: /home/javierac/mounted/ws/install/mezuak/include/mezuak/mezuak/msg/detail
[7.775s] -- Installing: /home/javierac/mounted/ws/install/mezuak/include/mezuak/mezuak/msg/detail/mugimendu_kodetzaileak__rosidl_typesupport_introspection_cpp.hpp
[7.775s] -- Installing: /home/javierac/mounted/ws/install/mezuak/include/mezuak/mezuak/msg/detail/mugimendu_kodetzaileak__type_support.cpp
[7.775s] -- Installing: /home/javierac/mounted/ws/install/mezuak/lib/libmezuak__rosidl_typesupport_introspection_cpp.so
[7.775s] -- Set non-toolchain portion of runtime path of "/home/javierac/mounted/ws/install/mezuak/lib/libmezuak__rosidl_typesupport_introspection_cpp.so" to ""
[7.775s] -- Installing: /home/javierac/mounted/ws/install/mezuak/lib/libmezuak__rosidl_typesupport_cpp.so
[7.775s] -- Set non-toolchain portion of runtime path of "/home/javierac/mounted/ws/install/mezuak/lib/libmezuak__rosidl_typesupport_cpp.so" to ""
[7.775s] -- Installing: /home/javierac/mounted/ws/install/mezuak/share/mezuak/environment/pythonpath.sh
[7.776s] -- Installing: /home/javierac/mounted/ws/install/mezuak/share/mezuak/environment/pythonpath.dsv
[7.776s] -- Installing: /home/javierac/mounted/ws/install/mezuak/lib/python3.12/site-packages/mezuak-0.0.1-py3.12.egg-info
[7.776s] -- Installing: /home/javierac/mounted/ws/install/mezuak/lib/python3.12/site-packages/mezuak-0.0.1-py3.12.egg-info/dependency_links.txt
[7.776s] -- Installing: /home/javierac/mounted/ws/install/mezuak/lib/python3.12/site-packages/mezuak-0.0.1-py3.12.egg-info/PKG-INFO
[7.776s] -- Installing: /home/javierac/mounted/ws/install/mezuak/lib/python3.12/site-packages/mezuak-0.0.1-py3.12.egg-info/SOURCES.txt
[7.776s] -- Installing: /home/javierac/mounted/ws/install/mezuak/lib/python3.12/site-packages/mezuak-0.0.1-py3.12.egg-info/top_level.txt
[7.776s] -- Installing: /home/javierac/mounted/ws/install/mezuak/lib/python3.12/site-packages/mezuak
[7.776s] -- Installing: /home/javierac/mounted/ws/install/mezuak/lib/python3.12/site-packages/mezuak/__init__.py
[7.776s] -- Installing: /home/javierac/mounted/ws/install/mezuak/lib/python3.12/site-packages/mezuak/mezuak_s__rosidl_typesupport_fastrtps_c.so
[7.776s] -- Installing: /home/javierac/mounted/ws/install/mezuak/lib/python3.12/site-packages/mezuak/_mezuak_s.ep.rosidl_typesupport_c.c
[7.776s] -- Installing: /home/javierac/mounted/ws/install/mezuak/lib/python3.12/site-packages/mezuak/mezuak_s__rosidl_typesupport_c.so
[7.777s] -- Installing: /home/javierac/mounted/ws/install/mezuak/lib/python3.12/site-packages/mezuak/_mezuak_s.ep.rosidl_typesupport_fastrtps_c.c
[7.777s] -- Installing: /home/javierac/mounted/ws/install/mezuak/lib/python3.12/site-packages/mezuak/_mezuak_s.ep.rosidl_typesupport_introspection_c.c
[7.777s] -- Installing: /home/javierac/mounted/ws/install/mezuak/lib/python3.12/site-packages/mezuak/mezuak_s__rosidl_typesupport_introspection_c.so
[7.777s] -- Installing: /home/javierac/mounted/ws/install/mezuak/lib/python3.12/site-packages/mezuak/msg
[7.777s] -- Installing: /home/javierac/mounted/ws/install/mezuak/lib/python3.12/site-packages/mezuak/msg/__init__.py
[7.777s] -- Installing: /home/javierac/mounted/ws/install/mezuak/lib/python3.12/site-packages/mezuak/msg/_mugimendu_kodetzaileak.py
[7.777s] -- Installing: /home/javierac/mounted/ws/install/mezuak/lib/python3.12/site-packages/mezuak/msg/_mugimendu_kodetzaileak_s.c
[7.832s] Listing '/home/javierac/mounted/ws/install/mezuak/lib/python3.12/site-packages/mezuak'...
[7.832s] Compiling '/home/javierac/mounted/ws/install/mezuak/lib/python3.12/site-packages/mezuak/__init__.py'...
[7.832s] Listing '/home/javierac/mounted/ws/install/mezuak/lib/python3.12/site-packages/mezuak/msg'...
[7.832s] Compiling '/home/javierac/mounted/ws/install/mezuak/lib/python3.12/site-packages/mezuak/msg/__init__.py'...
[7.832s] Compiling '/home/javierac/mounted/ws/install/mezuak/lib/python3.12/site-packages/mezuak/msg/_mugimendu_kodetzaileak.py'...
[7.840s] -- Installing: /home/javierac/mounted/ws/install/mezuak/lib/python3.12/site-packages/mezuak/mezuak_s__rosidl_typesupport_fastrtps_c.so
[7.840s] -- Set non-toolchain portion of runtime path of "/home/javierac/mounted/ws/install/mezuak/lib/python3.12/site-packages/mezuak/mezuak_s__rosidl_typesupport_fastrtps_c.so" to ""
[7.840s] -- Installing: /home/javierac/mounted/ws/install/mezuak/lib/python3.12/site-packages/mezuak/mezuak_s__rosidl_typesupport_introspection_c.so
[7.840s] -- Set non-toolchain portion of runtime path of "/home/javierac/mounted/ws/install/mezuak/lib/python3.12/site-packages/mezuak/mezuak_s__rosidl_typesupport_introspection_c.so" to ""
[7.840s] -- Installing: /home/javierac/mounted/ws/install/mezuak/lib/python3.12/site-packages/mezuak/mezuak_s__rosidl_typesupport_c.so
[7.841s] -- Set non-toolchain portion of runtime path of "/home/javierac/mounted/ws/install/mezuak/lib/python3.12/site-packages/mezuak/mezuak_s__rosidl_typesupport_c.so" to ""
[7.841s] -- Installing: /home/javierac/mounted/ws/install/mezuak/lib/libmezuak__rosidl_generator_py.so
[7.841s] -- Set non-toolchain portion of runtime path of "/home/javierac/mounted/ws/install/mezuak/lib/libmezuak__rosidl_generator_py.so" to ""
[7.841s] -- Installing: /home/javierac/mounted/ws/install/mezuak/share/mezuak/msg/MugimenduKodetzaileak.idl
[7.841s] -- Installing: /home/javierac/mounted/ws/install/mezuak/share/mezuak/msg/MugimenduKodetzaileak.msg
[7.841s] -- Installing: /home/javierac/mounted/ws/install/mezuak/share/ament_index/resource_index/package_run_dependencies/mezuak
[7.842s] -- Installing: /home/javierac/mounted/ws/install/mezuak/share/ament_index/resource_index/parent_prefix_path/mezuak
[7.842s] -- Installing: /home/javierac/mounted/ws/install/mezuak/share/mezuak/environment/ament_prefix_path.sh
[7.842s] -- Installing: /home/javierac/mounted/ws/install/mezuak/share/mezuak/environment/ament_prefix_path.dsv
[7.842s] -- Installing: /home/javierac/mounted/ws/install/mezuak/share/mezuak/environment/path.sh
[7.842s] -- Installing: /home/javierac/mounted/ws/install/mezuak/share/mezuak/environment/path.dsv
[7.842s] -- Installing: /home/javierac/mounted/ws/install/mezuak/share/mezuak/local_setup.bash
[7.842s] -- Installing: /home/javierac/mounted/ws/install/mezuak/share/mezuak/local_setup.sh
[7.842s] -- Installing: /home/javierac/mounted/ws/install/mezuak/share/mezuak/local_setup.zsh
[7.842s] -- Installing: /home/javierac/mounted/ws/install/mezuak/share/mezuak/local_setup.dsv
[7.843s] -- Installing: /home/javierac/mounted/ws/install/mezuak/share/mezuak/package.dsv
[7.843s] -- Installing: /home/javierac/mounted/ws/install/mezuak/share/ament_index/resource_index/packages/mezuak
[7.843s] -- Installing: /home/javierac/mounted/ws/install/mezuak/share/mezuak/cmake/export_mezuak__rosidl_generator_cExport.cmake
[7.843s] -- Installing: /home/javierac/mounted/ws/install/mezuak/share/mezuak/cmake/export_mezuak__rosidl_generator_cExport-noconfig.cmake
[7.843s] -- Installing: /home/javierac/mounted/ws/install/mezuak/share/mezuak/cmake/export_mezuak__rosidl_typesupport_fastrtps_cExport.cmake
[7.843s] -- Installing: /home/javierac/mounted/ws/install/mezuak/share/mezuak/cmake/export_mezuak__rosidl_typesupport_fastrtps_cExport-noconfig.cmake
[7.843s] -- Installing: /home/javierac/mounted/ws/install/mezuak/share/mezuak/cmake/export_mezuak__rosidl_generator_cppExport.cmake
[7.844s] -- Installing: /home/javierac/mounted/ws/install/mezuak/share/mezuak/cmake/export_mezuak__rosidl_typesupport_fastrtps_cppExport.cmake
[7.844s] -- Installing: /home/javierac/mounted/ws/install/mezuak/share/mezuak/cmake/export_mezuak__rosidl_typesupport_fastrtps_cppExport-noconfig.cmake
[7.844s] -- Installing: /home/javierac/mounted/ws/install/mezuak/share/mezuak/cmake/mezuak__rosidl_typesupport_introspection_cExport.cmake
[7.844s] -- Installing: /home/javierac/mounted/ws/install/mezuak/share/mezuak/cmake/mezuak__rosidl_typesupport_introspection_cExport-noconfig.cmake
[7.844s] -- Installing: /home/javierac/mounted/ws/install/mezuak/share/mezuak/cmake/mezuak__rosidl_typesupport_cExport.cmake
[7.844s] -- Installing: /home/javierac/mounted/ws/install/mezuak/share/mezuak/cmake/mezuak__rosidl_typesupport_cExport-noconfig.cmake
[7.844s] -- Installing: /home/javierac/mounted/ws/install/mezuak/share/mezuak/cmake/mezuak__rosidl_typesupport_introspection_cppExport.cmake
[7.845s] -- Installing: /home/javierac/mounted/ws/install/mezuak/share/mezuak/cmake/mezuak__rosidl_typesupport_introspection_cppExport-noconfig.cmake
[7.845s] -- Installing: /home/javierac/mounted/ws/install/mezuak/share/mezuak/cmake/mezuak__rosidl_typesupport_cppExport.cmake
[7.845s] -- Installing: /home/javierac/mounted/ws/install/mezuak/share/mezuak/cmake/mezuak__rosidl_typesupport_cppExport-noconfig.cmake
[7.845s] -- Installing: /home/javierac/mounted/ws/install/mezuak/share/mezuak/cmake/export_mezuak__rosidl_generator_pyExport.cmake
[7.845s] -- Installing: /home/javierac/mounted/ws/install/mezuak/share/mezuak/cmake/export_mezuak__rosidl_generator_pyExport-noconfig.cmake
[7.845s] -- Installing: /home/javierac/mounted/ws/install/mezuak/share/mezuak/cmake/rosidl_cmake-extras.cmake
[7.845s] -- Installing: /home/javierac/mounted/ws/install/mezuak/share/mezuak/cmake/ament_cmake_export_dependencies-extras.cmake
[7.845s] -- Installing: /home/javierac/mounted/ws/install/mezuak/share/mezuak/cmake/ament_cmake_export_include_directories-extras.cmake
[7.846s] -- Installing: /home/javierac/mounted/ws/install/mezuak/share/mezuak/cmake/ament_cmake_export_libraries-extras.cmake
[7.846s] -- Installing: /home/javierac/mounted/ws/install/mezuak/share/mezuak/cmake/ament_cmake_export_targets-extras.cmake
[7.846s] -- Installing: /home/javierac/mounted/ws/install/mezuak/share/mezuak/cmake/rosidl_cmake_export_typesupport_targets-extras.cmake
[7.846s] -- Installing: /home/javierac/mounted/ws/install/mezuak/share/mezuak/cmake/rosidl_cmake_export_typesupport_libraries-extras.cmake
[7.846s] -- Installing: /home/javierac/mounted/ws/install/mezuak/share/mezuak/cmake/mezuakConfig.cmake
[7.846s] -- Installing: /home/javierac/mounted/ws/install/mezuak/share/mezuak/cmake/mezuakConfig-version.cmake
[7.846s] -- Installing: /home/javierac/mounted/ws/install/mezuak/share/mezuak/package.xml
[7.850s] Invoked command in '/home/javierac/mounted/ws/build/mezuak' returned '0': CMAKE_PREFIX_PATH=${CMAKE_PREFIX_PATH}:/opt/ros/jazzy /usr/bin/cmake --install /home/javierac/mounted/ws/build/mezuak
