running develop
Removing /home/javierac/mounted/ws/install/ip_nodes/lib/python3.12/site-packages/ip-nodes.egg-link (link to .)
running egg_info
writing ../../build/ip_nodes/ip_nodes.egg-info/PKG-INFO
writing dependency_links to ../../build/ip_nodes/ip_nodes.egg-info/dependency_links.txt
writing entry points to ../../build/ip_nodes/ip_nodes.egg-info/entry_points.txt
writing requirements to ../../build/ip_nodes/ip_nodes.egg-info/requires.txt
writing top-level names to ../../build/ip_nodes/ip_nodes.egg-info/top_level.txt
reading manifest file '../../build/ip_nodes/ip_nodes.egg-info/SOURCES.txt'
adding license file 'LICENSE'
writing manifest file '../../build/ip_nodes/ip_nodes.egg-info/SOURCES.txt'
running build
running build_py
copying ip_nodes/subscriber_odom_member_function.py -> /home/javierac/mounted/ws/build/ip_nodes/build/lib/ip_nodes
running install
running install_lib
creating /home/javierac/mounted/ws/install/ip_nodes/lib/python3.12/site-packages/ip_nodes
copying /home/javierac/mounted/ws/build/ip_nodes/build/lib/ip_nodes/__init__.py -> /home/javierac/mounted/ws/install/ip_nodes/lib/python3.12/site-packages/ip_nodes
copying /home/javierac/mounted/ws/build/ip_nodes/build/lib/ip_nodes/subscriber_member_function.py -> /home/javierac/mounted/ws/install/ip_nodes/lib/python3.12/site-packages/ip_nodes
copying /home/javierac/mounted/ws/build/ip_nodes/build/lib/ip_nodes/publisher_member_function.py -> /home/javierac/mounted/ws/install/ip_nodes/lib/python3.12/site-packages/ip_nodes
copying /home/javierac/mounted/ws/build/ip_nodes/build/lib/ip_nodes/subscriber_odom_member_function.py -> /home/javierac/mounted/ws/install/ip_nodes/lib/python3.12/site-packages/ip_nodes
byte-compiling /home/javierac/mounted/ws/install/ip_nodes/lib/python3.12/site-packages/ip_nodes/__init__.py to __init__.cpython-312.pyc
byte-compiling /home/javierac/mounted/ws/install/ip_nodes/lib/python3.12/site-packages/ip_nodes/subscriber_member_function.py to subscriber_member_function.cpython-312.pyc
byte-compiling /home/javierac/mounted/ws/install/ip_nodes/lib/python3.12/site-packages/ip_nodes/publisher_member_function.py to publisher_member_function.cpython-312.pyc
byte-compiling /home/javierac/mounted/ws/install/ip_nodes/lib/python3.12/site-packages/ip_nodes/subscriber_odom_member_function.py to subscriber_odom_member_function.cpython-312.pyc
running install_data
copying resource/ip_nodes -> /home/javierac/mounted/ws/install/ip_nodes/share/ament_index/resource_index/packages
copying package.xml -> /home/javierac/mounted/ws/install/ip_nodes/share/ip_nodes
