[1.005s] Invoking command in '/home/javierac/mounted/ws/build/ip_nodes': PYTHONPATH=/home/javierac/mounted/ws/build/ip_nodes/prefix_override:/usr/lib/python3/dist-packages/colcon_core/task/python/colcon_distutils_commands:/home/javierac/mounted/ws/install/ip_nodes/lib/python3.12/site-packages:${PYTHONPATH} /usr/bin/python3 -W ignore:setup.py install is deprecated -W ignore:easy_install command is deprecated setup.py develop --uninstall --editable --build-directory /home/javierac/mounted/ws/build/ip_nodes/build
[1.365s] running develop
[1.562s] Removing /home/javierac/mounted/ws/install/ip_nodes/lib/python3.12/site-packages/ip-nodes.egg-link (link to .)
[1.595s] Invoked command in '/home/javierac/mounted/ws/build/ip_nodes' returned '0': PYTHONPATH=/home/javierac/mounted/ws/build/ip_nodes/prefix_override:/usr/lib/python3/dist-packages/colcon_core/task/python/colcon_distutils_commands:/home/javierac/mounted/ws/install/ip_nodes/lib/python3.12/site-packages:${PYTHONPATH} /usr/bin/python3 -W ignore:setup.py install is deprecated -W ignore:easy_install command is deprecated setup.py develop --uninstall --editable --build-directory /home/javierac/mounted/ws/build/ip_nodes/build
[1.596s] Invoking command in '/home/javierac/mounted/ws/src/ip_nodes': PYTHONPATH=/home/javierac/mounted/ws/build/ip_nodes/prefix_override:/usr/lib/python3/dist-packages/colcon_core/task/python/colcon_distutils_commands:/home/javierac/mounted/ws/install/ip_nodes/lib/python3.12/site-packages:${PYTHONPATH} /usr/bin/python3 -W ignore:setup.py install is deprecated -W ignore:easy_install command is deprecated setup.py egg_info --egg-base ../../build/ip_nodes build --build-base /home/javierac/mounted/ws/build/ip_nodes/build install --record /home/javierac/mounted/ws/build/ip_nodes/install.log --single-version-externally-managed install_data --force
[1.919s] running egg_info
[1.939s] writing ../../build/ip_nodes/ip_nodes.egg-info/PKG-INFO
[1.939s] writing dependency_links to ../../build/ip_nodes/ip_nodes.egg-info/dependency_links.txt
[1.940s] writing entry points to ../../build/ip_nodes/ip_nodes.egg-info/entry_points.txt
[1.940s] writing requirements to ../../build/ip_nodes/ip_nodes.egg-info/requires.txt
[1.940s] writing top-level names to ../../build/ip_nodes/ip_nodes.egg-info/top_level.txt
[1.981s] reading manifest file '../../build/ip_nodes/ip_nodes.egg-info/SOURCES.txt'
[1.981s] adding license file 'LICENSE'
[1.982s] writing manifest file '../../build/ip_nodes/ip_nodes.egg-info/SOURCES.txt'
[1.982s] running build
[1.982s] running build_py
[1.982s] copying ip_nodes/subscriber_odom_member_function.py -> /home/javierac/mounted/ws/build/ip_nodes/build/lib/ip_nodes
[1.982s] running install
[1.991s] running install_lib
[2.009s] creating /home/javierac/mounted/ws/install/ip_nodes/lib/python3.12/site-packages/ip_nodes
[2.009s] copying /home/javierac/mounted/ws/build/ip_nodes/build/lib/ip_nodes/__init__.py -> /home/javierac/mounted/ws/install/ip_nodes/lib/python3.12/site-packages/ip_nodes
[2.009s] copying /home/javierac/mounted/ws/build/ip_nodes/build/lib/ip_nodes/subscriber_member_function.py -> /home/javierac/mounted/ws/install/ip_nodes/lib/python3.12/site-packages/ip_nodes
[2.009s] copying /home/javierac/mounted/ws/build/ip_nodes/build/lib/ip_nodes/publisher_member_function.py -> /home/javierac/mounted/ws/install/ip_nodes/lib/python3.12/site-packages/ip_nodes
[2.009s] copying /home/javierac/mounted/ws/build/ip_nodes/build/lib/ip_nodes/subscriber_odom_member_function.py -> /home/javierac/mounted/ws/install/ip_nodes/lib/python3.12/site-packages/ip_nodes
[2.010s] byte-compiling /home/javierac/mounted/ws/install/ip_nodes/lib/python3.12/site-packages/ip_nodes/__init__.py to __init__.cpython-312.pyc
[2.010s] byte-compiling /home/javierac/mounted/ws/install/ip_nodes/lib/python3.12/site-packages/ip_nodes/subscriber_member_function.py to subscriber_member_function.cpython-312.pyc
[2.011s] byte-compiling /home/javierac/mounted/ws/install/ip_nodes/lib/python3.12/site-packages/ip_nodes/publisher_member_function.py to publisher_member_function.cpython-312.pyc
[2.012s] byte-compiling /home/javierac/mounted/ws/install/ip_nodes/lib/python3.12/site-packages/ip_nodes/subscriber_odom_member_function.py to subscriber_odom_member_function.cpython-312.pyc
[2.013s] running install_data
[2.013s] copying resource/ip_nodes -> /home/javierac/mounted/ws/install/ip_nodes/share/ament_index/resource_index/packages
[2.013s] copying package.xml -> /home/javierac/mounted/ws/install/ip_nodes/share/ip_nodes
[2.013s] error: can't copy 'launch/display.launch.py': doesn't exist or not a regular file
[2.041s] Invoked command in '/home/javierac/mounted/ws/src/ip_nodes' returned '1': PYTHONPATH=/home/javierac/mounted/ws/build/ip_nodes/prefix_override:/usr/lib/python3/dist-packages/colcon_core/task/python/colcon_distutils_commands:/home/javierac/mounted/ws/install/ip_nodes/lib/python3.12/site-packages:${PYTHONPATH} /usr/bin/python3 -W ignore:setup.py install is deprecated -W ignore:easy_install command is deprecated setup.py egg_info --egg-base ../../build/ip_nodes build --build-base /home/javierac/mounted/ws/build/ip_nodes/build install --record /home/javierac/mounted/ws/build/ip_nodes/install.log --single-version-externally-managed install_data --force
