[1.553s] Invoking command in '/home/javierac/mounted/ws/src/ip_nodes': PYTHONPATH=/home/javierac/mounted/ws/build/ip_nodes/prefix_override:/usr/lib/python3/dist-packages/colcon_core/task/python/colcon_distutils_commands:/home/javierac/mounted/ws/install/ip_nodes/lib/python3.12/site-packages:${PYTHONPATH} /usr/bin/python3 -W ignore:setup.py install is deprecated -W ignore:easy_install command is deprecated setup.py egg_info --egg-base ../../build/ip_nodes build --build-base /home/javierac/mounted/ws/build/ip_nodes/build install --record /home/javierac/mounted/ws/build/ip_nodes/install.log --single-version-externally-managed install_data
[2.036s] running egg_info
[2.063s] writing ../../build/ip_nodes/ip_nodes.egg-info/PKG-INFO
[2.063s] writing dependency_links to ../../build/ip_nodes/ip_nodes.egg-info/dependency_links.txt
[2.064s] writing entry points to ../../build/ip_nodes/ip_nodes.egg-info/entry_points.txt
[2.064s] writing requirements to ../../build/ip_nodes/ip_nodes.egg-info/requires.txt
[2.064s] writing top-level names to ../../build/ip_nodes/ip_nodes.egg-info/top_level.txt
[2.116s] reading manifest file '../../build/ip_nodes/ip_nodes.egg-info/SOURCES.txt'
[2.117s] adding license file 'LICENSE'
[2.118s] writing manifest file '../../build/ip_nodes/ip_nodes.egg-info/SOURCES.txt'
[2.118s] running build
[2.119s] running build_py
[2.119s] running install
[2.131s] running install_lib
[2.157s] running install_data
[2.157s] running install_egg_info
[2.187s] removing '/home/javierac/mounted/ws/install/ip_nodes/lib/python3.12/site-packages/ip_nodes-0.0.0-py3.12.egg-info' (and everything under it)
[2.188s] Copying ../../build/ip_nodes/ip_nodes.egg-info to /home/javierac/mounted/ws/install/ip_nodes/lib/python3.12/site-packages/ip_nodes-0.0.0-py3.12.egg-info
[2.189s] running install_scripts
[2.383s] Installing biraketa_sentsorea script to /home/javierac/mounted/ws/install/ip_nodes/lib/ip_nodes
[2.383s] Installing joint_states script to /home/javierac/mounted/ws/install/ip_nodes/lib/ip_nodes
[2.384s] Installing mando script to /home/javierac/mounted/ws/install/ip_nodes/lib/ip_nodes
[2.384s] Installing mugimendu_motorrak script to /home/javierac/mounted/ws/install/ip_nodes/lib/ip_nodes
[2.385s] Installing teklatua script to /home/javierac/mounted/ws/install/ip_nodes/lib/ip_nodes
[2.385s] Installing ultrasoinu_sentsorea script to /home/javierac/mounted/ws/install/ip_nodes/lib/ip_nodes
[2.385s] writing list of installed files to '/home/javierac/mounted/ws/build/ip_nodes/install.log'
[2.429s] Invoked command in '/home/javierac/mounted/ws/src/ip_nodes' returned '0': PYTHONPATH=/home/javierac/mounted/ws/build/ip_nodes/prefix_override:/usr/lib/python3/dist-packages/colcon_core/task/python/colcon_distutils_commands:/home/javierac/mounted/ws/install/ip_nodes/lib/python3.12/site-packages:${PYTHONPATH} /usr/bin/python3 -W ignore:setup.py install is deprecated -W ignore:easy_install command is deprecated setup.py egg_info --egg-base ../../build/ip_nodes build --build-base /home/javierac/mounted/ws/build/ip_nodes/build install --record /home/javierac/mounted/ws/build/ip_nodes/install.log --single-version-externally-managed install_data
