[0.966s] Invoking command in '/home/javierac/eduros2_lego/ws/src/eduros2_lego': PYTHONPATH=/home/javierac/eduros2_lego/build/eduros2_lego/prefix_override:/usr/lib/python3/dist-packages/colcon_core/task/python/colcon_distutils_commands:/home/javierac/eduros2_lego/install/eduros2_lego/lib/python3.12/site-packages:${PYTHONPATH} /usr/bin/python3 -W ignore:setup.py install is deprecated -W ignore:easy_install command is deprecated setup.py egg_info --egg-base ../../../build/eduros2_lego build --build-base /home/javierac/eduros2_lego/build/eduros2_lego/build install --record /home/javierac/eduros2_lego/build/eduros2_lego/install.log --single-version-externally-managed install_data
[1.196s] running egg_info
[1.197s] creating ../../../build/eduros2_lego/eduros2_lego.egg-info
[1.210s] writing ../../../build/eduros2_lego/eduros2_lego.egg-info/PKG-INFO
[1.210s] writing dependency_links to ../../../build/eduros2_lego/eduros2_lego.egg-info/dependency_links.txt
[1.211s] writing entry points to ../../../build/eduros2_lego/eduros2_lego.egg-info/entry_points.txt
[1.211s] writing requirements to ../../../build/eduros2_lego/eduros2_lego.egg-info/requires.txt
[1.211s] writing top-level names to ../../../build/eduros2_lego/eduros2_lego.egg-info/top_level.txt
[1.211s] writing manifest file '../../../build/eduros2_lego/eduros2_lego.egg-info/SOURCES.txt'
[1.239s] reading manifest file '../../../build/eduros2_lego/eduros2_lego.egg-info/SOURCES.txt'
[1.239s] writing manifest file '../../../build/eduros2_lego/eduros2_lego.egg-info/SOURCES.txt'
[1.240s] running build
[1.240s] running build_py
[1.240s] creating /home/javierac/eduros2_lego/build/eduros2_lego/build
[1.240s] creating /home/javierac/eduros2_lego/build/eduros2_lego/build/lib
[1.240s] creating /home/javierac/eduros2_lego/build/eduros2_lego/build/lib/eduros2_lego
[1.240s] copying eduros2_lego/__init__.py -> /home/javierac/eduros2_lego/build/eduros2_lego/build/lib/eduros2_lego
[1.240s] copying eduros2_lego/teklatua.py -> /home/javierac/eduros2_lego/build/eduros2_lego/build/lib/eduros2_lego
[1.240s] copying eduros2_lego/joint_states.py -> /home/javierac/eduros2_lego/build/eduros2_lego/build/lib/eduros2_lego
[1.240s] copying eduros2_lego/mando.py -> /home/javierac/eduros2_lego/build/eduros2_lego/build/lib/eduros2_lego
[1.240s] copying eduros2_lego/ultrasoinu_sentsorea.py -> /home/javierac/eduros2_lego/build/eduros2_lego/build/lib/eduros2_lego
[1.240s] copying eduros2_lego/mugimendu_motorrak.py -> /home/javierac/eduros2_lego/build/eduros2_lego/build/lib/eduros2_lego
[1.241s] copying eduros2_lego/kolore_sentsorea.py -> /home/javierac/eduros2_lego/build/eduros2_lego/build/lib/eduros2_lego
[1.241s] copying eduros2_lego/biraketa_sentsorea.py -> /home/javierac/eduros2_lego/build/eduros2_lego/build/lib/eduros2_lego
[1.241s] copying eduros2_lego/zuzen_objektuarenganaino.py -> /home/javierac/eduros2_lego/build/eduros2_lego/build/lib/eduros2_lego
[1.241s] running install
[1.247s] running install_lib
[1.261s] creating /home/javierac/eduros2_lego/install/eduros2_lego/lib/python3.12/site-packages/eduros2_lego
[1.261s] copying /home/javierac/eduros2_lego/build/eduros2_lego/build/lib/eduros2_lego/__init__.py -> /home/javierac/eduros2_lego/install/eduros2_lego/lib/python3.12/site-packages/eduros2_lego
[1.261s] copying /home/javierac/eduros2_lego/build/eduros2_lego/build/lib/eduros2_lego/teklatua.py -> /home/javierac/eduros2_lego/install/eduros2_lego/lib/python3.12/site-packages/eduros2_lego
[1.261s] copying /home/javierac/eduros2_lego/build/eduros2_lego/build/lib/eduros2_lego/joint_states.py -> /home/javierac/eduros2_lego/install/eduros2_lego/lib/python3.12/site-packages/eduros2_lego
[1.261s] copying /home/javierac/eduros2_lego/build/eduros2_lego/build/lib/eduros2_lego/mando.py -> /home/javierac/eduros2_lego/install/eduros2_lego/lib/python3.12/site-packages/eduros2_lego
[1.261s] copying /home/javierac/eduros2_lego/build/eduros2_lego/build/lib/eduros2_lego/ultrasoinu_sentsorea.py -> /home/javierac/eduros2_lego/install/eduros2_lego/lib/python3.12/site-packages/eduros2_lego
[1.261s] copying /home/javierac/eduros2_lego/build/eduros2_lego/build/lib/eduros2_lego/mugimendu_motorrak.py -> /home/javierac/eduros2_lego/install/eduros2_lego/lib/python3.12/site-packages/eduros2_lego
[1.261s] copying /home/javierac/eduros2_lego/build/eduros2_lego/build/lib/eduros2_lego/kolore_sentsorea.py -> /home/javierac/eduros2_lego/install/eduros2_lego/lib/python3.12/site-packages/eduros2_lego
[1.262s] copying /home/javierac/eduros2_lego/build/eduros2_lego/build/lib/eduros2_lego/biraketa_sentsorea.py -> /home/javierac/eduros2_lego/install/eduros2_lego/lib/python3.12/site-packages/eduros2_lego
[1.262s] copying /home/javierac/eduros2_lego/build/eduros2_lego/build/lib/eduros2_lego/zuzen_objektuarenganaino.py -> /home/javierac/eduros2_lego/install/eduros2_lego/lib/python3.12/site-packages/eduros2_lego
[1.262s] byte-compiling /home/javierac/eduros2_lego/install/eduros2_lego/lib/python3.12/site-packages/eduros2_lego/__init__.py to __init__.cpython-312.pyc
[1.262s] byte-compiling /home/javierac/eduros2_lego/install/eduros2_lego/lib/python3.12/site-packages/eduros2_lego/teklatua.py to teklatua.cpython-312.pyc
[1.263s] byte-compiling /home/javierac/eduros2_lego/install/eduros2_lego/lib/python3.12/site-packages/eduros2_lego/joint_states.py to joint_states.cpython-312.pyc
[1.264s] byte-compiling /home/javierac/eduros2_lego/install/eduros2_lego/lib/python3.12/site-packages/eduros2_lego/mando.py to mando.cpython-312.pyc
[1.265s] byte-compiling /home/javierac/eduros2_lego/install/eduros2_lego/lib/python3.12/site-packages/eduros2_lego/ultrasoinu_sentsorea.py to ultrasoinu_sentsorea.cpython-312.pyc
[1.265s] byte-compiling /home/javierac/eduros2_lego/install/eduros2_lego/lib/python3.12/site-packages/eduros2_lego/mugimendu_motorrak.py to mugimendu_motorrak.cpython-312.pyc
[1.267s] byte-compiling /home/javierac/eduros2_lego/install/eduros2_lego/lib/python3.12/site-packages/eduros2_lego/kolore_sentsorea.py to kolore_sentsorea.cpython-312.pyc
[1.268s] byte-compiling /home/javierac/eduros2_lego/install/eduros2_lego/lib/python3.12/site-packages/eduros2_lego/biraketa_sentsorea.py to biraketa_sentsorea.cpython-312.pyc
[1.269s] byte-compiling /home/javierac/eduros2_lego/install/eduros2_lego/lib/python3.12/site-packages/eduros2_lego/zuzen_objektuarenganaino.py to zuzen_objektuarenganaino.cpython-312.pyc
[1.270s] running install_data
[1.270s] creating /home/javierac/eduros2_lego/install/eduros2_lego/share/ament_index
[1.270s] creating /home/javierac/eduros2_lego/install/eduros2_lego/share/ament_index/resource_index
[1.270s] creating /home/javierac/eduros2_lego/install/eduros2_lego/share/ament_index/resource_index/packages
[1.270s] copying resource/eduros2_lego -> /home/javierac/eduros2_lego/install/eduros2_lego/share/ament_index/resource_index/packages
[1.270s] copying package.xml -> /home/javierac/eduros2_lego/install/eduros2_lego/share/eduros2_lego
[1.270s] creating /home/javierac/eduros2_lego/install/eduros2_lego/share/eduros2_lego/launch
[1.270s] copying eduros2_lego/launch/display.launch.py -> /home/javierac/eduros2_lego/install/eduros2_lego/share/eduros2_lego/launch
[1.270s] copying eduros2_lego/launch/zuzen_objektuarenganaino.py -> /home/javierac/eduros2_lego/install/eduros2_lego/share/eduros2_lego/launch
[1.270s] copying eduros2_lego/launch/zuzen_pid_objektuarenganaino.py -> /home/javierac/eduros2_lego/install/eduros2_lego/share/eduros2_lego/launch
[1.270s] copying eduros2_lego/launch/fuzzy_zuzen.py -> /home/javierac/eduros2_lego/install/eduros2_lego/share/eduros2_lego/launch
[1.271s] copying eduros2_lego/launch/fuzzy_nn_zuzen.py -> /home/javierac/eduros2_lego/install/eduros2_lego/share/eduros2_lego/launch
[1.271s] creating /home/javierac/eduros2_lego/install/eduros2_lego/share/eduros2_lego/config
[1.271s] copying eduros2_lego/config/params.yaml -> /home/javierac/eduros2_lego/install/eduros2_lego/share/eduros2_lego/config
[1.271s] creating /home/javierac/eduros2_lego/install/eduros2_lego/share/eduros2_lego/sim
[1.271s] copying eduros2_lego/sim/robot.urdf -> /home/javierac/eduros2_lego/install/eduros2_lego/share/eduros2_lego/sim
[1.271s] copying eduros2_lego/sim/conf.rviz -> /home/javierac/eduros2_lego/install/eduros2_lego/share/eduros2_lego/sim
[1.271s] running install_egg_info
[1.287s] Copying ../../../build/eduros2_lego/eduros2_lego.egg-info to /home/javierac/eduros2_lego/install/eduros2_lego/lib/python3.12/site-packages/eduros2_lego-0.0.0-py3.12.egg-info
[1.287s] running install_scripts
[1.393s] Installing biraketa_sentsorea script to /home/javierac/eduros2_lego/install/eduros2_lego/lib/eduros2_lego
[1.394s] Installing joint_states script to /home/javierac/eduros2_lego/install/eduros2_lego/lib/eduros2_lego
[1.394s] Installing kolore_sentsorea script to /home/javierac/eduros2_lego/install/eduros2_lego/lib/eduros2_lego
[1.394s] Installing mando script to /home/javierac/eduros2_lego/install/eduros2_lego/lib/eduros2_lego
[1.394s] Installing mugimendu_motorrak script to /home/javierac/eduros2_lego/install/eduros2_lego/lib/eduros2_lego
[1.394s] Installing teklatua script to /home/javierac/eduros2_lego/install/eduros2_lego/lib/eduros2_lego
[1.394s] Installing ultrasoinu_sentsorea script to /home/javierac/eduros2_lego/install/eduros2_lego/lib/eduros2_lego
[1.394s] Installing zuzen_objektuarenganaino script to /home/javierac/eduros2_lego/install/eduros2_lego/lib/eduros2_lego
[1.395s] writing list of installed files to '/home/javierac/eduros2_lego/build/eduros2_lego/install.log'
[1.421s] Invoked command in '/home/javierac/eduros2_lego/ws/src/eduros2_lego' returned '0': PYTHONPATH=/home/javierac/eduros2_lego/build/eduros2_lego/prefix_override:/usr/lib/python3/dist-packages/colcon_core/task/python/colcon_distutils_commands:/home/javierac/eduros2_lego/install/eduros2_lego/lib/python3.12/site-packages:${PYTHONPATH} /usr/bin/python3 -W ignore:setup.py install is deprecated -W ignore:easy_install command is deprecated setup.py egg_info --egg-base ../../../build/eduros2_lego build --build-base /home/javierac/eduros2_lego/build/eduros2_lego/build install --record /home/javierac/eduros2_lego/build/eduros2_lego/install.log --single-version-externally-managed install_data
