[1.181s] Invoking command in '/home/javierac/mounted/ws/build/ip_nodes': PYTHONPATH=/home/javierac/mounted/ws/build/ip_nodes/prefix_override:/usr/lib/python3/dist-packages/colcon_core/task/python/colcon_distutils_commands:/home/javierac/mounted/ws/install/ip_nodes/lib/python3.12/site-packages:${PYTHONPATH} /usr/bin/python3 -W ignore:setup.py install is deprecated setup.py develop --editable --build-directory /home/javierac/mounted/ws/build/ip_nodes/build --no-deps symlink_data --force
[1.557s] running develop
[1.558s] /usr/lib/python3/dist-packages/setuptools/command/develop.py:40: EasyInstallDeprecationWarning: easy_install command is deprecated.
[1.559s] !!
[1.559s] 
[1.559s]         ********************************************************************************
[1.559s]         Please avoid running ``setup.py`` and ``easy_install``.
[1.559s]         Instead, use pypa/build, pypa/installer or other
[1.559s]         standards-based tools.
[1.559s] 
[1.559s]         See https://github.com/pypa/setuptools/issues/917 for details.
[1.560s]         ********************************************************************************
[1.560s] 
[1.560s] !!
[1.560s]   easy_install.initialize_options(self)
[1.745s] running egg_info
[1.762s] writing ip_nodes.egg-info/PKG-INFO
[1.763s] writing dependency_links to ip_nodes.egg-info/dependency_links.txt
[1.763s] writing entry points to ip_nodes.egg-info/entry_points.txt
[1.764s] writing requirements to ip_nodes.egg-info/requires.txt
[1.764s] writing top-level names to ip_nodes.egg-info/top_level.txt
[1.799s] reading manifest file 'ip_nodes.egg-info/SOURCES.txt'
[1.800s] writing manifest file 'ip_nodes.egg-info/SOURCES.txt'
[1.822s] running build_ext
[1.828s] Creating /home/javierac/mounted/ws/install/ip_nodes/lib/python3.12/site-packages/ip-nodes.egg-link (link to .)
[1.829s] Installing listener script to /home/javierac/mounted/ws/install/ip_nodes/lib/ip_nodes
[1.830s] Installing talker script to /home/javierac/mounted/ws/install/ip_nodes/lib/ip_nodes
[1.830s] 
[1.831s] Installed /home/javierac/mounted/ws/build/ip_nodes
[1.831s] running symlink_data
[1.831s] symbolically linking /home/javierac/mounted/ws/build/ip_nodes/resource/ip_nodes -> /home/javierac/mounted/ws/install/ip_nodes/share/ament_index/resource_index/packages
[1.831s] symbolically linking /home/javierac/mounted/ws/build/ip_nodes/package.xml -> /home/javierac/mounted/ws/install/ip_nodes/share/ip_nodes
[1.874s] Invoked command in '/home/javierac/mounted/ws/build/ip_nodes' returned '0': PYTHONPATH=/home/javierac/mounted/ws/build/ip_nodes/prefix_override:/usr/lib/python3/dist-packages/colcon_core/task/python/colcon_distutils_commands:/home/javierac/mounted/ws/install/ip_nodes/lib/python3.12/site-packages:${PYTHONPATH} /usr/bin/python3 -W ignore:setup.py install is deprecated setup.py develop --editable --build-directory /home/javierac/mounted/ws/build/ip_nodes/build --no-deps symlink_data --force
