[0.256s] Invoking command in '/home/javierac/mounted/ws/build/mezuak': CMAKE_PREFIX_PATH=${CMAKE_PREFIX_PATH}:/home/javierac/mounted/ws/install/ip_nodes:/opt/ros/jazzy /usr/bin/cmake --build /home/javierac/mounted/ws/build/mezuak -- -j20 -l20
[0.343s] [  2%] Built target mezuak__rosidl_generator_type_description
[0.363s] [  2%] Built target ament_cmake_python_copy_mezuak
[0.384s] [ 17%] Built target mezuak__rosidl_generator_c
[0.384s] [ 20%] Built target mezuak__cpp
[0.427s] [ 29%] Built target mezuak__rosidl_typesupport_introspection_c
[0.432s] [ 55%] Built target mezuak__rosidl_typesupport_c
[0.432s] [ 55%] Built target mezuak__rosidl_typesupport_introspection_cpp
[0.432s] [ 55%] Built target mezuak__rosidl_typesupport_fastrtps_c
[0.471s] [ 64%] Built target mezuak__rosidl_typesupport_cpp
[0.476s] [ 73%] Built target mezuak__rosidl_typesupport_fastrtps_cpp
[0.520s] [ 73%] Built target mezuak
[0.568s] [ 76%] Built target mezuak__py
[0.626s] [ 82%] Built target mezuak__rosidl_generator_py
[0.678s] [ 88%] Built target mezuak_s__rosidl_typesupport_fastrtps_c
[0.683s] [ 94%] Built target mezuak_s__rosidl_typesupport_introspection_c
[0.690s] [100%] Built target mezuak_s__rosidl_typesupport_c
[0.747s] running egg_info
[0.771s] writing mezuak.egg-info/PKG-INFO
[0.772s] writing dependency_links to mezuak.egg-info/dependency_links.txt
[0.772s] writing top-level names to mezuak.egg-info/top_level.txt
[0.834s] reading manifest file 'mezuak.egg-info/SOURCES.txt'
[0.835s] writing manifest file 'mezuak.egg-info/SOURCES.txt'
[0.877s] [100%] Built target ament_cmake_python_build_mezuak_egg
[0.896s] Invoked command in '/home/javierac/mounted/ws/build/mezuak' returned '0': CMAKE_PREFIX_PATH=${CMAKE_PREFIX_PATH}:/home/javierac/mounted/ws/install/ip_nodes:/opt/ros/jazzy /usr/bin/cmake --build /home/javierac/mounted/ws/build/mezuak -- -j20 -l20
[0.912s] Invoking command in '/home/javierac/mounted/ws/build/mezuak': CMAKE_PREFIX_PATH=${CMAKE_PREFIX_PATH}:/home/javierac/mounted/ws/install/ip_nodes:/opt/ros/jazzy /usr/bin/cmake --install /home/javierac/mounted/ws/build/mezuak
[0.926s] -- Install configuration: ""
[0.926s] -- Up-to-date: /home/javierac/mounted/ws/install/mezuak/share/ament_index/resource_index/rosidl_interfaces/mezuak
[0.926s] -- Up-to-date: /home/javierac/mounted/ws/install/mezuak/share/mezuak/msg/MugimenduKodetzaileak.json
[0.926s] -- Up-to-date: /home/javierac/mounted/ws/install/mezuak/include/mezuak/mezuak
[0.926s] -- Up-to-date: /home/javierac/mounted/ws/install/mezuak/include/mezuak/mezuak/msg
[0.926s] -- Up-to-date: /home/javierac/mounted/ws/install/mezuak/include/mezuak/mezuak/msg/rosidl_generator_c__visibility_control.h
[0.926s] -- Up-to-date: /home/javierac/mounted/ws/install/mezuak/include/mezuak/mezuak/msg/mugimendu_kodetzaileak.h
[0.927s] -- Up-to-date: /home/javierac/mounted/ws/install/mezuak/include/mezuak/mezuak/msg/detail
[0.927s] -- Up-to-date: /home/javierac/mounted/ws/install/mezuak/include/mezuak/mezuak/msg/detail/mugimendu_kodetzaileak__struct.h
[0.927s] -- Up-to-date: /home/javierac/mounted/ws/install/mezuak/include/mezuak/mezuak/msg/detail/mugimendu_kodetzaileak__description.c
[0.927s] -- Up-to-date: /home/javierac/mounted/ws/install/mezuak/include/mezuak/mezuak/msg/detail/mugimendu_kodetzaileak__type_support.h
[0.927s] -- Up-to-date: /home/javierac/mounted/ws/install/mezuak/include/mezuak/mezuak/msg/detail/mugimendu_kodetzaileak__functions.c
[0.927s] -- Up-to-date: /home/javierac/mounted/ws/install/mezuak/include/mezuak/mezuak/msg/detail/mugimendu_kodetzaileak__functions.h
[0.927s] -- Up-to-date: /home/javierac/mounted/ws/install/mezuak/include/mezuak/mezuak/msg/detail/mugimendu_kodetzaileak__type_support.c
[0.927s] -- Up-to-date: /home/javierac/mounted/ws/install/mezuak/share/mezuak/environment/library_path.sh
[0.928s] -- Up-to-date: /home/javierac/mounted/ws/install/mezuak/share/mezuak/environment/library_path.dsv
[0.928s] -- Up-to-date: /home/javierac/mounted/ws/install/mezuak/lib/libmezuak__rosidl_generator_c.so
[0.928s] -- Up-to-date: /home/javierac/mounted/ws/install/mezuak/include/mezuak/mezuak
[0.928s] -- Up-to-date: /home/javierac/mounted/ws/install/mezuak/include/mezuak/mezuak/msg
[0.928s] -- Up-to-date: /home/javierac/mounted/ws/install/mezuak/include/mezuak/mezuak/msg/rosidl_typesupport_fastrtps_c__visibility_control.h
[0.928s] -- Up-to-date: /home/javierac/mounted/ws/install/mezuak/include/mezuak/mezuak/msg/detail
[0.929s] -- Up-to-date: /home/javierac/mounted/ws/install/mezuak/include/mezuak/mezuak/msg/detail/mugimendu_kodetzaileak__rosidl_typesupport_fastrtps_c.h
[0.929s] -- Up-to-date: /home/javierac/mounted/ws/install/mezuak/lib/libmezuak__rosidl_typesupport_fastrtps_c.so
[0.929s] -- Up-to-date: /home/javierac/mounted/ws/install/mezuak/include/mezuak/mezuak
[0.929s] -- Up-to-date: /home/javierac/mounted/ws/install/mezuak/include/mezuak/mezuak/msg
[0.929s] -- Up-to-date: /home/javierac/mounted/ws/install/mezuak/include/mezuak/mezuak/msg/rosidl_generator_cpp__visibility_control.hpp
[0.929s] -- Up-to-date: /home/javierac/mounted/ws/install/mezuak/include/mezuak/mezuak/msg/mugimendu_kodetzaileak.hpp
[0.929s] -- Up-to-date: /home/javierac/mounted/ws/install/mezuak/include/mezuak/mezuak/msg/detail
[0.929s] -- Up-to-date: /home/javierac/mounted/ws/install/mezuak/include/mezuak/mezuak/msg/detail/mugimendu_kodetzaileak__traits.hpp
[0.929s] -- Up-to-date: /home/javierac/mounted/ws/install/mezuak/include/mezuak/mezuak/msg/detail/mugimendu_kodetzaileak__struct.hpp
[0.929s] -- Up-to-date: /home/javierac/mounted/ws/install/mezuak/include/mezuak/mezuak/msg/detail/mugimendu_kodetzaileak__builder.hpp
[0.930s] -- Up-to-date: /home/javierac/mounted/ws/install/mezuak/include/mezuak/mezuak/msg/detail/mugimendu_kodetzaileak__type_support.hpp
[0.930s] -- Up-to-date: /home/javierac/mounted/ws/install/mezuak/include/mezuak/mezuak
[0.930s] -- Up-to-date: /home/javierac/mounted/ws/install/mezuak/include/mezuak/mezuak/msg
[0.930s] -- Up-to-date: /home/javierac/mounted/ws/install/mezuak/include/mezuak/mezuak/msg/rosidl_typesupport_fastrtps_cpp__visibility_control.h
[0.930s] -- Up-to-date: /home/javierac/mounted/ws/install/mezuak/include/mezuak/mezuak/msg/detail
[0.930s] -- Up-to-date: /home/javierac/mounted/ws/install/mezuak/include/mezuak/mezuak/msg/detail/mugimendu_kodetzaileak__rosidl_typesupport_fastrtps_cpp.hpp
[0.930s] -- Up-to-date: /home/javierac/mounted/ws/install/mezuak/include/mezuak/mezuak/msg/detail/dds_fastrtps
[0.930s] -- Up-to-date: /home/javierac/mounted/ws/install/mezuak/lib/libmezuak__rosidl_typesupport_fastrtps_cpp.so
[0.930s] -- Up-to-date: /home/javierac/mounted/ws/install/mezuak/include/mezuak/mezuak
[0.930s] -- Up-to-date: /home/javierac/mounted/ws/install/mezuak/include/mezuak/mezuak/msg
[0.931s] -- Up-to-date: /home/javierac/mounted/ws/install/mezuak/include/mezuak/mezuak/msg/rosidl_typesupport_introspection_c__visibility_control.h
[0.931s] -- Up-to-date: /home/javierac/mounted/ws/install/mezuak/include/mezuak/mezuak/msg/detail
[0.931s] -- Up-to-date: /home/javierac/mounted/ws/install/mezuak/include/mezuak/mezuak/msg/detail/mugimendu_kodetzaileak__type_support.c
[0.931s] -- Up-to-date: /home/javierac/mounted/ws/install/mezuak/include/mezuak/mezuak/msg/detail/mugimendu_kodetzaileak__rosidl_typesupport_introspection_c.h
[0.931s] -- Up-to-date: /home/javierac/mounted/ws/install/mezuak/lib/libmezuak__rosidl_typesupport_introspection_c.so
[0.931s] -- Up-to-date: /home/javierac/mounted/ws/install/mezuak/lib/libmezuak__rosidl_typesupport_c.so
[0.931s] -- Up-to-date: /home/javierac/mounted/ws/install/mezuak/include/mezuak/mezuak
[0.931s] -- Up-to-date: /home/javierac/mounted/ws/install/mezuak/include/mezuak/mezuak/msg
[0.932s] -- Up-to-date: /home/javierac/mounted/ws/install/mezuak/include/mezuak/mezuak/msg/detail
[0.932s] -- Up-to-date: /home/javierac/mounted/ws/install/mezuak/include/mezuak/mezuak/msg/detail/mugimendu_kodetzaileak__rosidl_typesupport_introspection_cpp.hpp
[0.932s] -- Up-to-date: /home/javierac/mounted/ws/install/mezuak/include/mezuak/mezuak/msg/detail/mugimendu_kodetzaileak__type_support.cpp
[0.932s] -- Up-to-date: /home/javierac/mounted/ws/install/mezuak/lib/libmezuak__rosidl_typesupport_introspection_cpp.so
[0.932s] -- Up-to-date: /home/javierac/mounted/ws/install/mezuak/lib/libmezuak__rosidl_typesupport_cpp.so
[0.932s] -- Up-to-date: /home/javierac/mounted/ws/install/mezuak/share/mezuak/environment/pythonpath.sh
[0.932s] -- Up-to-date: /home/javierac/mounted/ws/install/mezuak/share/mezuak/environment/pythonpath.dsv
[0.932s] -- Up-to-date: /home/javierac/mounted/ws/install/mezuak/lib/python3.12/site-packages/mezuak-0.0.1-py3.12.egg-info
[0.932s] -- Installing: /home/javierac/mounted/ws/install/mezuak/lib/python3.12/site-packages/mezuak-0.0.1-py3.12.egg-info/dependency_links.txt
[0.932s] -- Installing: /home/javierac/mounted/ws/install/mezuak/lib/python3.12/site-packages/mezuak-0.0.1-py3.12.egg-info/PKG-INFO
[0.932s] -- Installing: /home/javierac/mounted/ws/install/mezuak/lib/python3.12/site-packages/mezuak-0.0.1-py3.12.egg-info/SOURCES.txt
[0.932s] -- Installing: /home/javierac/mounted/ws/install/mezuak/lib/python3.12/site-packages/mezuak-0.0.1-py3.12.egg-info/top_level.txt
[0.933s] -- Up-to-date: /home/javierac/mounted/ws/install/mezuak/lib/python3.12/site-packages/mezuak
[0.933s] -- Up-to-date: /home/javierac/mounted/ws/install/mezuak/lib/python3.12/site-packages/mezuak/__init__.py
[0.933s] -- Up-to-date: /home/javierac/mounted/ws/install/mezuak/lib/python3.12/site-packages/mezuak/mezuak_s__rosidl_typesupport_fastrtps_c.so
[0.933s] -- Up-to-date: /home/javierac/mounted/ws/install/mezuak/lib/python3.12/site-packages/mezuak/_mezuak_s.ep.rosidl_typesupport_c.c
[0.933s] -- Up-to-date: /home/javierac/mounted/ws/install/mezuak/lib/python3.12/site-packages/mezuak/mezuak_s__rosidl_typesupport_c.so
[0.933s] -- Up-to-date: /home/javierac/mounted/ws/install/mezuak/lib/python3.12/site-packages/mezuak/_mezuak_s.ep.rosidl_typesupport_fastrtps_c.c
[0.933s] -- Up-to-date: /home/javierac/mounted/ws/install/mezuak/lib/python3.12/site-packages/mezuak/_mezuak_s.ep.rosidl_typesupport_introspection_c.c
[0.933s] -- Up-to-date: /home/javierac/mounted/ws/install/mezuak/lib/python3.12/site-packages/mezuak/mezuak_s__rosidl_typesupport_introspection_c.so
[0.933s] -- Up-to-date: /home/javierac/mounted/ws/install/mezuak/lib/python3.12/site-packages/mezuak/msg
[0.933s] -- Up-to-date: /home/javierac/mounted/ws/install/mezuak/lib/python3.12/site-packages/mezuak/msg/__init__.py
[0.933s] -- Up-to-date: /home/javierac/mounted/ws/install/mezuak/lib/python3.12/site-packages/mezuak/msg/_mugimendu_kodetzaileak.py
[0.933s] -- Up-to-date: /home/javierac/mounted/ws/install/mezuak/lib/python3.12/site-packages/mezuak/msg/_mugimendu_kodetzaileak_s.c
[0.988s] Listing '/home/javierac/mounted/ws/install/mezuak/lib/python3.12/site-packages/mezuak'...
[0.989s] Listing '/home/javierac/mounted/ws/install/mezuak/lib/python3.12/site-packages/mezuak/msg'...
[0.997s] -- Up-to-date: /home/javierac/mounted/ws/install/mezuak/lib/python3.12/site-packages/mezuak/mezuak_s__rosidl_typesupport_fastrtps_c.so
[0.997s] -- Up-to-date: /home/javierac/mounted/ws/install/mezuak/lib/python3.12/site-packages/mezuak/mezuak_s__rosidl_typesupport_introspection_c.so
[0.997s] -- Up-to-date: /home/javierac/mounted/ws/install/mezuak/lib/python3.12/site-packages/mezuak/mezuak_s__rosidl_typesupport_c.so
[0.998s] -- Up-to-date: /home/javierac/mounted/ws/install/mezuak/lib/libmezuak__rosidl_generator_py.so
[0.998s] -- Up-to-date: /home/javierac/mounted/ws/install/mezuak/share/mezuak/msg/MugimenduKodetzaileak.idl
[0.998s] -- Up-to-date: /home/javierac/mounted/ws/install/mezuak/share/mezuak/msg/MugimenduKodetzaileak.msg
[0.999s] -- Up-to-date: /home/javierac/mounted/ws/install/mezuak/share/ament_index/resource_index/package_run_dependencies/mezuak
[0.999s] -- Up-to-date: /home/javierac/mounted/ws/install/mezuak/share/ament_index/resource_index/parent_prefix_path/mezuak
[0.999s] -- Up-to-date: /home/javierac/mounted/ws/install/mezuak/share/mezuak/environment/ament_prefix_path.sh
[0.999s] -- Up-to-date: /home/javierac/mounted/ws/install/mezuak/share/mezuak/environment/ament_prefix_path.dsv
[0.999s] -- Up-to-date: /home/javierac/mounted/ws/install/mezuak/share/mezuak/environment/path.sh
[0.999s] -- Up-to-date: /home/javierac/mounted/ws/install/mezuak/share/mezuak/environment/path.dsv
[0.999s] -- Up-to-date: /home/javierac/mounted/ws/install/mezuak/share/mezuak/local_setup.bash
[0.999s] -- Up-to-date: /home/javierac/mounted/ws/install/mezuak/share/mezuak/local_setup.sh
[0.999s] -- Up-to-date: /home/javierac/mounted/ws/install/mezuak/share/mezuak/local_setup.zsh
[1.000s] -- Up-to-date: /home/javierac/mounted/ws/install/mezuak/share/mezuak/local_setup.dsv
[1.000s] -- Installing: /home/javierac/mounted/ws/install/mezuak/share/mezuak/package.dsv
[1.000s] -- Up-to-date: /home/javierac/mounted/ws/install/mezuak/share/ament_index/resource_index/packages/mezuak
[1.000s] -- Up-to-date: /home/javierac/mounted/ws/install/mezuak/share/mezuak/cmake/export_mezuak__rosidl_generator_cExport.cmake
[1.000s] -- Up-to-date: /home/javierac/mounted/ws/install/mezuak/share/mezuak/cmake/export_mezuak__rosidl_generator_cExport-noconfig.cmake
[1.000s] -- Up-to-date: /home/javierac/mounted/ws/install/mezuak/share/mezuak/cmake/export_mezuak__rosidl_typesupport_fastrtps_cExport.cmake
[1.000s] -- Up-to-date: /home/javierac/mounted/ws/install/mezuak/share/mezuak/cmake/export_mezuak__rosidl_typesupport_fastrtps_cExport-noconfig.cmake
[1.000s] -- Up-to-date: /home/javierac/mounted/ws/install/mezuak/share/mezuak/cmake/export_mezuak__rosidl_generator_cppExport.cmake
[1.000s] -- Up-to-date: /home/javierac/mounted/ws/install/mezuak/share/mezuak/cmake/export_mezuak__rosidl_typesupport_fastrtps_cppExport.cmake
[1.001s] -- Up-to-date: /home/javierac/mounted/ws/install/mezuak/share/mezuak/cmake/export_mezuak__rosidl_typesupport_fastrtps_cppExport-noconfig.cmake
[1.001s] -- Up-to-date: /home/javierac/mounted/ws/install/mezuak/share/mezuak/cmake/mezuak__rosidl_typesupport_introspection_cExport.cmake
[1.001s] -- Up-to-date: /home/javierac/mounted/ws/install/mezuak/share/mezuak/cmake/mezuak__rosidl_typesupport_introspection_cExport-noconfig.cmake
[1.001s] -- Up-to-date: /home/javierac/mounted/ws/install/mezuak/share/mezuak/cmake/mezuak__rosidl_typesupport_cExport.cmake
[1.001s] -- Up-to-date: /home/javierac/mounted/ws/install/mezuak/share/mezuak/cmake/mezuak__rosidl_typesupport_cExport-noconfig.cmake
[1.001s] -- Up-to-date: /home/javierac/mounted/ws/install/mezuak/share/mezuak/cmake/mezuak__rosidl_typesupport_introspection_cppExport.cmake
[1.001s] -- Up-to-date: /home/javierac/mounted/ws/install/mezuak/share/mezuak/cmake/mezuak__rosidl_typesupport_introspection_cppExport-noconfig.cmake
[1.001s] -- Up-to-date: /home/javierac/mounted/ws/install/mezuak/share/mezuak/cmake/mezuak__rosidl_typesupport_cppExport.cmake
[1.001s] -- Up-to-date: /home/javierac/mounted/ws/install/mezuak/share/mezuak/cmake/mezuak__rosidl_typesupport_cppExport-noconfig.cmake
[1.001s] -- Up-to-date: /home/javierac/mounted/ws/install/mezuak/share/mezuak/cmake/export_mezuak__rosidl_generator_pyExport.cmake
[1.002s] -- Up-to-date: /home/javierac/mounted/ws/install/mezuak/share/mezuak/cmake/export_mezuak__rosidl_generator_pyExport-noconfig.cmake
[1.002s] -- Up-to-date: /home/javierac/mounted/ws/install/mezuak/share/mezuak/cmake/rosidl_cmake-extras.cmake
[1.002s] -- Up-to-date: /home/javierac/mounted/ws/install/mezuak/share/mezuak/cmake/ament_cmake_export_dependencies-extras.cmake
[1.002s] -- Up-to-date: /home/javierac/mounted/ws/install/mezuak/share/mezuak/cmake/ament_cmake_export_include_directories-extras.cmake
[1.002s] -- Up-to-date: /home/javierac/mounted/ws/install/mezuak/share/mezuak/cmake/ament_cmake_export_libraries-extras.cmake
[1.002s] -- Up-to-date: /home/javierac/mounted/ws/install/mezuak/share/mezuak/cmake/ament_cmake_export_targets-extras.cmake
[1.002s] -- Up-to-date: /home/javierac/mounted/ws/install/mezuak/share/mezuak/cmake/rosidl_cmake_export_typesupport_targets-extras.cmake
[1.002s] -- Up-to-date: /home/javierac/mounted/ws/install/mezuak/share/mezuak/cmake/rosidl_cmake_export_typesupport_libraries-extras.cmake
[1.002s] -- Up-to-date: /home/javierac/mounted/ws/install/mezuak/share/mezuak/cmake/mezuakConfig.cmake
[1.002s] -- Up-to-date: /home/javierac/mounted/ws/install/mezuak/share/mezuak/cmake/mezuakConfig-version.cmake
[1.002s] -- Up-to-date: /home/javierac/mounted/ws/install/mezuak/share/mezuak/package.xml
[1.005s] Invoked command in '/home/javierac/mounted/ws/build/mezuak' returned '0': CMAKE_PREFIX_PATH=${CMAKE_PREFIX_PATH}:/home/javierac/mounted/ws/install/ip_nodes:/opt/ros/jazzy /usr/bin/cmake --install /home/javierac/mounted/ws/build/mezuak
