[0.287s] Invoking command in '/home/javierac/mounted/ws/build/mezuak': CMAKE_PREFIX_PATH=${CMAKE_PREFIX_PATH}:/home/javierac/mounted/ws/install/ip_nodes:/opt/ros/jazzy /usr/bin/cmake --build /home/javierac/mounted/ws/build/mezuak -- -j20 -l20
[0.406s] [  2%] Built target mezuak__rosidl_generator_type_description
[0.425s] [  2%] Built target ament_cmake_python_copy_mezuak
[0.453s] [  5%] Built target mezuak__cpp
[0.460s] [ 20%] Built target mezuak__rosidl_generator_c
[0.511s] [ 29%] Built target mezuak__rosidl_typesupport_c
[0.517s] [ 38%] Built target mezuak__rosidl_typesupport_fastrtps_c
[0.519s] [ 47%] Built target mezuak__rosidl_typesupport_introspection_c
[0.521s] [ 58%] Built target mezuak__rosidl_typesupport_fastrtps_cpp
[0.521s] [ 64%] Built target mezuak__rosidl_typesupport_cpp
[0.526s] [ 73%] Built target mezuak__rosidl_typesupport_introspection_cpp
[0.582s] [ 73%] Built target mezuak
[0.641s] [ 76%] Built target mezuak__py
[0.703s] [ 82%] Built target mezuak__rosidl_generator_py
[0.758s] [ 88%] Built target mezuak_s__rosidl_typesupport_c
[0.758s] [ 94%] Built target mezuak_s__rosidl_typesupport_introspection_c
[0.760s] [100%] Built target mezuak_s__rosidl_typesupport_fastrtps_c
[0.868s] running egg_info
[0.900s] writing mezuak.egg-info/PKG-INFO
[0.900s] writing dependency_links to mezuak.egg-info/dependency_links.txt
[0.900s] writing top-level names to mezuak.egg-info/top_level.txt
[0.990s] reading manifest file 'mezuak.egg-info/SOURCES.txt'
[0.991s] writing manifest file 'mezuak.egg-info/SOURCES.txt'
[1.047s] [100%] Built target ament_cmake_python_build_mezuak_egg
[1.077s] Invoked command in '/home/javierac/mounted/ws/build/mezuak' returned '0': CMAKE_PREFIX_PATH=${CMAKE_PREFIX_PATH}:/home/javierac/mounted/ws/install/ip_nodes:/opt/ros/jazzy /usr/bin/cmake --build /home/javierac/mounted/ws/build/mezuak -- -j20 -l20
[1.101s] Invoking command in '/home/javierac/mounted/ws/build/mezuak': CMAKE_PREFIX_PATH=${CMAKE_PREFIX_PATH}:/home/javierac/mounted/ws/install/ip_nodes:/opt/ros/jazzy /usr/bin/cmake --install /home/javierac/mounted/ws/build/mezuak
[1.120s] -- Install configuration: ""
[1.121s] -- Up-to-date: /home/javierac/mounted/ws/install/mezuak/share/ament_index/resource_index/rosidl_interfaces/mezuak
[1.121s] -- Up-to-date: /home/javierac/mounted/ws/install/mezuak/share/mezuak/msg/MugimenduKodetzaileak.json
[1.121s] -- Up-to-date: /home/javierac/mounted/ws/install/mezuak/include/mezuak/mezuak
[1.122s] -- Up-to-date: /home/javierac/mounted/ws/install/mezuak/include/mezuak/mezuak/msg
[1.122s] -- Up-to-date: /home/javierac/mounted/ws/install/mezuak/include/mezuak/mezuak/msg/rosidl_generator_c__visibility_control.h
[1.123s] -- Up-to-date: /home/javierac/mounted/ws/install/mezuak/include/mezuak/mezuak/msg/mugimendu_kodetzaileak.h
[1.123s] -- Up-to-date: /home/javierac/mounted/ws/install/mezuak/include/mezuak/mezuak/msg/detail
[1.124s] -- Up-to-date: /home/javierac/mounted/ws/install/mezuak/include/mezuak/mezuak/msg/detail/mugimendu_kodetzaileak__struct.h
[1.124s] -- Up-to-date: /home/javierac/mounted/ws/install/mezuak/include/mezuak/mezuak/msg/detail/mugimendu_kodetzaileak__description.c
[1.124s] -- Up-to-date: /home/javierac/mounted/ws/install/mezuak/include/mezuak/mezuak/msg/detail/mugimendu_kodetzaileak__type_support.h
[1.124s] -- Up-to-date: /home/javierac/mounted/ws/install/mezuak/include/mezuak/mezuak/msg/detail/mugimendu_kodetzaileak__functions.c
[1.125s] -- Up-to-date: /home/javierac/mounted/ws/install/mezuak/include/mezuak/mezuak/msg/detail/mugimendu_kodetzaileak__functions.h
[1.125s] -- Up-to-date: /home/javierac/mounted/ws/install/mezuak/include/mezuak/mezuak/msg/detail/mugimendu_kodetzaileak__type_support.c
[1.125s] -- Up-to-date: /home/javierac/mounted/ws/install/mezuak/share/mezuak/environment/library_path.sh
[1.126s] -- Up-to-date: /home/javierac/mounted/ws/install/mezuak/share/mezuak/environment/library_path.dsv
[1.126s] -- Up-to-date: /home/javierac/mounted/ws/install/mezuak/lib/libmezuak__rosidl_generator_c.so
[1.126s] -- Up-to-date: /home/javierac/mounted/ws/install/mezuak/include/mezuak/mezuak
[1.126s] -- Up-to-date: /home/javierac/mounted/ws/install/mezuak/include/mezuak/mezuak/msg
[1.127s] -- Up-to-date: /home/javierac/mounted/ws/install/mezuak/include/mezuak/mezuak/msg/rosidl_typesupport_fastrtps_c__visibility_control.h
[1.127s] -- Up-to-date: /home/javierac/mounted/ws/install/mezuak/include/mezuak/mezuak/msg/detail
[1.127s] -- Up-to-date: /home/javierac/mounted/ws/install/mezuak/include/mezuak/mezuak/msg/detail/mugimendu_kodetzaileak__rosidl_typesupport_fastrtps_c.h
[1.127s] -- Up-to-date: /home/javierac/mounted/ws/install/mezuak/lib/libmezuak__rosidl_typesupport_fastrtps_c.so
[1.128s] -- Up-to-date: /home/javierac/mounted/ws/install/mezuak/include/mezuak/mezuak
[1.128s] -- Up-to-date: /home/javierac/mounted/ws/install/mezuak/include/mezuak/mezuak/msg
[1.128s] -- Up-to-date: /home/javierac/mounted/ws/install/mezuak/include/mezuak/mezuak/msg/rosidl_generator_cpp__visibility_control.hpp
[1.129s] -- Up-to-date: /home/javierac/mounted/ws/install/mezuak/include/mezuak/mezuak/msg/mugimendu_kodetzaileak.hpp
[1.129s] -- Up-to-date: /home/javierac/mounted/ws/install/mezuak/include/mezuak/mezuak/msg/detail
[1.129s] -- Up-to-date: /home/javierac/mounted/ws/install/mezuak/include/mezuak/mezuak/msg/detail/mugimendu_kodetzaileak__traits.hpp
[1.129s] -- Up-to-date: /home/javierac/mounted/ws/install/mezuak/include/mezuak/mezuak/msg/detail/mugimendu_kodetzaileak__struct.hpp
[1.130s] -- Up-to-date: /home/javierac/mounted/ws/install/mezuak/include/mezuak/mezuak/msg/detail/mugimendu_kodetzaileak__builder.hpp
[1.130s] -- Up-to-date: /home/javierac/mounted/ws/install/mezuak/include/mezuak/mezuak/msg/detail/mugimendu_kodetzaileak__type_support.hpp
[1.130s] -- Up-to-date: /home/javierac/mounted/ws/install/mezuak/include/mezuak/mezuak
[1.130s] -- Up-to-date: /home/javierac/mounted/ws/install/mezuak/include/mezuak/mezuak/msg
[1.130s] -- Up-to-date: /home/javierac/mounted/ws/install/mezuak/include/mezuak/mezuak/msg/rosidl_typesupport_fastrtps_cpp__visibility_control.h
[1.131s] -- Up-to-date: /home/javierac/mounted/ws/install/mezuak/include/mezuak/mezuak/msg/detail
[1.131s] -- Up-to-date: /home/javierac/mounted/ws/install/mezuak/include/mezuak/mezuak/msg/detail/mugimendu_kodetzaileak__rosidl_typesupport_fastrtps_cpp.hpp
[1.131s] -- Up-to-date: /home/javierac/mounted/ws/install/mezuak/include/mezuak/mezuak/msg/detail/dds_fastrtps
[1.131s] -- Up-to-date: /home/javierac/mounted/ws/install/mezuak/lib/libmezuak__rosidl_typesupport_fastrtps_cpp.so
[1.132s] -- Up-to-date: /home/javierac/mounted/ws/install/mezuak/include/mezuak/mezuak
[1.132s] -- Up-to-date: /home/javierac/mounted/ws/install/mezuak/include/mezuak/mezuak/msg
[1.132s] -- Up-to-date: /home/javierac/mounted/ws/install/mezuak/include/mezuak/mezuak/msg/rosidl_typesupport_introspection_c__visibility_control.h
[1.132s] -- Up-to-date: /home/javierac/mounted/ws/install/mezuak/include/mezuak/mezuak/msg/detail
[1.133s] -- Up-to-date: /home/javierac/mounted/ws/install/mezuak/include/mezuak/mezuak/msg/detail/mugimendu_kodetzaileak__type_support.c
[1.133s] -- Up-to-date: /home/javierac/mounted/ws/install/mezuak/include/mezuak/mezuak/msg/detail/mugimendu_kodetzaileak__rosidl_typesupport_introspection_c.h
[1.133s] -- Up-to-date: /home/javierac/mounted/ws/install/mezuak/lib/libmezuak__rosidl_typesupport_introspection_c.so
[1.133s] -- Up-to-date: /home/javierac/mounted/ws/install/mezuak/lib/libmezuak__rosidl_typesupport_c.so
[1.133s] -- Up-to-date: /home/javierac/mounted/ws/install/mezuak/include/mezuak/mezuak
[1.134s] -- Up-to-date: /home/javierac/mounted/ws/install/mezuak/include/mezuak/mezuak/msg
[1.134s] -- Up-to-date: /home/javierac/mounted/ws/install/mezuak/include/mezuak/mezuak/msg/detail
[1.134s] -- Up-to-date: /home/javierac/mounted/ws/install/mezuak/include/mezuak/mezuak/msg/detail/mugimendu_kodetzaileak__rosidl_typesupport_introspection_cpp.hpp
[1.134s] -- Up-to-date: /home/javierac/mounted/ws/install/mezuak/include/mezuak/mezuak/msg/detail/mugimendu_kodetzaileak__type_support.cpp
[1.135s] -- Up-to-date: /home/javierac/mounted/ws/install/mezuak/lib/libmezuak__rosidl_typesupport_introspection_cpp.so
[1.135s] -- Up-to-date: /home/javierac/mounted/ws/install/mezuak/lib/libmezuak__rosidl_typesupport_cpp.so
[1.135s] -- Up-to-date: /home/javierac/mounted/ws/install/mezuak/share/mezuak/environment/pythonpath.sh
[1.135s] -- Up-to-date: /home/javierac/mounted/ws/install/mezuak/share/mezuak/environment/pythonpath.dsv
[1.136s] -- Up-to-date: /home/javierac/mounted/ws/install/mezuak/lib/python3.12/site-packages/mezuak-0.0.1-py3.12.egg-info
[1.136s] -- Installing: /home/javierac/mounted/ws/install/mezuak/lib/python3.12/site-packages/mezuak-0.0.1-py3.12.egg-info/dependency_links.txt
[1.136s] -- Installing: /home/javierac/mounted/ws/install/mezuak/lib/python3.12/site-packages/mezuak-0.0.1-py3.12.egg-info/PKG-INFO
[1.136s] -- Installing: /home/javierac/mounted/ws/install/mezuak/lib/python3.12/site-packages/mezuak-0.0.1-py3.12.egg-info/SOURCES.txt
[1.136s] -- Installing: /home/javierac/mounted/ws/install/mezuak/lib/python3.12/site-packages/mezuak-0.0.1-py3.12.egg-info/top_level.txt
[1.137s] -- Up-to-date: /home/javierac/mounted/ws/install/mezuak/lib/python3.12/site-packages/mezuak
[1.137s] -- Up-to-date: /home/javierac/mounted/ws/install/mezuak/lib/python3.12/site-packages/mezuak/__init__.py
[1.137s] -- Up-to-date: /home/javierac/mounted/ws/install/mezuak/lib/python3.12/site-packages/mezuak/mezuak_s__rosidl_typesupport_fastrtps_c.so
[1.137s] -- Up-to-date: /home/javierac/mounted/ws/install/mezuak/lib/python3.12/site-packages/mezuak/_mezuak_s.ep.rosidl_typesupport_c.c
[1.138s] -- Up-to-date: /home/javierac/mounted/ws/install/mezuak/lib/python3.12/site-packages/mezuak/mezuak_s__rosidl_typesupport_c.so
[1.138s] -- Up-to-date: /home/javierac/mounted/ws/install/mezuak/lib/python3.12/site-packages/mezuak/_mezuak_s.ep.rosidl_typesupport_fastrtps_c.c
[1.138s] -- Up-to-date: /home/javierac/mounted/ws/install/mezuak/lib/python3.12/site-packages/mezuak/_mezuak_s.ep.rosidl_typesupport_introspection_c.c
[1.138s] -- Up-to-date: /home/javierac/mounted/ws/install/mezuak/lib/python3.12/site-packages/mezuak/mezuak_s__rosidl_typesupport_introspection_c.so
[1.139s] -- Up-to-date: /home/javierac/mounted/ws/install/mezuak/lib/python3.12/site-packages/mezuak/msg
[1.139s] -- Up-to-date: /home/javierac/mounted/ws/install/mezuak/lib/python3.12/site-packages/mezuak/msg/__init__.py
[1.139s] -- Up-to-date: /home/javierac/mounted/ws/install/mezuak/lib/python3.12/site-packages/mezuak/msg/_mugimendu_kodetzaileak.py
[1.139s] -- Up-to-date: /home/javierac/mounted/ws/install/mezuak/lib/python3.12/site-packages/mezuak/msg/_mugimendu_kodetzaileak_s.c
[1.193s] Listing '/home/javierac/mounted/ws/install/mezuak/lib/python3.12/site-packages/mezuak'...
[1.194s] Listing '/home/javierac/mounted/ws/install/mezuak/lib/python3.12/site-packages/mezuak/msg'...
[1.203s] -- Up-to-date: /home/javierac/mounted/ws/install/mezuak/lib/python3.12/site-packages/mezuak/mezuak_s__rosidl_typesupport_fastrtps_c.so
[1.203s] -- Up-to-date: /home/javierac/mounted/ws/install/mezuak/lib/python3.12/site-packages/mezuak/mezuak_s__rosidl_typesupport_introspection_c.so
[1.203s] -- Up-to-date: /home/javierac/mounted/ws/install/mezuak/lib/python3.12/site-packages/mezuak/mezuak_s__rosidl_typesupport_c.so
[1.204s] -- Up-to-date: /home/javierac/mounted/ws/install/mezuak/lib/libmezuak__rosidl_generator_py.so
[1.204s] -- Up-to-date: /home/javierac/mounted/ws/install/mezuak/share/mezuak/msg/MugimenduKodetzaileak.idl
[1.205s] -- Up-to-date: /home/javierac/mounted/ws/install/mezuak/share/mezuak/msg/MugimenduKodetzaileak.msg
[1.205s] -- Up-to-date: /home/javierac/mounted/ws/install/mezuak/share/ament_index/resource_index/package_run_dependencies/mezuak
[1.205s] -- Up-to-date: /home/javierac/mounted/ws/install/mezuak/share/ament_index/resource_index/parent_prefix_path/mezuak
[1.206s] -- Up-to-date: /home/javierac/mounted/ws/install/mezuak/share/mezuak/environment/ament_prefix_path.sh
[1.206s] -- Up-to-date: /home/javierac/mounted/ws/install/mezuak/share/mezuak/environment/ament_prefix_path.dsv
[1.206s] -- Up-to-date: /home/javierac/mounted/ws/install/mezuak/share/mezuak/environment/path.sh
[1.207s] -- Up-to-date: /home/javierac/mounted/ws/install/mezuak/share/mezuak/environment/path.dsv
[1.207s] -- Up-to-date: /home/javierac/mounted/ws/install/mezuak/share/mezuak/local_setup.bash
[1.207s] -- Up-to-date: /home/javierac/mounted/ws/install/mezuak/share/mezuak/local_setup.sh
[1.208s] -- Up-to-date: /home/javierac/mounted/ws/install/mezuak/share/mezuak/local_setup.zsh
[1.208s] -- Up-to-date: /home/javierac/mounted/ws/install/mezuak/share/mezuak/local_setup.dsv
[1.208s] -- Installing: /home/javierac/mounted/ws/install/mezuak/share/mezuak/package.dsv
[1.208s] -- Up-to-date: /home/javierac/mounted/ws/install/mezuak/share/ament_index/resource_index/packages/mezuak
[1.208s] -- Up-to-date: /home/javierac/mounted/ws/install/mezuak/share/mezuak/cmake/export_mezuak__rosidl_generator_cExport.cmake
[1.209s] -- Up-to-date: /home/javierac/mounted/ws/install/mezuak/share/mezuak/cmake/export_mezuak__rosidl_generator_cExport-noconfig.cmake
[1.209s] -- Up-to-date: /home/javierac/mounted/ws/install/mezuak/share/mezuak/cmake/export_mezuak__rosidl_typesupport_fastrtps_cExport.cmake
[1.209s] -- Up-to-date: /home/javierac/mounted/ws/install/mezuak/share/mezuak/cmake/export_mezuak__rosidl_typesupport_fastrtps_cExport-noconfig.cmake
[1.209s] -- Up-to-date: /home/javierac/mounted/ws/install/mezuak/share/mezuak/cmake/export_mezuak__rosidl_generator_cppExport.cmake
[1.210s] -- Up-to-date: /home/javierac/mounted/ws/install/mezuak/share/mezuak/cmake/export_mezuak__rosidl_typesupport_fastrtps_cppExport.cmake
[1.210s] -- Up-to-date: /home/javierac/mounted/ws/install/mezuak/share/mezuak/cmake/export_mezuak__rosidl_typesupport_fastrtps_cppExport-noconfig.cmake
[1.210s] -- Up-to-date: /home/javierac/mounted/ws/install/mezuak/share/mezuak/cmake/mezuak__rosidl_typesupport_introspection_cExport.cmake
[1.210s] -- Up-to-date: /home/javierac/mounted/ws/install/mezuak/share/mezuak/cmake/mezuak__rosidl_typesupport_introspection_cExport-noconfig.cmake
[1.210s] -- Up-to-date: /home/javierac/mounted/ws/install/mezuak/share/mezuak/cmake/mezuak__rosidl_typesupport_cExport.cmake
[1.211s] -- Up-to-date: /home/javierac/mounted/ws/install/mezuak/share/mezuak/cmake/mezuak__rosidl_typesupport_cExport-noconfig.cmake
[1.211s] -- Up-to-date: /home/javierac/mounted/ws/install/mezuak/share/mezuak/cmake/mezuak__rosidl_typesupport_introspection_cppExport.cmake
[1.212s] -- Up-to-date: /home/javierac/mounted/ws/install/mezuak/share/mezuak/cmake/mezuak__rosidl_typesupport_introspection_cppExport-noconfig.cmake
[1.213s] -- Up-to-date: /home/javierac/mounted/ws/install/mezuak/share/mezuak/cmake/mezuak__rosidl_typesupport_cppExport.cmake
[1.213s] -- Up-to-date: /home/javierac/mounted/ws/install/mezuak/share/mezuak/cmake/mezuak__rosidl_typesupport_cppExport-noconfig.cmake
[1.213s] -- Up-to-date: /home/javierac/mounted/ws/install/mezuak/share/mezuak/cmake/export_mezuak__rosidl_generator_pyExport.cmake
[1.214s] -- Up-to-date: /home/javierac/mounted/ws/install/mezuak/share/mezuak/cmake/export_mezuak__rosidl_generator_pyExport-noconfig.cmake
[1.214s] -- Up-to-date: /home/javierac/mounted/ws/install/mezuak/share/mezuak/cmake/rosidl_cmake-extras.cmake
[1.214s] -- Up-to-date: /home/javierac/mounted/ws/install/mezuak/share/mezuak/cmake/ament_cmake_export_dependencies-extras.cmake
[1.214s] -- Up-to-date: /home/javierac/mounted/ws/install/mezuak/share/mezuak/cmake/ament_cmake_export_include_directories-extras.cmake
[1.215s] -- Up-to-date: /home/javierac/mounted/ws/install/mezuak/share/mezuak/cmake/ament_cmake_export_libraries-extras.cmake
[1.215s] -- Up-to-date: /home/javierac/mounted/ws/install/mezuak/share/mezuak/cmake/ament_cmake_export_targets-extras.cmake
[1.215s] -- Up-to-date: /home/javierac/mounted/ws/install/mezuak/share/mezuak/cmake/rosidl_cmake_export_typesupport_targets-extras.cmake
[1.215s] -- Up-to-date: /home/javierac/mounted/ws/install/mezuak/share/mezuak/cmake/rosidl_cmake_export_typesupport_libraries-extras.cmake
[1.216s] -- Up-to-date: /home/javierac/mounted/ws/install/mezuak/share/mezuak/cmake/mezuakConfig.cmake
[1.216s] -- Up-to-date: /home/javierac/mounted/ws/install/mezuak/share/mezuak/cmake/mezuakConfig-version.cmake
[1.217s] -- Up-to-date: /home/javierac/mounted/ws/install/mezuak/share/mezuak/package.xml
[1.217s] Invoked command in '/home/javierac/mounted/ws/build/mezuak' returned '0': CMAKE_PREFIX_PATH=${CMAKE_PREFIX_PATH}:/home/javierac/mounted/ws/install/ip_nodes:/opt/ros/jazzy /usr/bin/cmake --install /home/javierac/mounted/ws/build/mezuak
