[0.262s] Invoking command in '/home/javierac/mounted/ws/build/mezuak': CMAKE_PREFIX_PATH=${CMAKE_PREFIX_PATH}:/home/javierac/mounted/ws/install/ip_nodes:/opt/ros/jazzy /usr/bin/cmake --build /home/javierac/mounted/ws/build/mezuak -- -j20 -l20
[0.447s] [  2%] Built target mezuak__rosidl_generator_type_description
[0.479s] [  2%] Built target ament_cmake_python_copy_mezuak
[0.504s] [  5%] Built target mezuak__cpp
[0.520s] [ 20%] Built target mezuak__rosidl_generator_c
[0.575s] [ 29%] Built target mezuak__rosidl_typesupport_c
[0.580s] [ 38%] Built target mezuak__rosidl_typesupport_fastrtps_c
[0.580s] [ 47%] Built target mezuak__rosidl_typesupport_fastrtps_cpp
[0.585s] [ 58%] Built target mezuak__rosidl_typesupport_introspection_cpp
[0.585s] [ 67%] Built target mezuak__rosidl_typesupport_introspection_c
[0.586s] [ 73%] Built target mezuak__rosidl_typesupport_cpp
[0.632s] [ 73%] Built target mezuak
[0.673s] [ 76%] Built target mezuak__py
[0.724s] [ 82%] Built target mezuak__rosidl_generator_py
[0.764s] [ 88%] Built target mezuak_s__rosidl_typesupport_fastrtps_c
[0.768s] [ 94%] Built target mezuak_s__rosidl_typesupport_c
[0.768s] [100%] Built target mezuak_s__rosidl_typesupport_introspection_c
[0.842s] running egg_info
[0.864s] writing mezuak.egg-info/PKG-INFO
[0.864s] writing dependency_links to mezuak.egg-info/dependency_links.txt
[0.864s] writing top-level names to mezuak.egg-info/top_level.txt
[0.925s] reading manifest file 'mezuak.egg-info/SOURCES.txt'
[0.926s] writing manifest file 'mezuak.egg-info/SOURCES.txt'
[0.973s] [100%] Built target ament_cmake_python_build_mezuak_egg
[0.995s] Invoked command in '/home/javierac/mounted/ws/build/mezuak' returned '0': CMAKE_PREFIX_PATH=${CMAKE_PREFIX_PATH}:/home/javierac/mounted/ws/install/ip_nodes:/opt/ros/jazzy /usr/bin/cmake --build /home/javierac/mounted/ws/build/mezuak -- -j20 -l20
[1.010s] Invoking command in '/home/javierac/mounted/ws/build/mezuak': CMAKE_PREFIX_PATH=${CMAKE_PREFIX_PATH}:/home/javierac/mounted/ws/install/ip_nodes:/opt/ros/jazzy /usr/bin/cmake --install /home/javierac/mounted/ws/build/mezuak
[1.024s] -- Install configuration: ""
[1.025s] -- Up-to-date: /home/javierac/mounted/ws/install/mezuak/share/ament_index/resource_index/rosidl_interfaces/mezuak
[1.025s] -- Up-to-date: /home/javierac/mounted/ws/install/mezuak/share/mezuak/msg/MugimenduKodetzaileak.json
[1.026s] -- Up-to-date: /home/javierac/mounted/ws/install/mezuak/include/mezuak/mezuak
[1.026s] -- Up-to-date: /home/javierac/mounted/ws/install/mezuak/include/mezuak/mezuak/msg
[1.026s] -- Up-to-date: /home/javierac/mounted/ws/install/mezuak/include/mezuak/mezuak/msg/rosidl_generator_c__visibility_control.h
[1.026s] -- Up-to-date: /home/javierac/mounted/ws/install/mezuak/include/mezuak/mezuak/msg/mugimendu_kodetzaileak.h
[1.027s] -- Up-to-date: /home/javierac/mounted/ws/install/mezuak/include/mezuak/mezuak/msg/detail
[1.027s] -- Up-to-date: /home/javierac/mounted/ws/install/mezuak/include/mezuak/mezuak/msg/detail/mugimendu_kodetzaileak__struct.h
[1.027s] -- Up-to-date: /home/javierac/mounted/ws/install/mezuak/include/mezuak/mezuak/msg/detail/mugimendu_kodetzaileak__description.c
[1.027s] -- Up-to-date: /home/javierac/mounted/ws/install/mezuak/include/mezuak/mezuak/msg/detail/mugimendu_kodetzaileak__type_support.h
[1.027s] -- Up-to-date: /home/javierac/mounted/ws/install/mezuak/include/mezuak/mezuak/msg/detail/mugimendu_kodetzaileak__functions.c
[1.027s] -- Up-to-date: /home/javierac/mounted/ws/install/mezuak/include/mezuak/mezuak/msg/detail/mugimendu_kodetzaileak__functions.h
[1.028s] -- Up-to-date: /home/javierac/mounted/ws/install/mezuak/include/mezuak/mezuak/msg/detail/mugimendu_kodetzaileak__type_support.c
[1.028s] -- Up-to-date: /home/javierac/mounted/ws/install/mezuak/share/mezuak/environment/library_path.sh
[1.028s] -- Up-to-date: /home/javierac/mounted/ws/install/mezuak/share/mezuak/environment/library_path.dsv
[1.028s] -- Up-to-date: /home/javierac/mounted/ws/install/mezuak/lib/libmezuak__rosidl_generator_c.so
[1.028s] -- Up-to-date: /home/javierac/mounted/ws/install/mezuak/include/mezuak/mezuak
[1.028s] -- Up-to-date: /home/javierac/mounted/ws/install/mezuak/include/mezuak/mezuak/msg
[1.028s] -- Up-to-date: /home/javierac/mounted/ws/install/mezuak/include/mezuak/mezuak/msg/rosidl_typesupport_fastrtps_c__visibility_control.h
[1.029s] -- Up-to-date: /home/javierac/mounted/ws/install/mezuak/include/mezuak/mezuak/msg/detail
[1.029s] -- Up-to-date: /home/javierac/mounted/ws/install/mezuak/include/mezuak/mezuak/msg/detail/mugimendu_kodetzaileak__rosidl_typesupport_fastrtps_c.h
[1.029s] -- Up-to-date: /home/javierac/mounted/ws/install/mezuak/lib/libmezuak__rosidl_typesupport_fastrtps_c.so
[1.029s] -- Up-to-date: /home/javierac/mounted/ws/install/mezuak/include/mezuak/mezuak
[1.029s] -- Up-to-date: /home/javierac/mounted/ws/install/mezuak/include/mezuak/mezuak/msg
[1.029s] -- Up-to-date: /home/javierac/mounted/ws/install/mezuak/include/mezuak/mezuak/msg/rosidl_generator_cpp__visibility_control.hpp
[1.029s] -- Up-to-date: /home/javierac/mounted/ws/install/mezuak/include/mezuak/mezuak/msg/mugimendu_kodetzaileak.hpp
[1.029s] -- Up-to-date: /home/javierac/mounted/ws/install/mezuak/include/mezuak/mezuak/msg/detail
[1.029s] -- Up-to-date: /home/javierac/mounted/ws/install/mezuak/include/mezuak/mezuak/msg/detail/mugimendu_kodetzaileak__traits.hpp
[1.029s] -- Up-to-date: /home/javierac/mounted/ws/install/mezuak/include/mezuak/mezuak/msg/detail/mugimendu_kodetzaileak__struct.hpp
[1.029s] -- Up-to-date: /home/javierac/mounted/ws/install/mezuak/include/mezuak/mezuak/msg/detail/mugimendu_kodetzaileak__builder.hpp
[1.030s] -- Up-to-date: /home/javierac/mounted/ws/install/mezuak/include/mezuak/mezuak/msg/detail/mugimendu_kodetzaileak__type_support.hpp
[1.030s] -- Up-to-date: /home/javierac/mounted/ws/install/mezuak/include/mezuak/mezuak
[1.030s] -- Up-to-date: /home/javierac/mounted/ws/install/mezuak/include/mezuak/mezuak/msg
[1.030s] -- Up-to-date: /home/javierac/mounted/ws/install/mezuak/include/mezuak/mezuak/msg/rosidl_typesupport_fastrtps_cpp__visibility_control.h
[1.030s] -- Up-to-date: /home/javierac/mounted/ws/install/mezuak/include/mezuak/mezuak/msg/detail
[1.030s] -- Up-to-date: /home/javierac/mounted/ws/install/mezuak/include/mezuak/mezuak/msg/detail/mugimendu_kodetzaileak__rosidl_typesupport_fastrtps_cpp.hpp
[1.030s] -- Up-to-date: /home/javierac/mounted/ws/install/mezuak/include/mezuak/mezuak/msg/detail/dds_fastrtps
[1.030s] -- Up-to-date: /home/javierac/mounted/ws/install/mezuak/lib/libmezuak__rosidl_typesupport_fastrtps_cpp.so
[1.030s] -- Up-to-date: /home/javierac/mounted/ws/install/mezuak/include/mezuak/mezuak
[1.030s] -- Up-to-date: /home/javierac/mounted/ws/install/mezuak/include/mezuak/mezuak/msg
[1.031s] -- Up-to-date: /home/javierac/mounted/ws/install/mezuak/include/mezuak/mezuak/msg/rosidl_typesupport_introspection_c__visibility_control.h
[1.031s] -- Up-to-date: /home/javierac/mounted/ws/install/mezuak/include/mezuak/mezuak/msg/detail
[1.031s] -- Up-to-date: /home/javierac/mounted/ws/install/mezuak/include/mezuak/mezuak/msg/detail/mugimendu_kodetzaileak__type_support.c
[1.031s] -- Up-to-date: /home/javierac/mounted/ws/install/mezuak/include/mezuak/mezuak/msg/detail/mugimendu_kodetzaileak__rosidl_typesupport_introspection_c.h
[1.031s] -- Up-to-date: /home/javierac/mounted/ws/install/mezuak/lib/libmezuak__rosidl_typesupport_introspection_c.so
[1.031s] -- Up-to-date: /home/javierac/mounted/ws/install/mezuak/lib/libmezuak__rosidl_typesupport_c.so
[1.031s] -- Up-to-date: /home/javierac/mounted/ws/install/mezuak/include/mezuak/mezuak
[1.032s] -- Up-to-date: /home/javierac/mounted/ws/install/mezuak/include/mezuak/mezuak/msg
[1.032s] -- Up-to-date: /home/javierac/mounted/ws/install/mezuak/include/mezuak/mezuak/msg/detail
[1.032s] -- Up-to-date: /home/javierac/mounted/ws/install/mezuak/include/mezuak/mezuak/msg/detail/mugimendu_kodetzaileak__rosidl_typesupport_introspection_cpp.hpp
[1.032s] -- Up-to-date: /home/javierac/mounted/ws/install/mezuak/include/mezuak/mezuak/msg/detail/mugimendu_kodetzaileak__type_support.cpp
[1.032s] -- Up-to-date: /home/javierac/mounted/ws/install/mezuak/lib/libmezuak__rosidl_typesupport_introspection_cpp.so
[1.033s] -- Up-to-date: /home/javierac/mounted/ws/install/mezuak/lib/libmezuak__rosidl_typesupport_cpp.so
[1.033s] -- Up-to-date: /home/javierac/mounted/ws/install/mezuak/share/mezuak/environment/pythonpath.sh
[1.033s] -- Up-to-date: /home/javierac/mounted/ws/install/mezuak/share/mezuak/environment/pythonpath.dsv
[1.033s] -- Up-to-date: /home/javierac/mounted/ws/install/mezuak/lib/python3.12/site-packages/mezuak-0.0.1-py3.12.egg-info
[1.033s] -- Installing: /home/javierac/mounted/ws/install/mezuak/lib/python3.12/site-packages/mezuak-0.0.1-py3.12.egg-info/dependency_links.txt
[1.033s] -- Installing: /home/javierac/mounted/ws/install/mezuak/lib/python3.12/site-packages/mezuak-0.0.1-py3.12.egg-info/PKG-INFO
[1.034s] -- Installing: /home/javierac/mounted/ws/install/mezuak/lib/python3.12/site-packages/mezuak-0.0.1-py3.12.egg-info/SOURCES.txt
[1.034s] -- Installing: /home/javierac/mounted/ws/install/mezuak/lib/python3.12/site-packages/mezuak-0.0.1-py3.12.egg-info/top_level.txt
[1.034s] -- Up-to-date: /home/javierac/mounted/ws/install/mezuak/lib/python3.12/site-packages/mezuak
[1.034s] -- Up-to-date: /home/javierac/mounted/ws/install/mezuak/lib/python3.12/site-packages/mezuak/__init__.py
[1.034s] -- Up-to-date: /home/javierac/mounted/ws/install/mezuak/lib/python3.12/site-packages/mezuak/mezuak_s__rosidl_typesupport_fastrtps_c.so
[1.034s] -- Up-to-date: /home/javierac/mounted/ws/install/mezuak/lib/python3.12/site-packages/mezuak/_mezuak_s.ep.rosidl_typesupport_c.c
[1.034s] -- Up-to-date: /home/javierac/mounted/ws/install/mezuak/lib/python3.12/site-packages/mezuak/mezuak_s__rosidl_typesupport_c.so
[1.034s] -- Up-to-date: /home/javierac/mounted/ws/install/mezuak/lib/python3.12/site-packages/mezuak/_mezuak_s.ep.rosidl_typesupport_fastrtps_c.c
[1.035s] -- Up-to-date: /home/javierac/mounted/ws/install/mezuak/lib/python3.12/site-packages/mezuak/_mezuak_s.ep.rosidl_typesupport_introspection_c.c
[1.035s] -- Up-to-date: /home/javierac/mounted/ws/install/mezuak/lib/python3.12/site-packages/mezuak/mezuak_s__rosidl_typesupport_introspection_c.so
[1.035s] -- Up-to-date: /home/javierac/mounted/ws/install/mezuak/lib/python3.12/site-packages/mezuak/msg
[1.035s] -- Up-to-date: /home/javierac/mounted/ws/install/mezuak/lib/python3.12/site-packages/mezuak/msg/__init__.py
[1.035s] -- Up-to-date: /home/javierac/mounted/ws/install/mezuak/lib/python3.12/site-packages/mezuak/msg/_mugimendu_kodetzaileak.py
[1.035s] -- Up-to-date: /home/javierac/mounted/ws/install/mezuak/lib/python3.12/site-packages/mezuak/msg/_mugimendu_kodetzaileak_s.c
[1.097s] Listing '/home/javierac/mounted/ws/install/mezuak/lib/python3.12/site-packages/mezuak'...
[1.097s] Listing '/home/javierac/mounted/ws/install/mezuak/lib/python3.12/site-packages/mezuak/msg'...
[1.106s] -- Up-to-date: /home/javierac/mounted/ws/install/mezuak/lib/python3.12/site-packages/mezuak/mezuak_s__rosidl_typesupport_fastrtps_c.so
[1.107s] -- Up-to-date: /home/javierac/mounted/ws/install/mezuak/lib/python3.12/site-packages/mezuak/mezuak_s__rosidl_typesupport_introspection_c.so
[1.108s] -- Up-to-date: /home/javierac/mounted/ws/install/mezuak/lib/python3.12/site-packages/mezuak/mezuak_s__rosidl_typesupport_c.so
[1.108s] -- Up-to-date: /home/javierac/mounted/ws/install/mezuak/lib/libmezuak__rosidl_generator_py.so
[1.108s] -- Up-to-date: /home/javierac/mounted/ws/install/mezuak/share/mezuak/msg/MugimenduKodetzaileak.idl
[1.109s] -- Up-to-date: /home/javierac/mounted/ws/install/mezuak/share/mezuak/msg/MugimenduKodetzaileak.msg
[1.109s] -- Up-to-date: /home/javierac/mounted/ws/install/mezuak/share/ament_index/resource_index/package_run_dependencies/mezuak
[1.109s] -- Up-to-date: /home/javierac/mounted/ws/install/mezuak/share/ament_index/resource_index/parent_prefix_path/mezuak
[1.109s] -- Up-to-date: /home/javierac/mounted/ws/install/mezuak/share/mezuak/environment/ament_prefix_path.sh
[1.109s] -- Up-to-date: /home/javierac/mounted/ws/install/mezuak/share/mezuak/environment/ament_prefix_path.dsv
[1.109s] -- Up-to-date: /home/javierac/mounted/ws/install/mezuak/share/mezuak/environment/path.sh
[1.109s] -- Up-to-date: /home/javierac/mounted/ws/install/mezuak/share/mezuak/environment/path.dsv
[1.109s] -- Up-to-date: /home/javierac/mounted/ws/install/mezuak/share/mezuak/local_setup.bash
[1.109s] -- Up-to-date: /home/javierac/mounted/ws/install/mezuak/share/mezuak/local_setup.sh
[1.109s] -- Up-to-date: /home/javierac/mounted/ws/install/mezuak/share/mezuak/local_setup.zsh
[1.110s] -- Up-to-date: /home/javierac/mounted/ws/install/mezuak/share/mezuak/local_setup.dsv
[1.110s] -- Installing: /home/javierac/mounted/ws/install/mezuak/share/mezuak/package.dsv
[1.110s] -- Up-to-date: /home/javierac/mounted/ws/install/mezuak/share/ament_index/resource_index/packages/mezuak
[1.110s] -- Up-to-date: /home/javierac/mounted/ws/install/mezuak/share/mezuak/cmake/export_mezuak__rosidl_generator_cExport.cmake
[1.110s] -- Up-to-date: /home/javierac/mounted/ws/install/mezuak/share/mezuak/cmake/export_mezuak__rosidl_generator_cExport-noconfig.cmake
[1.110s] -- Up-to-date: /home/javierac/mounted/ws/install/mezuak/share/mezuak/cmake/export_mezuak__rosidl_typesupport_fastrtps_cExport.cmake
[1.110s] -- Up-to-date: /home/javierac/mounted/ws/install/mezuak/share/mezuak/cmake/export_mezuak__rosidl_typesupport_fastrtps_cExport-noconfig.cmake
[1.111s] -- Up-to-date: /home/javierac/mounted/ws/install/mezuak/share/mezuak/cmake/export_mezuak__rosidl_generator_cppExport.cmake
[1.111s] -- Up-to-date: /home/javierac/mounted/ws/install/mezuak/share/mezuak/cmake/export_mezuak__rosidl_typesupport_fastrtps_cppExport.cmake
[1.111s] -- Up-to-date: /home/javierac/mounted/ws/install/mezuak/share/mezuak/cmake/export_mezuak__rosidl_typesupport_fastrtps_cppExport-noconfig.cmake
[1.111s] -- Up-to-date: /home/javierac/mounted/ws/install/mezuak/share/mezuak/cmake/mezuak__rosidl_typesupport_introspection_cExport.cmake
[1.112s] -- Up-to-date: /home/javierac/mounted/ws/install/mezuak/share/mezuak/cmake/mezuak__rosidl_typesupport_introspection_cExport-noconfig.cmake
[1.112s] -- Up-to-date: /home/javierac/mounted/ws/install/mezuak/share/mezuak/cmake/mezuak__rosidl_typesupport_cExport.cmake
[1.112s] -- Up-to-date: /home/javierac/mounted/ws/install/mezuak/share/mezuak/cmake/mezuak__rosidl_typesupport_cExport-noconfig.cmake
[1.112s] -- Up-to-date: /home/javierac/mounted/ws/install/mezuak/share/mezuak/cmake/mezuak__rosidl_typesupport_introspection_cppExport.cmake
[1.112s] -- Up-to-date: /home/javierac/mounted/ws/install/mezuak/share/mezuak/cmake/mezuak__rosidl_typesupport_introspection_cppExport-noconfig.cmake
[1.112s] -- Up-to-date: /home/javierac/mounted/ws/install/mezuak/share/mezuak/cmake/mezuak__rosidl_typesupport_cppExport.cmake
[1.112s] -- Up-to-date: /home/javierac/mounted/ws/install/mezuak/share/mezuak/cmake/mezuak__rosidl_typesupport_cppExport-noconfig.cmake
[1.113s] -- Up-to-date: /home/javierac/mounted/ws/install/mezuak/share/mezuak/cmake/export_mezuak__rosidl_generator_pyExport.cmake
[1.113s] -- Up-to-date: /home/javierac/mounted/ws/install/mezuak/share/mezuak/cmake/export_mezuak__rosidl_generator_pyExport-noconfig.cmake
[1.113s] -- Up-to-date: /home/javierac/mounted/ws/install/mezuak/share/mezuak/cmake/rosidl_cmake-extras.cmake
[1.113s] -- Up-to-date: /home/javierac/mounted/ws/install/mezuak/share/mezuak/cmake/ament_cmake_export_dependencies-extras.cmake
[1.113s] -- Up-to-date: /home/javierac/mounted/ws/install/mezuak/share/mezuak/cmake/ament_cmake_export_include_directories-extras.cmake
[1.113s] -- Up-to-date: /home/javierac/mounted/ws/install/mezuak/share/mezuak/cmake/ament_cmake_export_libraries-extras.cmake
[1.113s] -- Up-to-date: /home/javierac/mounted/ws/install/mezuak/share/mezuak/cmake/ament_cmake_export_targets-extras.cmake
[1.114s] -- Up-to-date: /home/javierac/mounted/ws/install/mezuak/share/mezuak/cmake/rosidl_cmake_export_typesupport_targets-extras.cmake
[1.114s] -- Up-to-date: /home/javierac/mounted/ws/install/mezuak/share/mezuak/cmake/rosidl_cmake_export_typesupport_libraries-extras.cmake
[1.114s] -- Up-to-date: /home/javierac/mounted/ws/install/mezuak/share/mezuak/cmake/mezuakConfig.cmake
[1.114s] -- Up-to-date: /home/javierac/mounted/ws/install/mezuak/share/mezuak/cmake/mezuakConfig-version.cmake
[1.114s] -- Up-to-date: /home/javierac/mounted/ws/install/mezuak/share/mezuak/package.xml
[1.117s] Invoked command in '/home/javierac/mounted/ws/build/mezuak' returned '0': CMAKE_PREFIX_PATH=${CMAKE_PREFIX_PATH}:/home/javierac/mounted/ws/install/ip_nodes:/opt/ros/jazzy /usr/bin/cmake --install /home/javierac/mounted/ws/build/mezuak
