[0.458s] Invoking command in '/home/javierac/mounted/ws/src/ip_nodes': PYTHONPATH=/home/javierac/mounted/ws/build/ip_nodes/prefix_override:/usr/lib/python3/dist-packages/colcon_core/task/python/colcon_distutils_commands:/home/javierac/mounted/ws/install/ip_nodes/lib/python3.12/site-packages:${PYTHONPATH} /usr/bin/python3 -W ignore:setup.py install is deprecated setup.py egg_info --egg-base ../../build/ip_nodes build --build-base /home/javierac/mounted/ws/build/ip_nodes/build install --record /home/javierac/mounted/ws/build/ip_nodes/install.log --single-version-externally-managed install_data
[0.607s] running egg_info
[0.616s] writing ../../build/ip_nodes/ip_nodes.egg-info/PKG-INFO
[0.617s] writing dependency_links to ../../build/ip_nodes/ip_nodes.egg-info/dependency_links.txt
[0.617s] writing entry points to ../../build/ip_nodes/ip_nodes.egg-info/entry_points.txt
[0.617s] writing requirements to ../../build/ip_nodes/ip_nodes.egg-info/requires.txt
[0.617s] writing top-level names to ../../build/ip_nodes/ip_nodes.egg-info/top_level.txt
[0.636s] reading manifest file '../../build/ip_nodes/ip_nodes.egg-info/SOURCES.txt'
[0.636s] adding license file 'LICENSE'
[0.636s] writing manifest file '../../build/ip_nodes/ip_nodes.egg-info/SOURCES.txt'
[0.636s] running build
[0.636s] running build_py
[0.637s] running install
[0.641s] running install_lib
[0.650s] running install_data
[0.651s] copying package.xml -> /home/javierac/mounted/ws/install/ip_nodes/share/ip_nodes
[0.651s] running install_egg_info
[0.661s] removing '/home/javierac/mounted/ws/install/ip_nodes/lib/python3.12/site-packages/ip_nodes-0.0.0-py3.12.egg-info' (and everything under it)
[0.661s] Copying ../../build/ip_nodes/ip_nodes.egg-info to /home/javierac/mounted/ws/install/ip_nodes/lib/python3.12/site-packages/ip_nodes-0.0.0-py3.12.egg-info
[0.661s] running install_scripts
[0.732s] Installing listener script to /home/javierac/mounted/ws/install/ip_nodes/lib/ip_nodes
[0.732s] Installing talker script to /home/javierac/mounted/ws/install/ip_nodes/lib/ip_nodes
[0.732s] writing list of installed files to '/home/javierac/mounted/ws/build/ip_nodes/install.log'
[0.749s] Invoked command in '/home/javierac/mounted/ws/src/ip_nodes' returned '0': PYTHONPATH=/home/javierac/mounted/ws/build/ip_nodes/prefix_override:/usr/lib/python3/dist-packages/colcon_core/task/python/colcon_distutils_commands:/home/javierac/mounted/ws/install/ip_nodes/lib/python3.12/site-packages:${PYTHONPATH} /usr/bin/python3 -W ignore:setup.py install is deprecated setup.py egg_info --egg-base ../../build/ip_nodes build --build-base /home/javierac/mounted/ws/build/ip_nodes/build install --record /home/javierac/mounted/ws/build/ip_nodes/install.log --single-version-externally-managed install_data
