[0.456s] Invoking command in '/home/javierac/mounted/ws/src/ip_nodes': PYTHONPATH=/home/javierac/mounted/ws/build/ip_nodes/prefix_override:/usr/lib/python3/dist-packages/colcon_core/task/python/colcon_distutils_commands:/home/javierac/mounted/ws/install/ip_nodes/lib/python3.12/site-packages:${PYTHONPATH} /usr/bin/python3 -W ignore:setup.py install is deprecated setup.py egg_info --egg-base ../../build/ip_nodes build --build-base /home/javierac/mounted/ws/build/ip_nodes/build install --record /home/javierac/mounted/ws/build/ip_nodes/install.log --single-version-externally-managed install_data
[0.616s] running egg_info
[0.625s] writing ../../build/ip_nodes/ip_nodes.egg-info/PKG-INFO
[0.625s] writing dependency_links to ../../build/ip_nodes/ip_nodes.egg-info/dependency_links.txt
[0.625s] writing entry points to ../../build/ip_nodes/ip_nodes.egg-info/entry_points.txt
[0.625s] writing requirements to ../../build/ip_nodes/ip_nodes.egg-info/requires.txt
[0.625s] writing top-level names to ../../build/ip_nodes/ip_nodes.egg-info/top_level.txt
[0.644s] reading manifest file '../../build/ip_nodes/ip_nodes.egg-info/SOURCES.txt'
[0.644s] adding license file 'LICENSE'
[0.644s] writing manifest file '../../build/ip_nodes/ip_nodes.egg-info/SOURCES.txt'
[0.644s] running build
[0.644s] running build_py
[0.644s] copying ip_nodes/publisher_member_function.py -> /home/javierac/mounted/ws/build/ip_nodes/build/lib/ip_nodes
[0.644s] running install
[0.649s] running install_lib
[0.658s] copying /home/javierac/mounted/ws/build/ip_nodes/build/lib/ip_nodes/publisher_member_function.py -> /home/javierac/mounted/ws/install/ip_nodes/lib/python3.12/site-packages/ip_nodes
[0.658s] byte-compiling /home/javierac/mounted/ws/install/ip_nodes/lib/python3.12/site-packages/ip_nodes/publisher_member_function.py to publisher_member_function.cpython-312.pyc
[0.658s] running install_data
[0.658s] running install_egg_info
[0.659s] Sorry: TabError: inconsistent use of tabs and spaces in indentation (publisher_member_function.py, line 30)
[0.669s] removing '/home/javierac/mounted/ws/install/ip_nodes/lib/python3.12/site-packages/ip_nodes-0.0.0-py3.12.egg-info' (and everything under it)
[0.669s] Copying ../../build/ip_nodes/ip_nodes.egg-info to /home/javierac/mounted/ws/install/ip_nodes/lib/python3.12/site-packages/ip_nodes-0.0.0-py3.12.egg-info
[0.669s] running install_scripts
[0.740s] Installing listener script to /home/javierac/mounted/ws/install/ip_nodes/lib/ip_nodes
[0.740s] Installing talker script to /home/javierac/mounted/ws/install/ip_nodes/lib/ip_nodes
[0.740s] writing list of installed files to '/home/javierac/mounted/ws/build/ip_nodes/install.log'
[0.757s] Invoked command in '/home/javierac/mounted/ws/src/ip_nodes' returned '0': PYTHONPATH=/home/javierac/mounted/ws/build/ip_nodes/prefix_override:/usr/lib/python3/dist-packages/colcon_core/task/python/colcon_distutils_commands:/home/javierac/mounted/ws/install/ip_nodes/lib/python3.12/site-packages:${PYTHONPATH} /usr/bin/python3 -W ignore:setup.py install is deprecated setup.py egg_info --egg-base ../../build/ip_nodes build --build-base /home/javierac/mounted/ws/build/ip_nodes/build install --record /home/javierac/mounted/ws/build/ip_nodes/install.log --single-version-externally-managed install_data
