[0.033s] Invoking command in '/home/javierac/eduros2_lego/build/mezuak': CMAKE_PREFIX_PATH=${CMAKE_PREFIX_PATH}:/home/javierac/eduros2_lego/install/pid_gen:/home/javierac/eduros2_lego/install/eduros2_lego:/opt/ros/jazzy /usr/bin/cmake --build /home/javierac/eduros2_lego/build/mezuak -- -j20 -l20
[0.242s] [  1%] Built target mezuak__rosidl_generator_type_description
[0.242s] [  1%] Built target ament_cmake_python_copy_mezuak
[0.242s] [  3%] Built target mezuak__cpp
[0.242s] [ 24%] Built target mezuak__rosidl_generator_c
[0.243s] [ 40%] Built target mezuak__rosidl_typesupport_c
[0.243s] [ 42%] Built target mezuak__rosidl_typesupport_introspection_c
[0.243s] [ 51%] Built target mezuak__rosidl_typesupport_fastrtps_cpp
[0.243s] [ 61%] Built target mezuak__rosidl_typesupport_cpp
[0.243s] [ 70%] Built target mezuak__rosidl_typesupport_fastrtps_c
[0.243s] [ 79%] Built target mezuak__rosidl_typesupport_introspection_cpp
[0.243s] [ 79%] Built target mezuak
[0.244s] [ 81%] Built target mezuak__py
[0.260s] [ 88%] Built target mezuak__rosidl_generator_py
[0.290s] [ 92%] Built target mezuak_s__rosidl_typesupport_c
[0.291s] [ 96%] Built target mezuak_s__rosidl_typesupport_fastrtps_c
[0.295s] [100%] Built target mezuak_s__rosidl_typesupport_introspection_c
[0.319s] running egg_info
[0.334s] writing mezuak.egg-info/PKG-INFO
[0.334s] writing dependency_links to mezuak.egg-info/dependency_links.txt
[0.335s] writing top-level names to mezuak.egg-info/top_level.txt
[0.377s] reading manifest file 'mezuak.egg-info/SOURCES.txt'
[0.378s] writing manifest file 'mezuak.egg-info/SOURCES.txt'
[0.404s] [100%] Built target ament_cmake_python_build_mezuak_egg
[0.448s] Invoked command in '/home/javierac/eduros2_lego/build/mezuak' returned '0': CMAKE_PREFIX_PATH=${CMAKE_PREFIX_PATH}:/home/javierac/eduros2_lego/install/pid_gen:/home/javierac/eduros2_lego/install/eduros2_lego:/opt/ros/jazzy /usr/bin/cmake --build /home/javierac/eduros2_lego/build/mezuak -- -j20 -l20
[0.464s] Invoking command in '/home/javierac/eduros2_lego/build/mezuak': CMAKE_PREFIX_PATH=${CMAKE_PREFIX_PATH}:/home/javierac/eduros2_lego/install/pid_gen:/home/javierac/eduros2_lego/install/eduros2_lego:/opt/ros/jazzy /usr/bin/cmake --install /home/javierac/eduros2_lego/build/mezuak
[0.475s] -- Install configuration: ""
[0.475s] -- Up-to-date: /home/javierac/eduros2_lego/install/mezuak/share/ament_index/resource_index/rosidl_interfaces/mezuak
[0.476s] -- Up-to-date: /home/javierac/eduros2_lego/install/mezuak/share/mezuak/msg/MugimenduKodetzaileak.json
[0.476s] -- Up-to-date: /home/javierac/eduros2_lego/install/mezuak/share/mezuak/msg/IslatutakoArgia.json
[0.476s] -- Up-to-date: /home/javierac/eduros2_lego/install/mezuak/share/mezuak/msg/IkasDatuak.json
[0.476s] -- Up-to-date: /home/javierac/eduros2_lego/install/mezuak/include/mezuak/mezuak
[0.476s] -- Up-to-date: /home/javierac/eduros2_lego/install/mezuak/include/mezuak/mezuak/msg
[0.477s] -- Up-to-date: /home/javierac/eduros2_lego/install/mezuak/include/mezuak/mezuak/msg/ikas_datuak.h
[0.477s] -- Up-to-date: /home/javierac/eduros2_lego/install/mezuak/include/mezuak/mezuak/msg/rosidl_generator_c__visibility_control.h
[0.477s] -- Up-to-date: /home/javierac/eduros2_lego/install/mezuak/include/mezuak/mezuak/msg/islatutako_argia.h
[0.477s] -- Up-to-date: /home/javierac/eduros2_lego/install/mezuak/include/mezuak/mezuak/msg/mugimendu_kodetzaileak.h
[0.477s] -- Up-to-date: /home/javierac/eduros2_lego/install/mezuak/include/mezuak/mezuak/msg/detail
[0.478s] -- Up-to-date: /home/javierac/eduros2_lego/install/mezuak/include/mezuak/mezuak/msg/detail/islatutako_argia__type_support.h
[0.478s] -- Up-to-date: /home/javierac/eduros2_lego/install/mezuak/include/mezuak/mezuak/msg/detail/mugimendu_kodetzaileak__struct.h
[0.478s] -- Up-to-date: /home/javierac/eduros2_lego/install/mezuak/include/mezuak/mezuak/msg/detail/ikas_datuak__type_support.h
[0.478s] -- Up-to-date: /home/javierac/eduros2_lego/install/mezuak/include/mezuak/mezuak/msg/detail/mugimendu_kodetzaileak__description.c
[0.478s] -- Up-to-date: /home/javierac/eduros2_lego/install/mezuak/include/mezuak/mezuak/msg/detail/ikas_datuak__description.c
[0.478s] -- Up-to-date: /home/javierac/eduros2_lego/install/mezuak/include/mezuak/mezuak/msg/detail/ikas_datuak__functions.c
[0.479s] -- Up-to-date: /home/javierac/eduros2_lego/install/mezuak/include/mezuak/mezuak/msg/detail/islatutako_argia__functions.c
[0.479s] -- Up-to-date: /home/javierac/eduros2_lego/install/mezuak/include/mezuak/mezuak/msg/detail/mugimendu_kodetzaileak__type_support.h
[0.479s] -- Up-to-date: /home/javierac/eduros2_lego/install/mezuak/include/mezuak/mezuak/msg/detail/mugimendu_kodetzaileak__functions.c
[0.479s] -- Up-to-date: /home/javierac/eduros2_lego/install/mezuak/include/mezuak/mezuak/msg/detail/islatutako_argia__description.c
[0.480s] -- Up-to-date: /home/javierac/eduros2_lego/install/mezuak/include/mezuak/mezuak/msg/detail/ikas_datuak__functions.h
[0.480s] -- Up-to-date: /home/javierac/eduros2_lego/install/mezuak/include/mezuak/mezuak/msg/detail/islatutako_argia__functions.h
[0.480s] -- Up-to-date: /home/javierac/eduros2_lego/install/mezuak/include/mezuak/mezuak/msg/detail/islatutako_argia__struct.h
[0.480s] -- Up-to-date: /home/javierac/eduros2_lego/install/mezuak/include/mezuak/mezuak/msg/detail/islatutako_argia__type_support.c
[0.480s] -- Up-to-date: /home/javierac/eduros2_lego/install/mezuak/include/mezuak/mezuak/msg/detail/mugimendu_kodetzaileak__functions.h
[0.480s] -- Up-to-date: /home/javierac/eduros2_lego/install/mezuak/include/mezuak/mezuak/msg/detail/ikas_datuak__struct.h
[0.480s] -- Up-to-date: /home/javierac/eduros2_lego/install/mezuak/include/mezuak/mezuak/msg/detail/ikas_datuak__type_support.c
[0.481s] -- Up-to-date: /home/javierac/eduros2_lego/install/mezuak/include/mezuak/mezuak/msg/detail/mugimendu_kodetzaileak__type_support.c
[0.481s] -- Up-to-date: /home/javierac/eduros2_lego/install/mezuak/share/mezuak/environment/library_path.sh
[0.481s] -- Up-to-date: /home/javierac/eduros2_lego/install/mezuak/share/mezuak/environment/library_path.dsv
[0.481s] -- Up-to-date: /home/javierac/eduros2_lego/install/mezuak/lib/libmezuak__rosidl_generator_c.so
[0.481s] -- Up-to-date: /home/javierac/eduros2_lego/install/mezuak/include/mezuak/mezuak
[0.481s] -- Up-to-date: /home/javierac/eduros2_lego/install/mezuak/include/mezuak/mezuak/msg
[0.481s] -- Up-to-date: /home/javierac/eduros2_lego/install/mezuak/include/mezuak/mezuak/msg/rosidl_typesupport_fastrtps_c__visibility_control.h
[0.481s] -- Up-to-date: /home/javierac/eduros2_lego/install/mezuak/include/mezuak/mezuak/msg/detail
[0.481s] -- Up-to-date: /home/javierac/eduros2_lego/install/mezuak/include/mezuak/mezuak/msg/detail/mugimendu_kodetzaileak__rosidl_typesupport_fastrtps_c.h
[0.481s] -- Up-to-date: /home/javierac/eduros2_lego/install/mezuak/include/mezuak/mezuak/msg/detail/islatutako_argia__rosidl_typesupport_fastrtps_c.h
[0.481s] -- Up-to-date: /home/javierac/eduros2_lego/install/mezuak/include/mezuak/mezuak/msg/detail/ikas_datuak__rosidl_typesupport_fastrtps_c.h
[0.481s] -- Up-to-date: /home/javierac/eduros2_lego/install/mezuak/lib/libmezuak__rosidl_typesupport_fastrtps_c.so
[0.481s] -- Up-to-date: /home/javierac/eduros2_lego/install/mezuak/include/mezuak/mezuak
[0.481s] -- Up-to-date: /home/javierac/eduros2_lego/install/mezuak/include/mezuak/mezuak/msg
[0.482s] -- Up-to-date: /home/javierac/eduros2_lego/install/mezuak/include/mezuak/mezuak/msg/rosidl_generator_cpp__visibility_control.hpp
[0.482s] -- Up-to-date: /home/javierac/eduros2_lego/install/mezuak/include/mezuak/mezuak/msg/mugimendu_kodetzaileak.hpp
[0.482s] -- Up-to-date: /home/javierac/eduros2_lego/install/mezuak/include/mezuak/mezuak/msg/ikas_datuak.hpp
[0.482s] -- Up-to-date: /home/javierac/eduros2_lego/install/mezuak/include/mezuak/mezuak/msg/islatutako_argia.hpp
[0.482s] -- Up-to-date: /home/javierac/eduros2_lego/install/mezuak/include/mezuak/mezuak/msg/detail
[0.482s] -- Up-to-date: /home/javierac/eduros2_lego/install/mezuak/include/mezuak/mezuak/msg/detail/ikas_datuak__type_support.hpp
[0.482s] -- Up-to-date: /home/javierac/eduros2_lego/install/mezuak/include/mezuak/mezuak/msg/detail/ikas_datuak__struct.hpp
[0.482s] -- Up-to-date: /home/javierac/eduros2_lego/install/mezuak/include/mezuak/mezuak/msg/detail/islatutako_argia__type_support.hpp
[0.482s] -- Up-to-date: /home/javierac/eduros2_lego/install/mezuak/include/mezuak/mezuak/msg/detail/ikas_datuak__traits.hpp
[0.482s] -- Up-to-date: /home/javierac/eduros2_lego/install/mezuak/include/mezuak/mezuak/msg/detail/islatutako_argia__traits.hpp
[0.482s] -- Up-to-date: /home/javierac/eduros2_lego/install/mezuak/include/mezuak/mezuak/msg/detail/ikas_datuak__builder.hpp
[0.482s] -- Up-to-date: /home/javierac/eduros2_lego/install/mezuak/include/mezuak/mezuak/msg/detail/islatutako_argia__builder.hpp
[0.482s] -- Up-to-date: /home/javierac/eduros2_lego/install/mezuak/include/mezuak/mezuak/msg/detail/mugimendu_kodetzaileak__traits.hpp
[0.482s] -- Up-to-date: /home/javierac/eduros2_lego/install/mezuak/include/mezuak/mezuak/msg/detail/mugimendu_kodetzaileak__struct.hpp
[0.482s] -- Up-to-date: /home/javierac/eduros2_lego/install/mezuak/include/mezuak/mezuak/msg/detail/islatutako_argia__struct.hpp
[0.482s] -- Up-to-date: /home/javierac/eduros2_lego/install/mezuak/include/mezuak/mezuak/msg/detail/mugimendu_kodetzaileak__builder.hpp
[0.482s] -- Up-to-date: /home/javierac/eduros2_lego/install/mezuak/include/mezuak/mezuak/msg/detail/mugimendu_kodetzaileak__type_support.hpp
[0.482s] -- Up-to-date: /home/javierac/eduros2_lego/install/mezuak/include/mezuak/mezuak
[0.482s] -- Up-to-date: /home/javierac/eduros2_lego/install/mezuak/include/mezuak/mezuak/msg
[0.483s] -- Up-to-date: /home/javierac/eduros2_lego/install/mezuak/include/mezuak/mezuak/msg/rosidl_typesupport_fastrtps_cpp__visibility_control.h
[0.483s] -- Up-to-date: /home/javierac/eduros2_lego/install/mezuak/include/mezuak/mezuak/msg/detail
[0.483s] -- Up-to-date: /home/javierac/eduros2_lego/install/mezuak/include/mezuak/mezuak/msg/detail/mugimendu_kodetzaileak__rosidl_typesupport_fastrtps_cpp.hpp
[0.483s] -- Up-to-date: /home/javierac/eduros2_lego/install/mezuak/include/mezuak/mezuak/msg/detail/dds_fastrtps
[0.483s] -- Up-to-date: /home/javierac/eduros2_lego/install/mezuak/include/mezuak/mezuak/msg/detail/ikas_datuak__rosidl_typesupport_fastrtps_cpp.hpp
[0.483s] -- Up-to-date: /home/javierac/eduros2_lego/install/mezuak/include/mezuak/mezuak/msg/detail/islatutako_argia__rosidl_typesupport_fastrtps_cpp.hpp
[0.483s] -- Up-to-date: /home/javierac/eduros2_lego/install/mezuak/lib/libmezuak__rosidl_typesupport_fastrtps_cpp.so
[0.483s] -- Up-to-date: /home/javierac/eduros2_lego/install/mezuak/include/mezuak/mezuak
[0.483s] -- Up-to-date: /home/javierac/eduros2_lego/install/mezuak/include/mezuak/mezuak/msg
[0.483s] -- Up-to-date: /home/javierac/eduros2_lego/install/mezuak/include/mezuak/mezuak/msg/rosidl_typesupport_introspection_c__visibility_control.h
[0.483s] -- Up-to-date: /home/javierac/eduros2_lego/install/mezuak/include/mezuak/mezuak/msg/detail
[0.483s] -- Up-to-date: /home/javierac/eduros2_lego/install/mezuak/include/mezuak/mezuak/msg/detail/ikas_datuak__rosidl_typesupport_introspection_c.h
[0.483s] -- Up-to-date: /home/javierac/eduros2_lego/install/mezuak/include/mezuak/mezuak/msg/detail/islatutako_argia__type_support.c
[0.483s] -- Up-to-date: /home/javierac/eduros2_lego/install/mezuak/include/mezuak/mezuak/msg/detail/ikas_datuak__type_support.c
[0.483s] -- Up-to-date: /home/javierac/eduros2_lego/install/mezuak/include/mezuak/mezuak/msg/detail/islatutako_argia__rosidl_typesupport_introspection_c.h
[0.483s] -- Up-to-date: /home/javierac/eduros2_lego/install/mezuak/include/mezuak/mezuak/msg/detail/mugimendu_kodetzaileak__type_support.c
[0.483s] -- Up-to-date: /home/javierac/eduros2_lego/install/mezuak/include/mezuak/mezuak/msg/detail/mugimendu_kodetzaileak__rosidl_typesupport_introspection_c.h
[0.483s] -- Up-to-date: /home/javierac/eduros2_lego/install/mezuak/lib/libmezuak__rosidl_typesupport_introspection_c.so
[0.484s] -- Up-to-date: /home/javierac/eduros2_lego/install/mezuak/lib/libmezuak__rosidl_typesupport_c.so
[0.484s] -- Up-to-date: /home/javierac/eduros2_lego/install/mezuak/include/mezuak/mezuak
[0.484s] -- Up-to-date: /home/javierac/eduros2_lego/install/mezuak/include/mezuak/mezuak/msg
[0.484s] -- Up-to-date: /home/javierac/eduros2_lego/install/mezuak/include/mezuak/mezuak/msg/detail
[0.484s] -- Up-to-date: /home/javierac/eduros2_lego/install/mezuak/include/mezuak/mezuak/msg/detail/islatutako_argia__rosidl_typesupport_introspection_cpp.hpp
[0.484s] -- Up-to-date: /home/javierac/eduros2_lego/install/mezuak/include/mezuak/mezuak/msg/detail/mugimendu_kodetzaileak__rosidl_typesupport_introspection_cpp.hpp
[0.484s] -- Up-to-date: /home/javierac/eduros2_lego/install/mezuak/include/mezuak/mezuak/msg/detail/islatutako_argia__type_support.cpp
[0.484s] -- Up-to-date: /home/javierac/eduros2_lego/install/mezuak/include/mezuak/mezuak/msg/detail/ikas_datuak__rosidl_typesupport_introspection_cpp.hpp
[0.484s] -- Up-to-date: /home/javierac/eduros2_lego/install/mezuak/include/mezuak/mezuak/msg/detail/ikas_datuak__type_support.cpp
[0.484s] -- Up-to-date: /home/javierac/eduros2_lego/install/mezuak/include/mezuak/mezuak/msg/detail/mugimendu_kodetzaileak__type_support.cpp
[0.484s] -- Up-to-date: /home/javierac/eduros2_lego/install/mezuak/lib/libmezuak__rosidl_typesupport_introspection_cpp.so
[0.484s] -- Up-to-date: /home/javierac/eduros2_lego/install/mezuak/lib/libmezuak__rosidl_typesupport_cpp.so
[0.484s] -- Up-to-date: /home/javierac/eduros2_lego/install/mezuak/share/mezuak/environment/pythonpath.sh
[0.484s] -- Up-to-date: /home/javierac/eduros2_lego/install/mezuak/share/mezuak/environment/pythonpath.dsv
[0.484s] -- Up-to-date: /home/javierac/eduros2_lego/install/mezuak/lib/python3.12/site-packages/mezuak-0.0.1-py3.12.egg-info
[0.484s] -- Installing: /home/javierac/eduros2_lego/install/mezuak/lib/python3.12/site-packages/mezuak-0.0.1-py3.12.egg-info/dependency_links.txt
[0.484s] -- Installing: /home/javierac/eduros2_lego/install/mezuak/lib/python3.12/site-packages/mezuak-0.0.1-py3.12.egg-info/PKG-INFO
[0.484s] -- Installing: /home/javierac/eduros2_lego/install/mezuak/lib/python3.12/site-packages/mezuak-0.0.1-py3.12.egg-info/SOURCES.txt
[0.484s] -- Installing: /home/javierac/eduros2_lego/install/mezuak/lib/python3.12/site-packages/mezuak-0.0.1-py3.12.egg-info/top_level.txt
[0.485s] -- Up-to-date: /home/javierac/eduros2_lego/install/mezuak/lib/python3.12/site-packages/mezuak
[0.485s] -- Up-to-date: /home/javierac/eduros2_lego/install/mezuak/lib/python3.12/site-packages/mezuak/__init__.py
[0.485s] -- Up-to-date: /home/javierac/eduros2_lego/install/mezuak/lib/python3.12/site-packages/mezuak/mezuak_s__rosidl_typesupport_fastrtps_c.so
[0.485s] -- Up-to-date: /home/javierac/eduros2_lego/install/mezuak/lib/python3.12/site-packages/mezuak/_mezuak_s.ep.rosidl_typesupport_c.c
[0.485s] -- Up-to-date: /home/javierac/eduros2_lego/install/mezuak/lib/python3.12/site-packages/mezuak/mezuak_s__rosidl_typesupport_c.so
[0.485s] -- Up-to-date: /home/javierac/eduros2_lego/install/mezuak/lib/python3.12/site-packages/mezuak/_mezuak_s.ep.rosidl_typesupport_fastrtps_c.c
[0.485s] -- Up-to-date: /home/javierac/eduros2_lego/install/mezuak/lib/python3.12/site-packages/mezuak/_mezuak_s.ep.rosidl_typesupport_introspection_c.c
[0.485s] -- Up-to-date: /home/javierac/eduros2_lego/install/mezuak/lib/python3.12/site-packages/mezuak/mezuak_s__rosidl_typesupport_introspection_c.so
[0.485s] -- Up-to-date: /home/javierac/eduros2_lego/install/mezuak/lib/python3.12/site-packages/mezuak/msg
[0.485s] -- Up-to-date: /home/javierac/eduros2_lego/install/mezuak/lib/python3.12/site-packages/mezuak/msg/__init__.py
[0.485s] -- Up-to-date: /home/javierac/eduros2_lego/install/mezuak/lib/python3.12/site-packages/mezuak/msg/_ikas_datuak.py
[0.485s] -- Up-to-date: /home/javierac/eduros2_lego/install/mezuak/lib/python3.12/site-packages/mezuak/msg/_mugimendu_kodetzaileak.py
[0.485s] -- Up-to-date: /home/javierac/eduros2_lego/install/mezuak/lib/python3.12/site-packages/mezuak/msg/_mugimendu_kodetzaileak_s.c
[0.485s] -- Up-to-date: /home/javierac/eduros2_lego/install/mezuak/lib/python3.12/site-packages/mezuak/msg/_islatutako_argia_s.c
[0.485s] -- Up-to-date: /home/javierac/eduros2_lego/install/mezuak/lib/python3.12/site-packages/mezuak/msg/_islatutako_argia.py
[0.485s] -- Up-to-date: /home/javierac/eduros2_lego/install/mezuak/lib/python3.12/site-packages/mezuak/msg/_ikas_datuak_s.c
[0.516s] Listing '/home/javierac/eduros2_lego/install/mezuak/lib/python3.12/site-packages/mezuak'...
[0.516s] Listing '/home/javierac/eduros2_lego/install/mezuak/lib/python3.12/site-packages/mezuak/msg'...
[0.522s] -- Up-to-date: /home/javierac/eduros2_lego/install/mezuak/lib/python3.12/site-packages/mezuak/mezuak_s__rosidl_typesupport_fastrtps_c.so
[0.522s] -- Up-to-date: /home/javierac/eduros2_lego/install/mezuak/lib/python3.12/site-packages/mezuak/mezuak_s__rosidl_typesupport_introspection_c.so
[0.523s] -- Up-to-date: /home/javierac/eduros2_lego/install/mezuak/lib/python3.12/site-packages/mezuak/mezuak_s__rosidl_typesupport_c.so
[0.523s] -- Up-to-date: /home/javierac/eduros2_lego/install/mezuak/lib/libmezuak__rosidl_generator_py.so
[0.523s] -- Up-to-date: /home/javierac/eduros2_lego/install/mezuak/share/mezuak/msg/MugimenduKodetzaileak.idl
[0.523s] -- Up-to-date: /home/javierac/eduros2_lego/install/mezuak/share/mezuak/msg/IslatutakoArgia.idl
[0.524s] -- Up-to-date: /home/javierac/eduros2_lego/install/mezuak/share/mezuak/msg/IkasDatuak.idl
[0.524s] -- Up-to-date: /home/javierac/eduros2_lego/install/mezuak/share/mezuak/msg/MugimenduKodetzaileak.msg
[0.524s] -- Up-to-date: /home/javierac/eduros2_lego/install/mezuak/share/mezuak/msg/IslatutakoArgia.msg
[0.524s] -- Up-to-date: /home/javierac/eduros2_lego/install/mezuak/share/mezuak/msg/IkasDatuak.msg
[0.525s] -- Up-to-date: /home/javierac/eduros2_lego/install/mezuak/share/ament_index/resource_index/package_run_dependencies/mezuak
[0.525s] -- Up-to-date: /home/javierac/eduros2_lego/install/mezuak/share/ament_index/resource_index/parent_prefix_path/mezuak
[0.525s] -- Up-to-date: /home/javierac/eduros2_lego/install/mezuak/share/mezuak/environment/ament_prefix_path.sh
[0.525s] -- Up-to-date: /home/javierac/eduros2_lego/install/mezuak/share/mezuak/environment/ament_prefix_path.dsv
[0.525s] -- Up-to-date: /home/javierac/eduros2_lego/install/mezuak/share/mezuak/environment/path.sh
[0.525s] -- Up-to-date: /home/javierac/eduros2_lego/install/mezuak/share/mezuak/environment/path.dsv
[0.526s] -- Up-to-date: /home/javierac/eduros2_lego/install/mezuak/share/mezuak/local_setup.bash
[0.526s] -- Up-to-date: /home/javierac/eduros2_lego/install/mezuak/share/mezuak/local_setup.sh
[0.526s] -- Up-to-date: /home/javierac/eduros2_lego/install/mezuak/share/mezuak/local_setup.zsh
[0.526s] -- Up-to-date: /home/javierac/eduros2_lego/install/mezuak/share/mezuak/local_setup.dsv
[0.526s] -- Installing: /home/javierac/eduros2_lego/install/mezuak/share/mezuak/package.dsv
[0.526s] -- Up-to-date: /home/javierac/eduros2_lego/install/mezuak/share/ament_index/resource_index/packages/mezuak
[0.526s] -- Up-to-date: /home/javierac/eduros2_lego/install/mezuak/share/mezuak/cmake/export_mezuak__rosidl_generator_cExport.cmake
[0.527s] -- Up-to-date: /home/javierac/eduros2_lego/install/mezuak/share/mezuak/cmake/export_mezuak__rosidl_generator_cExport-noconfig.cmake
[0.527s] -- Up-to-date: /home/javierac/eduros2_lego/install/mezuak/share/mezuak/cmake/export_mezuak__rosidl_typesupport_fastrtps_cExport.cmake
[0.527s] -- Up-to-date: /home/javierac/eduros2_lego/install/mezuak/share/mezuak/cmake/export_mezuak__rosidl_typesupport_fastrtps_cExport-noconfig.cmake
[0.527s] -- Up-to-date: /home/javierac/eduros2_lego/install/mezuak/share/mezuak/cmake/export_mezuak__rosidl_generator_cppExport.cmake
[0.528s] -- Up-to-date: /home/javierac/eduros2_lego/install/mezuak/share/mezuak/cmake/export_mezuak__rosidl_typesupport_fastrtps_cppExport.cmake
[0.528s] -- Up-to-date: /home/javierac/eduros2_lego/install/mezuak/share/mezuak/cmake/export_mezuak__rosidl_typesupport_fastrtps_cppExport-noconfig.cmake
[0.529s] -- Up-to-date: /home/javierac/eduros2_lego/install/mezuak/share/mezuak/cmake/mezuak__rosidl_typesupport_introspection_cExport.cmake
[0.529s] -- Up-to-date: /home/javierac/eduros2_lego/install/mezuak/share/mezuak/cmake/mezuak__rosidl_typesupport_introspection_cExport-noconfig.cmake
[0.529s] -- Up-to-date: /home/javierac/eduros2_lego/install/mezuak/share/mezuak/cmake/mezuak__rosidl_typesupport_cExport.cmake
[0.529s] -- Up-to-date: /home/javierac/eduros2_lego/install/mezuak/share/mezuak/cmake/mezuak__rosidl_typesupport_cExport-noconfig.cmake
[0.530s] -- Up-to-date: /home/javierac/eduros2_lego/install/mezuak/share/mezuak/cmake/mezuak__rosidl_typesupport_introspection_cppExport.cmake
[0.530s] -- Up-to-date: /home/javierac/eduros2_lego/install/mezuak/share/mezuak/cmake/mezuak__rosidl_typesupport_introspection_cppExport-noconfig.cmake
[0.530s] -- Up-to-date: /home/javierac/eduros2_lego/install/mezuak/share/mezuak/cmake/mezuak__rosidl_typesupport_cppExport.cmake
[0.530s] -- Up-to-date: /home/javierac/eduros2_lego/install/mezuak/share/mezuak/cmake/mezuak__rosidl_typesupport_cppExport-noconfig.cmake
[0.530s] -- Up-to-date: /home/javierac/eduros2_lego/install/mezuak/share/mezuak/cmake/export_mezuak__rosidl_generator_pyExport.cmake
[0.531s] -- Up-to-date: /home/javierac/eduros2_lego/install/mezuak/share/mezuak/cmake/export_mezuak__rosidl_generator_pyExport-noconfig.cmake
[0.531s] -- Up-to-date: /home/javierac/eduros2_lego/install/mezuak/share/mezuak/cmake/rosidl_cmake-extras.cmake
[0.531s] -- Up-to-date: /home/javierac/eduros2_lego/install/mezuak/share/mezuak/cmake/ament_cmake_export_dependencies-extras.cmake
[0.531s] -- Up-to-date: /home/javierac/eduros2_lego/install/mezuak/share/mezuak/cmake/ament_cmake_export_include_directories-extras.cmake
[0.531s] -- Up-to-date: /home/javierac/eduros2_lego/install/mezuak/share/mezuak/cmake/ament_cmake_export_libraries-extras.cmake
[0.531s] -- Up-to-date: /home/javierac/eduros2_lego/install/mezuak/share/mezuak/cmake/ament_cmake_export_targets-extras.cmake
[0.532s] -- Up-to-date: /home/javierac/eduros2_lego/install/mezuak/share/mezuak/cmake/rosidl_cmake_export_typesupport_targets-extras.cmake
[0.532s] -- Up-to-date: /home/javierac/eduros2_lego/install/mezuak/share/mezuak/cmake/rosidl_cmake_export_typesupport_libraries-extras.cmake
[0.532s] -- Up-to-date: /home/javierac/eduros2_lego/install/mezuak/share/mezuak/cmake/mezuakConfig.cmake
[0.533s] -- Up-to-date: /home/javierac/eduros2_lego/install/mezuak/share/mezuak/cmake/mezuakConfig-version.cmake
[0.533s] -- Up-to-date: /home/javierac/eduros2_lego/install/mezuak/share/mezuak/package.xml
[0.533s] Invoked command in '/home/javierac/eduros2_lego/build/mezuak' returned '0': CMAKE_PREFIX_PATH=${CMAKE_PREFIX_PATH}:/home/javierac/eduros2_lego/install/pid_gen:/home/javierac/eduros2_lego/install/eduros2_lego:/opt/ros/jazzy /usr/bin/cmake --install /home/javierac/eduros2_lego/build/mezuak
