[1.238s] Invoking command in '/home/javierac/mounted/ws/src/ip_nodes': PYTHONPATH=/home/javierac/mounted/ws/build/ip_nodes/prefix_override:/usr/lib/python3/dist-packages/colcon_core/task/python/colcon_distutils_commands:/home/javierac/mounted/ws/install/ip_nodes/lib/python3.12/site-packages:${PYTHONPATH} /usr/bin/python3 -W ignore:setup.py install is deprecated -W ignore:easy_install command is deprecated setup.py egg_info --egg-base ../../build/ip_nodes build --build-base /home/javierac/mounted/ws/build/ip_nodes/build install --record /home/javierac/mounted/ws/build/ip_nodes/install.log --single-version-externally-managed install_data
[1.600s] running egg_info
[1.620s] writing ../../build/ip_nodes/ip_nodes.egg-info/PKG-INFO
[1.621s] writing dependency_links to ../../build/ip_nodes/ip_nodes.egg-info/dependency_links.txt
[1.621s] writing entry points to ../../build/ip_nodes/ip_nodes.egg-info/entry_points.txt
[1.622s] writing requirements to ../../build/ip_nodes/ip_nodes.egg-info/requires.txt
[1.622s] writing top-level names to ../../build/ip_nodes/ip_nodes.egg-info/top_level.txt
[1.664s] reading manifest file '../../build/ip_nodes/ip_nodes.egg-info/SOURCES.txt'
[1.664s] adding license file 'LICENSE'
[1.665s] writing manifest file '../../build/ip_nodes/ip_nodes.egg-info/SOURCES.txt'
[1.665s] running build
[1.665s] running build_py
[1.666s] copying ip_nodes/mando.py -> /home/javierac/mounted/ws/build/ip_nodes/build/lib/ip_nodes
[1.666s] running install
[1.673s] running install_lib
[1.689s] copying /home/javierac/mounted/ws/build/ip_nodes/build/lib/ip_nodes/mando.py -> /home/javierac/mounted/ws/install/ip_nodes/lib/python3.12/site-packages/ip_nodes
[1.690s] byte-compiling /home/javierac/mounted/ws/install/ip_nodes/lib/python3.12/site-packages/ip_nodes/mando.py to mando.cpython-312.pyc
[1.691s] running install_data
[1.691s] running install_egg_info
[1.708s] removing '/home/javierac/mounted/ws/install/ip_nodes/lib/python3.12/site-packages/ip_nodes-0.0.0-py3.12.egg-info' (and everything under it)
[1.708s] Copying ../../build/ip_nodes/ip_nodes.egg-info to /home/javierac/mounted/ws/install/ip_nodes/lib/python3.12/site-packages/ip_nodes-0.0.0-py3.12.egg-info
[1.709s] running install_scripts
[1.831s] Installing biraketa_sentsorea script to /home/javierac/mounted/ws/install/ip_nodes/lib/ip_nodes
[1.831s] Installing joint_states script to /home/javierac/mounted/ws/install/ip_nodes/lib/ip_nodes
[1.832s] Installing mando script to /home/javierac/mounted/ws/install/ip_nodes/lib/ip_nodes
[1.832s] Installing mugimendu_motorrak script to /home/javierac/mounted/ws/install/ip_nodes/lib/ip_nodes
[1.832s] Installing teklatua script to /home/javierac/mounted/ws/install/ip_nodes/lib/ip_nodes
[1.832s] Installing ultrasoinu_sentsorea script to /home/javierac/mounted/ws/install/ip_nodes/lib/ip_nodes
[1.832s] writing list of installed files to '/home/javierac/mounted/ws/build/ip_nodes/install.log'
[1.870s] Invoked command in '/home/javierac/mounted/ws/src/ip_nodes' returned '0': PYTHONPATH=/home/javierac/mounted/ws/build/ip_nodes/prefix_override:/usr/lib/python3/dist-packages/colcon_core/task/python/colcon_distutils_commands:/home/javierac/mounted/ws/install/ip_nodes/lib/python3.12/site-packages:${PYTHONPATH} /usr/bin/python3 -W ignore:setup.py install is deprecated -W ignore:easy_install command is deprecated setup.py egg_info --egg-base ../../build/ip_nodes build --build-base /home/javierac/mounted/ws/build/ip_nodes/build install --record /home/javierac/mounted/ws/build/ip_nodes/install.log --single-version-externally-managed install_data
