[0.211s] DEBUG:colcon:Command line arguments: ['/usr/bin/colcon', 'build']
[0.211s] DEBUG:colcon:Parsed command line arguments: Namespace(log_base=None, log_level=None, verb_name='build', build_base='build', install_base='install', merge_install=False, symlink_install=False, test_result_base=None, continue_on_error=False, executor='parallel', parallel_workers=20, event_handlers=None, ignore_user_meta=False, metas=['./colcon.meta'], base_paths=['.'], packages_ignore=None, packages_ignore_regex=None, paths=None, packages_up_to=None, packages_up_to_regex=None, packages_above=None, packages_above_and_dependencies=None, packages_above_depth=None, packages_select_by_dep=None, packages_skip_by_dep=None, packages_skip_up_to=None, packages_select_build_failed=False, packages_skip_build_finished=False, packages_select_test_failures=False, packages_skip_test_passed=False, packages_select=None, packages_skip=None, packages_select_regex=None, packages_skip_regex=None, packages_start=None, packages_end=None, cmake_args=None, cmake_target=None, cmake_target_skip_unavailable=False, cmake_clean_cache=False, cmake_clean_first=False, cmake_force_configure=False, ament_cmake_args=None, catkin_cmake_args=None, catkin_skip_building_tests=False, mixin_files=None, mixin=None, verb_parser=<colcon_mixin.mixin.mixin_argument.MixinArgumentDecorator object at 0x765f6affd2b0>, verb_extension=<colcon_core.verb.build.BuildVerb object at 0x765f6affcfb0>, main=<bound method BuildVerb.main of <colcon_core.verb.build.BuildVerb object at 0x765f6affcfb0>>, mixin_verb=('build',))
[0.282s] Level 1:colcon.colcon_core.package_discovery:discover_packages(colcon_meta) check parameters
[0.283s] INFO:colcon.colcon_metadata.package_discovery.colcon_meta:Using configuration from '/root/.colcon/metadata/default/Gazebo.meta'
[0.284s] INFO:colcon.colcon_metadata.package_discovery.colcon_meta:Using configuration from '/root/.colcon/metadata/default/fastdds.meta'
[0.284s] INFO:colcon.colcon_metadata.package_discovery.colcon_meta:Using configuration from '/root/.colcon/metadata/default/fastrtps.meta'
[0.284s] Level 1:colcon.colcon_core.package_discovery:discover_packages(recursive) check parameters
[0.284s] Level 1:colcon.colcon_core.package_discovery:discover_packages(ignore) check parameters
[0.284s] Level 1:colcon.colcon_core.package_discovery:discover_packages(path) check parameters
[0.284s] Level 1:colcon.colcon_core.package_discovery:discover_packages(colcon_meta) discover
[0.285s] Level 1:colcon.colcon_core.package_discovery:discover_packages(recursive) discover
[0.285s] INFO:colcon.colcon_core.package_discovery:Crawling recursively for packages in '/home/javierac/mounted/ws'
[0.285s] Level 1:colcon.colcon_core.package_identification:_identify(.) by extensions ['ignore', 'ignore_ament_install']
[0.285s] Level 1:colcon.colcon_core.package_identification:_identify(.) by extension 'ignore'
[0.285s] Level 1:colcon.colcon_core.package_identification:_identify(.) by extension 'ignore_ament_install'
[0.285s] Level 1:colcon.colcon_core.package_identification:_identify(.) by extensions ['colcon_pkg']
[0.285s] Level 1:colcon.colcon_core.package_identification:_identify(.) by extension 'colcon_pkg'
[0.285s] Level 1:colcon.colcon_core.package_identification:_identify(.) by extensions ['colcon_meta']
[0.285s] Level 1:colcon.colcon_core.package_identification:_identify(.) by extension 'colcon_meta'
[0.285s] Level 1:colcon.colcon_core.package_identification:_identify(.) by extensions ['ros']
[0.285s] Level 1:colcon.colcon_core.package_identification:_identify(.) by extension 'ros'
[0.334s] Level 1:colcon.colcon_core.package_identification:_identify(.) by extensions ['cmake', 'python']
[0.334s] Level 1:colcon.colcon_core.package_identification:_identify(.) by extension 'cmake'
[0.334s] Level 1:colcon.colcon_core.package_identification:_identify(.) by extension 'python'
[0.335s] Level 1:colcon.colcon_core.package_identification:_identify(.) by extensions ['python_setup_py']
[0.335s] Level 1:colcon.colcon_core.package_identification:_identify(.) by extension 'python_setup_py'
[0.335s] Level 1:colcon.colcon_core.package_identification:_identify(build) by extensions ['ignore', 'ignore_ament_install']
[0.335s] Level 1:colcon.colcon_core.package_identification:_identify(build) by extension 'ignore'
[0.335s] Level 1:colcon.colcon_core.package_identification:_identify(build) ignored
[0.335s] Level 1:colcon.colcon_core.package_identification:_identify(install) by extensions ['ignore', 'ignore_ament_install']
[0.335s] Level 1:colcon.colcon_core.package_identification:_identify(install) by extension 'ignore'
[0.335s] Level 1:colcon.colcon_core.package_identification:_identify(install) ignored
[0.336s] Level 1:colcon.colcon_core.package_identification:_identify(log) by extensions ['ignore', 'ignore_ament_install']
[0.336s] Level 1:colcon.colcon_core.package_identification:_identify(log) by extension 'ignore'
[0.336s] Level 1:colcon.colcon_core.package_identification:_identify(log) ignored
[0.336s] Level 1:colcon.colcon_core.package_identification:_identify(src) by extensions ['ignore', 'ignore_ament_install']
[0.336s] Level 1:colcon.colcon_core.package_identification:_identify(src) by extension 'ignore'
[0.336s] Level 1:colcon.colcon_core.package_identification:_identify(src) by extension 'ignore_ament_install'
[0.336s] Level 1:colcon.colcon_core.package_identification:_identify(src) by extensions ['colcon_pkg']
[0.336s] Level 1:colcon.colcon_core.package_identification:_identify(src) by extension 'colcon_pkg'
[0.336s] Level 1:colcon.colcon_core.package_identification:_identify(src) by extensions ['colcon_meta']
[0.336s] Level 1:colcon.colcon_core.package_identification:_identify(src) by extension 'colcon_meta'
[0.336s] Level 1:colcon.colcon_core.package_identification:_identify(src) by extensions ['ros']
[0.337s] Level 1:colcon.colcon_core.package_identification:_identify(src) by extension 'ros'
[0.337s] Level 1:colcon.colcon_core.package_identification:_identify(src) by extensions ['cmake', 'python']
[0.337s] Level 1:colcon.colcon_core.package_identification:_identify(src) by extension 'cmake'
[0.337s] Level 1:colcon.colcon_core.package_identification:_identify(src) by extension 'python'
[0.337s] Level 1:colcon.colcon_core.package_identification:_identify(src) by extensions ['python_setup_py']
[0.337s] Level 1:colcon.colcon_core.package_identification:_identify(src) by extension 'python_setup_py'
[0.337s] Level 1:colcon.colcon_core.package_identification:_identify(src/ip_nodes) by extensions ['ignore', 'ignore_ament_install']
[0.337s] Level 1:colcon.colcon_core.package_identification:_identify(src/ip_nodes) by extension 'ignore'
[0.337s] Level 1:colcon.colcon_core.package_identification:_identify(src/ip_nodes) by extension 'ignore_ament_install'
[0.337s] Level 1:colcon.colcon_core.package_identification:_identify(src/ip_nodes) by extensions ['colcon_pkg']
[0.337s] Level 1:colcon.colcon_core.package_identification:_identify(src/ip_nodes) by extension 'colcon_pkg'
[0.337s] Level 1:colcon.colcon_core.package_identification:_identify(src/ip_nodes) by extensions ['colcon_meta']
[0.337s] Level 1:colcon.colcon_core.package_identification:_identify(src/ip_nodes) by extension 'colcon_meta'
[0.337s] Level 1:colcon.colcon_core.package_identification:_identify(src/ip_nodes) by extensions ['ros']
[0.338s] Level 1:colcon.colcon_core.package_identification:_identify(src/ip_nodes) by extension 'ros'
[0.343s] DEBUG:colcon.colcon_core.package_identification:Package 'src/ip_nodes' with type 'ros.ament_python' and name 'ip_nodes'
[0.343s] Level 1:colcon.colcon_core.package_identification:_identify(src/mezuak) by extensions ['ignore', 'ignore_ament_install']
[0.343s] Level 1:colcon.colcon_core.package_identification:_identify(src/mezuak) by extension 'ignore'
[0.343s] Level 1:colcon.colcon_core.package_identification:_identify(src/mezuak) by extension 'ignore_ament_install'
[0.343s] Level 1:colcon.colcon_core.package_identification:_identify(src/mezuak) by extensions ['colcon_pkg']
[0.343s] Level 1:colcon.colcon_core.package_identification:_identify(src/mezuak) by extension 'colcon_pkg'
[0.344s] Level 1:colcon.colcon_core.package_identification:_identify(src/mezuak) by extensions ['colcon_meta']
[0.344s] Level 1:colcon.colcon_core.package_identification:_identify(src/mezuak) by extension 'colcon_meta'
[0.344s] Level 1:colcon.colcon_core.package_identification:_identify(src/mezuak) by extensions ['ros']
[0.344s] Level 1:colcon.colcon_core.package_identification:_identify(src/mezuak) by extension 'ros'
[0.345s] DEBUG:colcon.colcon_core.package_identification:Package 'src/mezuak' with type 'ros.ament_cmake' and name 'mezuak'
[0.346s] Level 1:colcon.colcon_core.package_identification:_identify(src/sim) by extensions ['ignore', 'ignore_ament_install']
[0.346s] Level 1:colcon.colcon_core.package_identification:_identify(src/sim) by extension 'ignore'
[0.346s] Level 1:colcon.colcon_core.package_identification:_identify(src/sim) by extension 'ignore_ament_install'
[0.346s] Level 1:colcon.colcon_core.package_identification:_identify(src/sim) by extensions ['colcon_pkg']
[0.346s] Level 1:colcon.colcon_core.package_identification:_identify(src/sim) by extension 'colcon_pkg'
[0.346s] Level 1:colcon.colcon_core.package_identification:_identify(src/sim) by extensions ['colcon_meta']
[0.346s] Level 1:colcon.colcon_core.package_identification:_identify(src/sim) by extension 'colcon_meta'
[0.346s] Level 1:colcon.colcon_core.package_identification:_identify(src/sim) by extensions ['ros']
[0.346s] Level 1:colcon.colcon_core.package_identification:_identify(src/sim) by extension 'ros'
[0.346s] Level 1:colcon.colcon_core.package_identification:_identify(src/sim) by extensions ['cmake', 'python']
[0.346s] Level 1:colcon.colcon_core.package_identification:_identify(src/sim) by extension 'cmake'
[0.347s] Level 1:colcon.colcon_core.package_identification:_identify(src/sim) by extension 'python'
[0.347s] Level 1:colcon.colcon_core.package_identification:_identify(src/sim) by extensions ['python_setup_py']
[0.347s] Level 1:colcon.colcon_core.package_identification:_identify(src/sim) by extension 'python_setup_py'
[0.347s] Level 1:colcon.colcon_core.package_discovery:discover_packages(recursive) using defaults
[0.347s] Level 1:colcon.colcon_core.package_discovery:discover_packages(ignore) discover
[0.347s] Level 1:colcon.colcon_core.package_discovery:discover_packages(ignore) using defaults
[0.347s] Level 1:colcon.colcon_core.package_discovery:discover_packages(path) discover
[0.347s] Level 1:colcon.colcon_core.package_discovery:discover_packages(path) using defaults
[0.388s] Level 5:colcon.colcon_core.verb:set package 'ip_nodes' build argument 'cmake_args' from command line to 'None'
[0.389s] Level 5:colcon.colcon_core.verb:set package 'ip_nodes' build argument 'cmake_target' from command line to 'None'
[0.389s] Level 5:colcon.colcon_core.verb:set package 'ip_nodes' build argument 'cmake_target_skip_unavailable' from command line to 'False'
[0.389s] Level 5:colcon.colcon_core.verb:set package 'ip_nodes' build argument 'cmake_clean_cache' from command line to 'False'
[0.389s] Level 5:colcon.colcon_core.verb:set package 'ip_nodes' build argument 'cmake_clean_first' from command line to 'False'
[0.389s] Level 5:colcon.colcon_core.verb:set package 'ip_nodes' build argument 'cmake_force_configure' from command line to 'False'
[0.389s] Level 5:colcon.colcon_core.verb:set package 'ip_nodes' build argument 'ament_cmake_args' from command line to 'None'
[0.389s] Level 5:colcon.colcon_core.verb:set package 'ip_nodes' build argument 'catkin_cmake_args' from command line to 'None'
[0.389s] Level 5:colcon.colcon_core.verb:set package 'ip_nodes' build argument 'catkin_skip_building_tests' from command line to 'False'
[0.389s] DEBUG:colcon.colcon_core.verb:Building package 'ip_nodes' with the following arguments: {'ament_cmake_args': None, 'build_base': '/home/javierac/mounted/ws/build/ip_nodes', 'catkin_cmake_args': None, 'catkin_skip_building_tests': False, 'cmake_args': None, 'cmake_clean_cache': False, 'cmake_clean_first': False, 'cmake_force_configure': False, 'cmake_target': None, 'cmake_target_skip_unavailable': False, 'install_base': '/home/javierac/mounted/ws/install/ip_nodes', 'merge_install': False, 'path': '/home/javierac/mounted/ws/src/ip_nodes', 'symlink_install': False, 'test_result_base': None}
[0.390s] Level 5:colcon.colcon_core.verb:set package 'mezuak' build argument 'cmake_args' from command line to 'None'
[0.390s] Level 5:colcon.colcon_core.verb:set package 'mezuak' build argument 'cmake_target' from command line to 'None'
[0.390s] Level 5:colcon.colcon_core.verb:set package 'mezuak' build argument 'cmake_target_skip_unavailable' from command line to 'False'
[0.390s] Level 5:colcon.colcon_core.verb:set package 'mezuak' build argument 'cmake_clean_cache' from command line to 'False'
[0.390s] Level 5:colcon.colcon_core.verb:set package 'mezuak' build argument 'cmake_clean_first' from command line to 'False'
[0.390s] Level 5:colcon.colcon_core.verb:set package 'mezuak' build argument 'cmake_force_configure' from command line to 'False'
[0.390s] Level 5:colcon.colcon_core.verb:set package 'mezuak' build argument 'ament_cmake_args' from command line to 'None'
[0.390s] Level 5:colcon.colcon_core.verb:set package 'mezuak' build argument 'catkin_cmake_args' from command line to 'None'
[0.390s] Level 5:colcon.colcon_core.verb:set package 'mezuak' build argument 'catkin_skip_building_tests' from command line to 'False'
[0.390s] DEBUG:colcon.colcon_core.verb:Building package 'mezuak' with the following arguments: {'ament_cmake_args': None, 'build_base': '/home/javierac/mounted/ws/build/mezuak', 'catkin_cmake_args': None, 'catkin_skip_building_tests': False, 'cmake_args': None, 'cmake_clean_cache': False, 'cmake_clean_first': False, 'cmake_force_configure': False, 'cmake_target': None, 'cmake_target_skip_unavailable': False, 'install_base': '/home/javierac/mounted/ws/install/mezuak', 'merge_install': False, 'path': '/home/javierac/mounted/ws/src/mezuak', 'symlink_install': False, 'test_result_base': None}
[0.390s] INFO:colcon.colcon_core.executor:Executing jobs using 'parallel' executor
[0.392s] DEBUG:colcon.colcon_parallel_executor.executor.parallel:run_until_complete
[0.393s] INFO:colcon.colcon_ros.task.ament_python.build:Building ROS package in '/home/javierac/mounted/ws/src/ip_nodes' with build type 'ament_python'
[0.394s] Level 1:colcon.colcon_core.shell:create_environment_hook('ip_nodes', 'ament_prefix_path')
[0.398s] INFO:colcon.colcon_core.plugin_system:Skipping extension 'colcon_core.shell.bat': Not used on non-Windows systems
[0.398s] INFO:colcon.colcon_core.shell:Creating environment hook '/home/javierac/mounted/ws/install/ip_nodes/share/ip_nodes/hook/ament_prefix_path.ps1'
[0.400s] INFO:colcon.colcon_core.shell:Creating environment descriptor '/home/javierac/mounted/ws/install/ip_nodes/share/ip_nodes/hook/ament_prefix_path.dsv'
[0.401s] INFO:colcon.colcon_core.shell:Creating environment hook '/home/javierac/mounted/ws/install/ip_nodes/share/ip_nodes/hook/ament_prefix_path.sh'
[0.402s] INFO:colcon.colcon_core.shell:Skip shell extension 'powershell' for command environment: Not usable outside of PowerShell
[0.402s] DEBUG:colcon.colcon_core.shell:Skip shell extension 'dsv' for command environment
[0.412s] INFO:colcon.colcon_ros.task.ament_cmake.build:Building ROS package in '/home/javierac/mounted/ws/src/mezuak' with build type 'ament_cmake'
[0.412s] INFO:colcon.colcon_cmake.task.cmake.build:Building CMake package in '/home/javierac/mounted/ws/src/mezuak'
[0.412s] INFO:colcon.colcon_core.shell:Skip shell extension 'powershell' for command environment: Not usable outside of PowerShell
[0.413s] DEBUG:colcon.colcon_core.shell:Skip shell extension 'dsv' for command environment
[0.824s] INFO:colcon.colcon_core.task.python.build:Building Python package in '/home/javierac/mounted/ws/src/ip_nodes'
[0.824s] INFO:colcon.colcon_core.shell:Skip shell extension 'powershell' for command environment: Not usable outside of PowerShell
[0.824s] DEBUG:colcon.colcon_core.shell:Skip shell extension 'dsv' for command environment
[0.840s] DEBUG:colcon.colcon_core.event_handler.log_command:Invoking command in '/home/javierac/mounted/ws/build/mezuak': CMAKE_PREFIX_PATH=${CMAKE_PREFIX_PATH}:/home/javierac/mounted/ws/install/ip_nodes:/opt/ros/jazzy /usr/bin/cmake --build /home/javierac/mounted/ws/build/mezuak -- -j20 -l20
[1.656s] DEBUG:colcon.colcon_core.event_handler.log_command:Invoked command in '/home/javierac/mounted/ws/build/mezuak' returned '0': CMAKE_PREFIX_PATH=${CMAKE_PREFIX_PATH}:/home/javierac/mounted/ws/install/ip_nodes:/opt/ros/jazzy /usr/bin/cmake --build /home/javierac/mounted/ws/build/mezuak -- -j20 -l20
[1.676s] DEBUG:colcon.colcon_core.event_handler.log_command:Invoking command in '/home/javierac/mounted/ws/build/mezuak': CMAKE_PREFIX_PATH=${CMAKE_PREFIX_PATH}:/home/javierac/mounted/ws/install/ip_nodes:/opt/ros/jazzy /usr/bin/cmake --install /home/javierac/mounted/ws/build/mezuak
[1.807s] Level 1:colcon.colcon_core.environment:create_environment_scripts_only(mezuak)
[1.808s] DEBUG:colcon.colcon_core.event_handler.log_command:Invoked command in '/home/javierac/mounted/ws/build/mezuak' returned '0': CMAKE_PREFIX_PATH=${CMAKE_PREFIX_PATH}:/home/javierac/mounted/ws/install/ip_nodes:/opt/ros/jazzy /usr/bin/cmake --install /home/javierac/mounted/ws/build/mezuak
[1.812s] Level 1:colcon.colcon_core.environment:checking '/home/javierac/mounted/ws/install/mezuak' for CMake module files
[1.814s] Level 1:colcon.colcon_core.environment:checking '/home/javierac/mounted/ws/install/mezuak' for CMake config files
[1.814s] Level 1:colcon.colcon_core.shell:create_environment_hook('mezuak', 'cmake_prefix_path')
[1.814s] INFO:colcon.colcon_core.shell:Creating environment hook '/home/javierac/mounted/ws/install/mezuak/share/mezuak/hook/cmake_prefix_path.ps1'
[1.815s] INFO:colcon.colcon_core.shell:Creating environment descriptor '/home/javierac/mounted/ws/install/mezuak/share/mezuak/hook/cmake_prefix_path.dsv'
[1.816s] INFO:colcon.colcon_core.shell:Creating environment hook '/home/javierac/mounted/ws/install/mezuak/share/mezuak/hook/cmake_prefix_path.sh'
[1.817s] Level 1:colcon.colcon_core.environment:checking '/home/javierac/mounted/ws/install/mezuak/lib'
[1.817s] Level 1:colcon.colcon_core.shell:create_environment_hook('mezuak', 'ld_library_path_lib')
[1.818s] INFO:colcon.colcon_core.shell:Creating environment hook '/home/javierac/mounted/ws/install/mezuak/share/mezuak/hook/ld_library_path_lib.ps1'
[1.819s] INFO:colcon.colcon_core.shell:Creating environment descriptor '/home/javierac/mounted/ws/install/mezuak/share/mezuak/hook/ld_library_path_lib.dsv'
[1.819s] INFO:colcon.colcon_core.shell:Creating environment hook '/home/javierac/mounted/ws/install/mezuak/share/mezuak/hook/ld_library_path_lib.sh'
[1.820s] Level 1:colcon.colcon_core.environment:checking '/home/javierac/mounted/ws/install/mezuak/bin'
[1.820s] Level 1:colcon.colcon_core.environment:checking '/home/javierac/mounted/ws/install/mezuak/lib/pkgconfig/mezuak.pc'
[1.821s] Level 1:colcon.colcon_core.environment:checking '/home/javierac/mounted/ws/install/mezuak/lib/python3.12/site-packages'
[1.821s] Level 1:colcon.colcon_core.shell:create_environment_hook('mezuak', 'pythonpath')
[1.821s] INFO:colcon.colcon_core.shell:Creating environment hook '/home/javierac/mounted/ws/install/mezuak/share/mezuak/hook/pythonpath.ps1'
[1.822s] INFO:colcon.colcon_core.shell:Creating environment descriptor '/home/javierac/mounted/ws/install/mezuak/share/mezuak/hook/pythonpath.dsv'
[1.822s] INFO:colcon.colcon_core.shell:Creating environment hook '/home/javierac/mounted/ws/install/mezuak/share/mezuak/hook/pythonpath.sh'
[1.823s] Level 1:colcon.colcon_core.environment:checking '/home/javierac/mounted/ws/install/mezuak/bin'
[1.824s] INFO:colcon.colcon_core.shell:Creating package script '/home/javierac/mounted/ws/install/mezuak/share/mezuak/package.ps1'
[1.825s] INFO:colcon.colcon_core.shell:Creating package descriptor '/home/javierac/mounted/ws/install/mezuak/share/mezuak/package.dsv'
[1.827s] INFO:colcon.colcon_core.shell:Creating package script '/home/javierac/mounted/ws/install/mezuak/share/mezuak/package.sh'
[1.828s] INFO:colcon.colcon_core.shell:Creating package script '/home/javierac/mounted/ws/install/mezuak/share/mezuak/package.bash'
[1.829s] INFO:colcon.colcon_core.shell:Creating package script '/home/javierac/mounted/ws/install/mezuak/share/mezuak/package.zsh'
[1.830s] Level 1:colcon.colcon_core.environment:create_file_with_runtime_dependencies(/home/javierac/mounted/ws/install/mezuak/share/colcon-core/packages/mezuak)
[1.831s] Level 1:colcon.colcon_core.environment:create_environment_scripts_only(mezuak)
[1.832s] Level 1:colcon.colcon_core.environment:checking '/home/javierac/mounted/ws/install/mezuak' for CMake module files
[1.833s] Level 1:colcon.colcon_core.environment:checking '/home/javierac/mounted/ws/install/mezuak' for CMake config files
[1.833s] Level 1:colcon.colcon_core.shell:create_environment_hook('mezuak', 'cmake_prefix_path')
[1.833s] INFO:colcon.colcon_core.shell:Creating environment hook '/home/javierac/mounted/ws/install/mezuak/share/mezuak/hook/cmake_prefix_path.ps1'
[1.834s] INFO:colcon.colcon_core.shell:Creating environment descriptor '/home/javierac/mounted/ws/install/mezuak/share/mezuak/hook/cmake_prefix_path.dsv'
[1.835s] INFO:colcon.colcon_core.shell:Creating environment hook '/home/javierac/mounted/ws/install/mezuak/share/mezuak/hook/cmake_prefix_path.sh'
[1.835s] Level 1:colcon.colcon_core.environment:checking '/home/javierac/mounted/ws/install/mezuak/lib'
[1.836s] Level 1:colcon.colcon_core.shell:create_environment_hook('mezuak', 'ld_library_path_lib')
[1.836s] INFO:colcon.colcon_core.shell:Creating environment hook '/home/javierac/mounted/ws/install/mezuak/share/mezuak/hook/ld_library_path_lib.ps1'
[1.837s] INFO:colcon.colcon_core.shell:Creating environment descriptor '/home/javierac/mounted/ws/install/mezuak/share/mezuak/hook/ld_library_path_lib.dsv'
[1.837s] INFO:colcon.colcon_core.shell:Creating environment hook '/home/javierac/mounted/ws/install/mezuak/share/mezuak/hook/ld_library_path_lib.sh'
[1.838s] Level 1:colcon.colcon_core.environment:checking '/home/javierac/mounted/ws/install/mezuak/bin'
[1.838s] Level 1:colcon.colcon_core.environment:checking '/home/javierac/mounted/ws/install/mezuak/lib/pkgconfig/mezuak.pc'
[1.838s] Level 1:colcon.colcon_core.environment:checking '/home/javierac/mounted/ws/install/mezuak/lib/python3.12/site-packages'
[1.839s] Level 1:colcon.colcon_core.shell:create_environment_hook('mezuak', 'pythonpath')
[1.839s] INFO:colcon.colcon_core.shell:Creating environment hook '/home/javierac/mounted/ws/install/mezuak/share/mezuak/hook/pythonpath.ps1'
[1.840s] INFO:colcon.colcon_core.shell:Creating environment descriptor '/home/javierac/mounted/ws/install/mezuak/share/mezuak/hook/pythonpath.dsv'
[1.840s] INFO:colcon.colcon_core.shell:Creating environment hook '/home/javierac/mounted/ws/install/mezuak/share/mezuak/hook/pythonpath.sh'
[1.841s] Level 1:colcon.colcon_core.environment:checking '/home/javierac/mounted/ws/install/mezuak/bin'
[1.842s] INFO:colcon.colcon_core.shell:Creating package script '/home/javierac/mounted/ws/install/mezuak/share/mezuak/package.ps1'
[1.843s] INFO:colcon.colcon_core.shell:Creating package descriptor '/home/javierac/mounted/ws/install/mezuak/share/mezuak/package.dsv'
[1.844s] INFO:colcon.colcon_core.shell:Creating package script '/home/javierac/mounted/ws/install/mezuak/share/mezuak/package.sh'
[1.845s] INFO:colcon.colcon_core.shell:Creating package script '/home/javierac/mounted/ws/install/mezuak/share/mezuak/package.bash'
[1.845s] INFO:colcon.colcon_core.shell:Creating package script '/home/javierac/mounted/ws/install/mezuak/share/mezuak/package.zsh'
[1.846s] Level 1:colcon.colcon_core.environment:create_file_with_runtime_dependencies(/home/javierac/mounted/ws/install/mezuak/share/colcon-core/packages/mezuak)
[1.905s] DEBUG:colcon.colcon_core.event_handler.log_command:Invoking command in '/home/javierac/mounted/ws/src/ip_nodes': PYTHONPATH=/home/javierac/mounted/ws/build/ip_nodes/prefix_override:/usr/lib/python3/dist-packages/colcon_core/task/python/colcon_distutils_commands:/home/javierac/mounted/ws/install/ip_nodes/lib/python3.12/site-packages:${PYTHONPATH} /usr/bin/python3 -W ignore:setup.py install is deprecated -W ignore:easy_install command is deprecated setup.py egg_info --egg-base ../../build/ip_nodes build --build-base /home/javierac/mounted/ws/build/ip_nodes/build install --record /home/javierac/mounted/ws/build/ip_nodes/install.log --single-version-externally-managed install_data
[2.830s] Level 1:colcon.colcon_core.environment:checking '/home/javierac/mounted/ws/install/ip_nodes' for CMake module files
[2.832s] DEBUG:colcon.colcon_core.event_handler.log_command:Invoked command in '/home/javierac/mounted/ws/src/ip_nodes' returned '0': PYTHONPATH=/home/javierac/mounted/ws/build/ip_nodes/prefix_override:/usr/lib/python3/dist-packages/colcon_core/task/python/colcon_distutils_commands:/home/javierac/mounted/ws/install/ip_nodes/lib/python3.12/site-packages:${PYTHONPATH} /usr/bin/python3 -W ignore:setup.py install is deprecated -W ignore:easy_install command is deprecated setup.py egg_info --egg-base ../../build/ip_nodes build --build-base /home/javierac/mounted/ws/build/ip_nodes/build install --record /home/javierac/mounted/ws/build/ip_nodes/install.log --single-version-externally-managed install_data
[2.833s] Level 1:colcon.colcon_core.environment:checking '/home/javierac/mounted/ws/install/ip_nodes' for CMake config files
[2.835s] Level 1:colcon.colcon_core.environment:checking '/home/javierac/mounted/ws/install/ip_nodes/lib'
[2.835s] Level 1:colcon.colcon_core.environment:checking '/home/javierac/mounted/ws/install/ip_nodes/bin'
[2.835s] Level 1:colcon.colcon_core.environment:checking '/home/javierac/mounted/ws/install/ip_nodes/lib/pkgconfig/ip_nodes.pc'
[2.836s] Level 1:colcon.colcon_core.environment:checking '/home/javierac/mounted/ws/install/ip_nodes/lib/python3.12/site-packages'
[2.836s] Level 1:colcon.colcon_core.shell:create_environment_hook('ip_nodes', 'pythonpath')
[2.837s] INFO:colcon.colcon_core.shell:Creating environment hook '/home/javierac/mounted/ws/install/ip_nodes/share/ip_nodes/hook/pythonpath.ps1'
[2.838s] INFO:colcon.colcon_core.shell:Creating environment descriptor '/home/javierac/mounted/ws/install/ip_nodes/share/ip_nodes/hook/pythonpath.dsv'
[2.838s] INFO:colcon.colcon_core.shell:Creating environment hook '/home/javierac/mounted/ws/install/ip_nodes/share/ip_nodes/hook/pythonpath.sh'
[2.839s] Level 1:colcon.colcon_core.environment:checking '/home/javierac/mounted/ws/install/ip_nodes/bin'
[2.840s] Level 1:colcon.colcon_core.environment:create_environment_scripts_only(ip_nodes)
[2.840s] INFO:colcon.colcon_core.shell:Creating package script '/home/javierac/mounted/ws/install/ip_nodes/share/ip_nodes/package.ps1'
[2.841s] INFO:colcon.colcon_core.shell:Creating package descriptor '/home/javierac/mounted/ws/install/ip_nodes/share/ip_nodes/package.dsv'
[2.842s] INFO:colcon.colcon_core.shell:Creating package script '/home/javierac/mounted/ws/install/ip_nodes/share/ip_nodes/package.sh'
[2.842s] INFO:colcon.colcon_core.shell:Creating package script '/home/javierac/mounted/ws/install/ip_nodes/share/ip_nodes/package.bash'
[2.843s] INFO:colcon.colcon_core.shell:Creating package script '/home/javierac/mounted/ws/install/ip_nodes/share/ip_nodes/package.zsh'
[2.844s] Level 1:colcon.colcon_core.environment:create_file_with_runtime_dependencies(/home/javierac/mounted/ws/install/ip_nodes/share/colcon-core/packages/ip_nodes)
[2.844s] DEBUG:colcon.colcon_parallel_executor.executor.parallel:closing loop
[2.845s] DEBUG:colcon.colcon_parallel_executor.executor.parallel:loop closed
[2.845s] DEBUG:colcon.colcon_parallel_executor.executor.parallel:run_until_complete finished with '0'
[2.846s] DEBUG:colcon.colcon_core.event_reactor:joining thread
[2.862s] INFO:colcon.colcon_core.plugin_system:Skipping extension 'colcon_notification.desktop_notification.notify_send': Could not find 'notify-send'
[2.862s] INFO:colcon.colcon_core.plugin_system:Skipping extension 'colcon_notification.desktop_notification.terminal_notifier': Not used on non-Darwin systems
[2.862s] INFO:colcon.colcon_core.plugin_system:Skipping extension 'colcon_notification.desktop_notification.win32': Not used on non-Windows systems
[2.862s] INFO:colcon.colcon_notification.desktop_notification:Sending desktop notification using 'notify2'
[2.867s] DEBUG:colcon.colcon_notification.desktop_notification.notify2:Failed to initialize notify2: org.freedesktop.DBus.Error.Spawn.ExecFailed: /usr/bin/dbus-launch terminated abnormally without any error message
[2.868s] DEBUG:colcon.colcon_core.event_reactor:joined thread
[2.869s] INFO:colcon.colcon_core.shell:Creating prefix script '/home/javierac/mounted/ws/install/local_setup.ps1'
[2.871s] INFO:colcon.colcon_core.shell:Creating prefix util module '/home/javierac/mounted/ws/install/_local_setup_util_ps1.py'
[2.873s] INFO:colcon.colcon_core.shell:Creating prefix chain script '/home/javierac/mounted/ws/install/setup.ps1'
[2.875s] INFO:colcon.colcon_core.shell:Creating prefix script '/home/javierac/mounted/ws/install/local_setup.sh'
[2.876s] INFO:colcon.colcon_core.shell:Creating prefix util module '/home/javierac/mounted/ws/install/_local_setup_util_sh.py'
[2.877s] INFO:colcon.colcon_core.shell:Creating prefix chain script '/home/javierac/mounted/ws/install/setup.sh'
[2.880s] INFO:colcon.colcon_core.shell:Creating prefix script '/home/javierac/mounted/ws/install/local_setup.bash'
[2.880s] INFO:colcon.colcon_core.shell:Creating prefix chain script '/home/javierac/mounted/ws/install/setup.bash'
[2.882s] INFO:colcon.colcon_core.shell:Creating prefix script '/home/javierac/mounted/ws/install/local_setup.zsh'
[2.882s] INFO:colcon.colcon_core.shell:Creating prefix chain script '/home/javierac/mounted/ws/install/setup.zsh'
