[1.003s] Invoking command in '/home/javierac/mounted/ws/build/ip_nodes': PYTHONPATH=/home/javierac/mounted/ws/build/ip_nodes/prefix_override:/usr/lib/python3/dist-packages/colcon_core/task/python/colcon_distutils_commands:/home/javierac/mounted/ws/install/ip_nodes/lib/python3.12/site-packages:${PYTHONPATH} /usr/bin/python3 -W ignore:setup.py install is deprecated -W ignore:easy_install command is deprecated setup.py develop --editable --build-directory /home/javierac/mounted/ws/build/ip_nodes/build --no-deps symlink_data --force
[1.394s] running develop
[1.579s] running egg_info
[1.595s] writing ip_nodes.egg-info/PKG-INFO
[1.595s] writing dependency_links to ip_nodes.egg-info/dependency_links.txt
[1.595s] writing entry points to ip_nodes.egg-info/entry_points.txt
[1.596s] writing requirements to ip_nodes.egg-info/requires.txt
[1.596s] writing top-level names to ip_nodes.egg-info/top_level.txt
[1.630s] reading manifest file 'ip_nodes.egg-info/SOURCES.txt'
[1.631s] writing manifest file 'ip_nodes.egg-info/SOURCES.txt'
[1.651s] running build_ext
[1.651s] Creating /home/javierac/mounted/ws/install/ip_nodes/lib/python3.12/site-packages/ip-nodes.egg-link (link to .)
[1.651s] Installing listener script to /home/javierac/mounted/ws/install/ip_nodes/lib/ip_nodes
[1.652s] Installing odom script to /home/javierac/mounted/ws/install/ip_nodes/lib/ip_nodes
[1.652s] Installing talker script to /home/javierac/mounted/ws/install/ip_nodes/lib/ip_nodes
[1.652s] 
[1.652s] Installed /home/javierac/mounted/ws/build/ip_nodes
[1.653s] running symlink_data
[1.653s] symbolically linking /home/javierac/mounted/ws/build/ip_nodes/resource/ip_nodes -> /home/javierac/mounted/ws/install/ip_nodes/share/ament_index/resource_index/packages
[1.653s] symbolically linking /home/javierac/mounted/ws/build/ip_nodes/package.xml -> /home/javierac/mounted/ws/install/ip_nodes/share/ip_nodes
[1.653s] symbolically linking /home/javierac/mounted/ws/build/ip_nodes/ip_nodes/launch/display.launch.py -> /home/javierac/mounted/ws/install/ip_nodes/share/ip_nodes/launch
[1.690s] Invoked command in '/home/javierac/mounted/ws/build/ip_nodes' returned '0': PYTHONPATH=/home/javierac/mounted/ws/build/ip_nodes/prefix_override:/usr/lib/python3/dist-packages/colcon_core/task/python/colcon_distutils_commands:/home/javierac/mounted/ws/install/ip_nodes/lib/python3.12/site-packages:${PYTHONPATH} /usr/bin/python3 -W ignore:setup.py install is deprecated -W ignore:easy_install command is deprecated setup.py develop --editable --build-directory /home/javierac/mounted/ws/build/ip_nodes/build --no-deps symlink_data --force
