[1.262s] Invoking command in '/home/javierac/mounted/ws/build/ip_nodes': PYTHONPATH=/home/javierac/mounted/ws/build/ip_nodes/prefix_override:/usr/lib/python3/dist-packages/colcon_core/task/python/colcon_distutils_commands:/home/javierac/mounted/ws/install/ip_nodes/lib/python3.12/site-packages:${PYTHONPATH} /usr/bin/python3 -W ignore:setup.py install is deprecated -W ignore:easy_install command is deprecated setup.py develop --editable --build-directory /home/javierac/mounted/ws/build/ip_nodes/build --no-deps symlink_data --force
[1.716s] running develop
[1.952s] running egg_info
[1.973s] writing ip_nodes.egg-info/PKG-INFO
[1.973s] writing dependency_links to ip_nodes.egg-info/dependency_links.txt
[1.974s] writing entry points to ip_nodes.egg-info/entry_points.txt
[1.974s] writing requirements to ip_nodes.egg-info/requires.txt
[1.974s] writing top-level names to ip_nodes.egg-info/top_level.txt
[2.019s] reading manifest file 'ip_nodes.egg-info/SOURCES.txt'
[2.021s] writing manifest file 'ip_nodes.egg-info/SOURCES.txt'
[2.050s] running build_ext
[2.057s] Creating /home/javierac/mounted/ws/install/ip_nodes/lib/python3.12/site-packages/ip-nodes.egg-link (link to .)
[2.059s] Installing listener script to /home/javierac/mounted/ws/install/ip_nodes/lib/ip_nodes
[2.059s] Installing odom script to /home/javierac/mounted/ws/install/ip_nodes/lib/ip_nodes
[2.059s] Installing talker script to /home/javierac/mounted/ws/install/ip_nodes/lib/ip_nodes
[2.059s] 
[2.060s] Installed /home/javierac/mounted/ws/build/ip_nodes
[2.060s] running symlink_data
[2.060s] symbolically linking /home/javierac/mounted/ws/build/ip_nodes/resource/ip_nodes -> /home/javierac/mounted/ws/install/ip_nodes/share/ament_index/resource_index/packages
[2.060s] symbolically linking /home/javierac/mounted/ws/build/ip_nodes/package.xml -> /home/javierac/mounted/ws/install/ip_nodes/share/ip_nodes
[2.109s] Invoked command in '/home/javierac/mounted/ws/build/ip_nodes' returned '0': PYTHONPATH=/home/javierac/mounted/ws/build/ip_nodes/prefix_override:/usr/lib/python3/dist-packages/colcon_core/task/python/colcon_distutils_commands:/home/javierac/mounted/ws/install/ip_nodes/lib/python3.12/site-packages:${PYTHONPATH} /usr/bin/python3 -W ignore:setup.py install is deprecated -W ignore:easy_install command is deprecated setup.py develop --editable --build-directory /home/javierac/mounted/ws/build/ip_nodes/build --no-deps symlink_data --force
