[  1%] Built target mezuak__rosidl_generator_type_description
[  1%] Built target ament_cmake_python_copy_mezuak
[  3%] Built target mezuak__cpp
[ 24%] Built target mezuak__rosidl_generator_c
[ 33%] Built target mezuak__rosidl_typesupport_fastrtps_c
[ 42%] Built target mezuak__rosidl_typesupport_introspection_cpp
[ 51%] Built target mezuak__rosidl_typesupport_fastrtps_cpp
[ 61%] Built target mezuak__rosidl_typesupport_cpp
[ 70%] Built target mezuak__rosidl_typesupport_introspection_c
[ 79%] Built target mezuak__rosidl_typesupport_c
[ 79%] Built target mezuak
[ 81%] Built target mezuak__py
[ 88%] Built target mezuak__rosidl_generator_py
[ 92%] Built target mezuak_s__rosidl_typesupport_fastrtps_c
[ 96%] Built target mezuak_s__rosidl_typesupport_introspection_c
[100%] Built target mezuak_s__rosidl_typesupport_c
running egg_info
writing mezuak.egg-info/PKG-INFO
writing dependency_links to mezuak.egg-info/dependency_links.txt
writing top-level names to mezuak.egg-info/top_level.txt
reading manifest file 'mezuak.egg-info/SOURCES.txt'
writing manifest file 'mezuak.egg-info/SOURCES.txt'
[100%] Built target ament_cmake_python_build_mezuak_egg
-- Install configuration: ""
-- Up-to-date: /home/javierac/eduros2_lego/install/mezuak/share/ament_index/resource_index/rosidl_interfaces/mezuak
-- Up-to-date: /home/javierac/eduros2_lego/install/mezuak/share/mezuak/msg/MugimenduKodetzaileak.json
-- Up-to-date: /home/javierac/eduros2_lego/install/mezuak/share/mezuak/msg/IslatutakoArgia.json
-- Up-to-date: /home/javierac/eduros2_lego/install/mezuak/share/mezuak/msg/IkasDatuak.json
-- Up-to-date: /home/javierac/eduros2_lego/install/mezuak/include/mezuak/mezuak
-- Up-to-date: /home/javierac/eduros2_lego/install/mezuak/include/mezuak/mezuak/msg
-- Up-to-date: /home/javierac/eduros2_lego/install/mezuak/include/mezuak/mezuak/msg/ikas_datuak.h
-- Up-to-date: /home/javierac/eduros2_lego/install/mezuak/include/mezuak/mezuak/msg/rosidl_generator_c__visibility_control.h
-- Up-to-date: /home/javierac/eduros2_lego/install/mezuak/include/mezuak/mezuak/msg/islatutako_argia.h
-- Up-to-date: /home/javierac/eduros2_lego/install/mezuak/include/mezuak/mezuak/msg/mugimendu_kodetzaileak.h
-- Up-to-date: /home/javierac/eduros2_lego/install/mezuak/include/mezuak/mezuak/msg/detail
-- Up-to-date: /home/javierac/eduros2_lego/install/mezuak/include/mezuak/mezuak/msg/detail/islatutako_argia__type_support.h
-- Up-to-date: /home/javierac/eduros2_lego/install/mezuak/include/mezuak/mezuak/msg/detail/mugimendu_kodetzaileak__struct.h
-- Up-to-date: /home/javierac/eduros2_lego/install/mezuak/include/mezuak/mezuak/msg/detail/ikas_datuak__type_support.h
-- Up-to-date: /home/javierac/eduros2_lego/install/mezuak/include/mezuak/mezuak/msg/detail/mugimendu_kodetzaileak__description.c
-- Up-to-date: /home/javierac/eduros2_lego/install/mezuak/include/mezuak/mezuak/msg/detail/ikas_datuak__description.c
-- Up-to-date: /home/javierac/eduros2_lego/install/mezuak/include/mezuak/mezuak/msg/detail/ikas_datuak__functions.c
-- Up-to-date: /home/javierac/eduros2_lego/install/mezuak/include/mezuak/mezuak/msg/detail/islatutako_argia__functions.c
-- Up-to-date: /home/javierac/eduros2_lego/install/mezuak/include/mezuak/mezuak/msg/detail/mugimendu_kodetzaileak__type_support.h
-- Up-to-date: /home/javierac/eduros2_lego/install/mezuak/include/mezuak/mezuak/msg/detail/mugimendu_kodetzaileak__functions.c
-- Up-to-date: /home/javierac/eduros2_lego/install/mezuak/include/mezuak/mezuak/msg/detail/islatutako_argia__description.c
-- Up-to-date: /home/javierac/eduros2_lego/install/mezuak/include/mezuak/mezuak/msg/detail/ikas_datuak__functions.h
-- Up-to-date: /home/javierac/eduros2_lego/install/mezuak/include/mezuak/mezuak/msg/detail/islatutako_argia__functions.h
-- Up-to-date: /home/javierac/eduros2_lego/install/mezuak/include/mezuak/mezuak/msg/detail/islatutako_argia__struct.h
-- Up-to-date: /home/javierac/eduros2_lego/install/mezuak/include/mezuak/mezuak/msg/detail/islatutako_argia__type_support.c
-- Up-to-date: /home/javierac/eduros2_lego/install/mezuak/include/mezuak/mezuak/msg/detail/mugimendu_kodetzaileak__functions.h
-- Up-to-date: /home/javierac/eduros2_lego/install/mezuak/include/mezuak/mezuak/msg/detail/ikas_datuak__struct.h
-- Up-to-date: /home/javierac/eduros2_lego/install/mezuak/include/mezuak/mezuak/msg/detail/ikas_datuak__type_support.c
-- Up-to-date: /home/javierac/eduros2_lego/install/mezuak/include/mezuak/mezuak/msg/detail/mugimendu_kodetzaileak__type_support.c
-- Up-to-date: /home/javierac/eduros2_lego/install/mezuak/share/mezuak/environment/library_path.sh
-- Up-to-date: /home/javierac/eduros2_lego/install/mezuak/share/mezuak/environment/library_path.dsv
-- Up-to-date: /home/javierac/eduros2_lego/install/mezuak/lib/libmezuak__rosidl_generator_c.so
-- Up-to-date: /home/javierac/eduros2_lego/install/mezuak/include/mezuak/mezuak
-- Up-to-date: /home/javierac/eduros2_lego/install/mezuak/include/mezuak/mezuak/msg
-- Up-to-date: /home/javierac/eduros2_lego/install/mezuak/include/mezuak/mezuak/msg/rosidl_typesupport_fastrtps_c__visibility_control.h
-- Up-to-date: /home/javierac/eduros2_lego/install/mezuak/include/mezuak/mezuak/msg/detail
-- Up-to-date: /home/javierac/eduros2_lego/install/mezuak/include/mezuak/mezuak/msg/detail/mugimendu_kodetzaileak__rosidl_typesupport_fastrtps_c.h
-- Up-to-date: /home/javierac/eduros2_lego/install/mezuak/include/mezuak/mezuak/msg/detail/islatutako_argia__rosidl_typesupport_fastrtps_c.h
-- Up-to-date: /home/javierac/eduros2_lego/install/mezuak/include/mezuak/mezuak/msg/detail/ikas_datuak__rosidl_typesupport_fastrtps_c.h
-- Up-to-date: /home/javierac/eduros2_lego/install/mezuak/lib/libmezuak__rosidl_typesupport_fastrtps_c.so
-- Up-to-date: /home/javierac/eduros2_lego/install/mezuak/include/mezuak/mezuak
-- Up-to-date: /home/javierac/eduros2_lego/install/mezuak/include/mezuak/mezuak/msg
-- Up-to-date: /home/javierac/eduros2_lego/install/mezuak/include/mezuak/mezuak/msg/rosidl_generator_cpp__visibility_control.hpp
-- Up-to-date: /home/javierac/eduros2_lego/install/mezuak/include/mezuak/mezuak/msg/mugimendu_kodetzaileak.hpp
-- Up-to-date: /home/javierac/eduros2_lego/install/mezuak/include/mezuak/mezuak/msg/ikas_datuak.hpp
-- Up-to-date: /home/javierac/eduros2_lego/install/mezuak/include/mezuak/mezuak/msg/islatutako_argia.hpp
-- Up-to-date: /home/javierac/eduros2_lego/install/mezuak/include/mezuak/mezuak/msg/detail
-- Up-to-date: /home/javierac/eduros2_lego/install/mezuak/include/mezuak/mezuak/msg/detail/ikas_datuak__type_support.hpp
-- Up-to-date: /home/javierac/eduros2_lego/install/mezuak/include/mezuak/mezuak/msg/detail/ikas_datuak__struct.hpp
-- Up-to-date: /home/javierac/eduros2_lego/install/mezuak/include/mezuak/mezuak/msg/detail/islatutako_argia__type_support.hpp
-- Up-to-date: /home/javierac/eduros2_lego/install/mezuak/include/mezuak/mezuak/msg/detail/ikas_datuak__traits.hpp
-- Up-to-date: /home/javierac/eduros2_lego/install/mezuak/include/mezuak/mezuak/msg/detail/islatutako_argia__traits.hpp
-- Up-to-date: /home/javierac/eduros2_lego/install/mezuak/include/mezuak/mezuak/msg/detail/ikas_datuak__builder.hpp
-- Up-to-date: /home/javierac/eduros2_lego/install/mezuak/include/mezuak/mezuak/msg/detail/islatutako_argia__builder.hpp
-- Up-to-date: /home/javierac/eduros2_lego/install/mezuak/include/mezuak/mezuak/msg/detail/mugimendu_kodetzaileak__traits.hpp
-- Up-to-date: /home/javierac/eduros2_lego/install/mezuak/include/mezuak/mezuak/msg/detail/mugimendu_kodetzaileak__struct.hpp
-- Up-to-date: /home/javierac/eduros2_lego/install/mezuak/include/mezuak/mezuak/msg/detail/islatutako_argia__struct.hpp
-- Up-to-date: /home/javierac/eduros2_lego/install/mezuak/include/mezuak/mezuak/msg/detail/mugimendu_kodetzaileak__builder.hpp
-- Up-to-date: /home/javierac/eduros2_lego/install/mezuak/include/mezuak/mezuak/msg/detail/mugimendu_kodetzaileak__type_support.hpp
-- Up-to-date: /home/javierac/eduros2_lego/install/mezuak/include/mezuak/mezuak
-- Up-to-date: /home/javierac/eduros2_lego/install/mezuak/include/mezuak/mezuak/msg
-- Up-to-date: /home/javierac/eduros2_lego/install/mezuak/include/mezuak/mezuak/msg/rosidl_typesupport_fastrtps_cpp__visibility_control.h
-- Up-to-date: /home/javierac/eduros2_lego/install/mezuak/include/mezuak/mezuak/msg/detail
-- Up-to-date: /home/javierac/eduros2_lego/install/mezuak/include/mezuak/mezuak/msg/detail/mugimendu_kodetzaileak__rosidl_typesupport_fastrtps_cpp.hpp
-- Up-to-date: /home/javierac/eduros2_lego/install/mezuak/include/mezuak/mezuak/msg/detail/dds_fastrtps
-- Up-to-date: /home/javierac/eduros2_lego/install/mezuak/include/mezuak/mezuak/msg/detail/ikas_datuak__rosidl_typesupport_fastrtps_cpp.hpp
-- Up-to-date: /home/javierac/eduros2_lego/install/mezuak/include/mezuak/mezuak/msg/detail/islatutako_argia__rosidl_typesupport_fastrtps_cpp.hpp
-- Up-to-date: /home/javierac/eduros2_lego/install/mezuak/lib/libmezuak__rosidl_typesupport_fastrtps_cpp.so
-- Up-to-date: /home/javierac/eduros2_lego/install/mezuak/include/mezuak/mezuak
-- Up-to-date: /home/javierac/eduros2_lego/install/mezuak/include/mezuak/mezuak/msg
-- Up-to-date: /home/javierac/eduros2_lego/install/mezuak/include/mezuak/mezuak/msg/rosidl_typesupport_introspection_c__visibility_control.h
-- Up-to-date: /home/javierac/eduros2_lego/install/mezuak/include/mezuak/mezuak/msg/detail
-- Up-to-date: /home/javierac/eduros2_lego/install/mezuak/include/mezuak/mezuak/msg/detail/ikas_datuak__rosidl_typesupport_introspection_c.h
-- Up-to-date: /home/javierac/eduros2_lego/install/mezuak/include/mezuak/mezuak/msg/detail/islatutako_argia__type_support.c
-- Up-to-date: /home/javierac/eduros2_lego/install/mezuak/include/mezuak/mezuak/msg/detail/ikas_datuak__type_support.c
-- Up-to-date: /home/javierac/eduros2_lego/install/mezuak/include/mezuak/mezuak/msg/detail/islatutako_argia__rosidl_typesupport_introspection_c.h
-- Up-to-date: /home/javierac/eduros2_lego/install/mezuak/include/mezuak/mezuak/msg/detail/mugimendu_kodetzaileak__type_support.c
-- Up-to-date: /home/javierac/eduros2_lego/install/mezuak/include/mezuak/mezuak/msg/detail/mugimendu_kodetzaileak__rosidl_typesupport_introspection_c.h
-- Up-to-date: /home/javierac/eduros2_lego/install/mezuak/lib/libmezuak__rosidl_typesupport_introspection_c.so
-- Up-to-date: /home/javierac/eduros2_lego/install/mezuak/lib/libmezuak__rosidl_typesupport_c.so
-- Up-to-date: /home/javierac/eduros2_lego/install/mezuak/include/mezuak/mezuak
-- Up-to-date: /home/javierac/eduros2_lego/install/mezuak/include/mezuak/mezuak/msg
-- Up-to-date: /home/javierac/eduros2_lego/install/mezuak/include/mezuak/mezuak/msg/detail
-- Up-to-date: /home/javierac/eduros2_lego/install/mezuak/include/mezuak/mezuak/msg/detail/islatutako_argia__rosidl_typesupport_introspection_cpp.hpp
-- Up-to-date: /home/javierac/eduros2_lego/install/mezuak/include/mezuak/mezuak/msg/detail/mugimendu_kodetzaileak__rosidl_typesupport_introspection_cpp.hpp
-- Up-to-date: /home/javierac/eduros2_lego/install/mezuak/include/mezuak/mezuak/msg/detail/islatutako_argia__type_support.cpp
-- Up-to-date: /home/javierac/eduros2_lego/install/mezuak/include/mezuak/mezuak/msg/detail/ikas_datuak__rosidl_typesupport_introspection_cpp.hpp
-- Up-to-date: /home/javierac/eduros2_lego/install/mezuak/include/mezuak/mezuak/msg/detail/ikas_datuak__type_support.cpp
-- Up-to-date: /home/javierac/eduros2_lego/install/mezuak/include/mezuak/mezuak/msg/detail/mugimendu_kodetzaileak__type_support.cpp
-- Up-to-date: /home/javierac/eduros2_lego/install/mezuak/lib/libmezuak__rosidl_typesupport_introspection_cpp.so
-- Up-to-date: /home/javierac/eduros2_lego/install/mezuak/lib/libmezuak__rosidl_typesupport_cpp.so
-- Up-to-date: /home/javierac/eduros2_lego/install/mezuak/share/mezuak/environment/pythonpath.sh
-- Up-to-date: /home/javierac/eduros2_lego/install/mezuak/share/mezuak/environment/pythonpath.dsv
-- Up-to-date: /home/javierac/eduros2_lego/install/mezuak/lib/python3.12/site-packages/mezuak-0.0.1-py3.12.egg-info
-- Installing: /home/javierac/eduros2_lego/install/mezuak/lib/python3.12/site-packages/mezuak-0.0.1-py3.12.egg-info/dependency_links.txt
-- Installing: /home/javierac/eduros2_lego/install/mezuak/lib/python3.12/site-packages/mezuak-0.0.1-py3.12.egg-info/PKG-INFO
-- Installing: /home/javierac/eduros2_lego/install/mezuak/lib/python3.12/site-packages/mezuak-0.0.1-py3.12.egg-info/SOURCES.txt
-- Installing: /home/javierac/eduros2_lego/install/mezuak/lib/python3.12/site-packages/mezuak-0.0.1-py3.12.egg-info/top_level.txt
-- Up-to-date: /home/javierac/eduros2_lego/install/mezuak/lib/python3.12/site-packages/mezuak
-- Up-to-date: /home/javierac/eduros2_lego/install/mezuak/lib/python3.12/site-packages/mezuak/__init__.py
-- Up-to-date: /home/javierac/eduros2_lego/install/mezuak/lib/python3.12/site-packages/mezuak/mezuak_s__rosidl_typesupport_fastrtps_c.so
-- Up-to-date: /home/javierac/eduros2_lego/install/mezuak/lib/python3.12/site-packages/mezuak/_mezuak_s.ep.rosidl_typesupport_c.c
-- Up-to-date: /home/javierac/eduros2_lego/install/mezuak/lib/python3.12/site-packages/mezuak/mezuak_s__rosidl_typesupport_c.so
-- Up-to-date: /home/javierac/eduros2_lego/install/mezuak/lib/python3.12/site-packages/mezuak/_mezuak_s.ep.rosidl_typesupport_fastrtps_c.c
-- Up-to-date: /home/javierac/eduros2_lego/install/mezuak/lib/python3.12/site-packages/mezuak/_mezuak_s.ep.rosidl_typesupport_introspection_c.c
-- Up-to-date: /home/javierac/eduros2_lego/install/mezuak/lib/python3.12/site-packages/mezuak/mezuak_s__rosidl_typesupport_introspection_c.so
-- Up-to-date: /home/javierac/eduros2_lego/install/mezuak/lib/python3.12/site-packages/mezuak/msg
-- Up-to-date: /home/javierac/eduros2_lego/install/mezuak/lib/python3.12/site-packages/mezuak/msg/__init__.py
-- Up-to-date: /home/javierac/eduros2_lego/install/mezuak/lib/python3.12/site-packages/mezuak/msg/_ikas_datuak.py
-- Up-to-date: /home/javierac/eduros2_lego/install/mezuak/lib/python3.12/site-packages/mezuak/msg/_mugimendu_kodetzaileak.py
-- Up-to-date: /home/javierac/eduros2_lego/install/mezuak/lib/python3.12/site-packages/mezuak/msg/_mugimendu_kodetzaileak_s.c
-- Up-to-date: /home/javierac/eduros2_lego/install/mezuak/lib/python3.12/site-packages/mezuak/msg/_islatutako_argia_s.c
-- Up-to-date: /home/javierac/eduros2_lego/install/mezuak/lib/python3.12/site-packages/mezuak/msg/_islatutako_argia.py
-- Up-to-date: /home/javierac/eduros2_lego/install/mezuak/lib/python3.12/site-packages/mezuak/msg/_ikas_datuak_s.c
Listing '/home/javierac/eduros2_lego/install/mezuak/lib/python3.12/site-packages/mezuak'...
Listing '/home/javierac/eduros2_lego/install/mezuak/lib/python3.12/site-packages/mezuak/msg'...
-- Up-to-date: /home/javierac/eduros2_lego/install/mezuak/lib/python3.12/site-packages/mezuak/mezuak_s__rosidl_typesupport_fastrtps_c.so
-- Up-to-date: /home/javierac/eduros2_lego/install/mezuak/lib/python3.12/site-packages/mezuak/mezuak_s__rosidl_typesupport_introspection_c.so
-- Up-to-date: /home/javierac/eduros2_lego/install/mezuak/lib/python3.12/site-packages/mezuak/mezuak_s__rosidl_typesupport_c.so
-- Up-to-date: /home/javierac/eduros2_lego/install/mezuak/lib/libmezuak__rosidl_generator_py.so
-- Up-to-date: /home/javierac/eduros2_lego/install/mezuak/share/mezuak/msg/MugimenduKodetzaileak.idl
-- Up-to-date: /home/javierac/eduros2_lego/install/mezuak/share/mezuak/msg/IslatutakoArgia.idl
-- Up-to-date: /home/javierac/eduros2_lego/install/mezuak/share/mezuak/msg/IkasDatuak.idl
-- Up-to-date: /home/javierac/eduros2_lego/install/mezuak/share/mezuak/msg/MugimenduKodetzaileak.msg
-- Up-to-date: /home/javierac/eduros2_lego/install/mezuak/share/mezuak/msg/IslatutakoArgia.msg
-- Up-to-date: /home/javierac/eduros2_lego/install/mezuak/share/mezuak/msg/IkasDatuak.msg
-- Up-to-date: /home/javierac/eduros2_lego/install/mezuak/share/ament_index/resource_index/package_run_dependencies/mezuak
-- Up-to-date: /home/javierac/eduros2_lego/install/mezuak/share/ament_index/resource_index/parent_prefix_path/mezuak
-- Up-to-date: /home/javierac/eduros2_lego/install/mezuak/share/mezuak/environment/ament_prefix_path.sh
-- Up-to-date: /home/javierac/eduros2_lego/install/mezuak/share/mezuak/environment/ament_prefix_path.dsv
-- Up-to-date: /home/javierac/eduros2_lego/install/mezuak/share/mezuak/environment/path.sh
-- Up-to-date: /home/javierac/eduros2_lego/install/mezuak/share/mezuak/environment/path.dsv
-- Up-to-date: /home/javierac/eduros2_lego/install/mezuak/share/mezuak/local_setup.bash
-- Up-to-date: /home/javierac/eduros2_lego/install/mezuak/share/mezuak/local_setup.sh
-- Up-to-date: /home/javierac/eduros2_lego/install/mezuak/share/mezuak/local_setup.zsh
-- Up-to-date: /home/javierac/eduros2_lego/install/mezuak/share/mezuak/local_setup.dsv
-- Installing: /home/javierac/eduros2_lego/install/mezuak/share/mezuak/package.dsv
-- Up-to-date: /home/javierac/eduros2_lego/install/mezuak/share/ament_index/resource_index/packages/mezuak
-- Up-to-date: /home/javierac/eduros2_lego/install/mezuak/share/mezuak/cmake/export_mezuak__rosidl_generator_cExport.cmake
-- Up-to-date: /home/javierac/eduros2_lego/install/mezuak/share/mezuak/cmake/export_mezuak__rosidl_generator_cExport-noconfig.cmake
-- Up-to-date: /home/javierac/eduros2_lego/install/mezuak/share/mezuak/cmake/export_mezuak__rosidl_typesupport_fastrtps_cExport.cmake
-- Up-to-date: /home/javierac/eduros2_lego/install/mezuak/share/mezuak/cmake/export_mezuak__rosidl_typesupport_fastrtps_cExport-noconfig.cmake
-- Up-to-date: /home/javierac/eduros2_lego/install/mezuak/share/mezuak/cmake/export_mezuak__rosidl_generator_cppExport.cmake
-- Up-to-date: /home/javierac/eduros2_lego/install/mezuak/share/mezuak/cmake/export_mezuak__rosidl_typesupport_fastrtps_cppExport.cmake
-- Up-to-date: /home/javierac/eduros2_lego/install/mezuak/share/mezuak/cmake/export_mezuak__rosidl_typesupport_fastrtps_cppExport-noconfig.cmake
-- Up-to-date: /home/javierac/eduros2_lego/install/mezuak/share/mezuak/cmake/mezuak__rosidl_typesupport_introspection_cExport.cmake
-- Up-to-date: /home/javierac/eduros2_lego/install/mezuak/share/mezuak/cmake/mezuak__rosidl_typesupport_introspection_cExport-noconfig.cmake
-- Up-to-date: /home/javierac/eduros2_lego/install/mezuak/share/mezuak/cmake/mezuak__rosidl_typesupport_cExport.cmake
-- Up-to-date: /home/javierac/eduros2_lego/install/mezuak/share/mezuak/cmake/mezuak__rosidl_typesupport_cExport-noconfig.cmake
-- Up-to-date: /home/javierac/eduros2_lego/install/mezuak/share/mezuak/cmake/mezuak__rosidl_typesupport_introspection_cppExport.cmake
-- Up-to-date: /home/javierac/eduros2_lego/install/mezuak/share/mezuak/cmake/mezuak__rosidl_typesupport_introspection_cppExport-noconfig.cmake
-- Up-to-date: /home/javierac/eduros2_lego/install/mezuak/share/mezuak/cmake/mezuak__rosidl_typesupport_cppExport.cmake
-- Up-to-date: /home/javierac/eduros2_lego/install/mezuak/share/mezuak/cmake/mezuak__rosidl_typesupport_cppExport-noconfig.cmake
-- Up-to-date: /home/javierac/eduros2_lego/install/mezuak/share/mezuak/cmake/export_mezuak__rosidl_generator_pyExport.cmake
-- Up-to-date: /home/javierac/eduros2_lego/install/mezuak/share/mezuak/cmake/export_mezuak__rosidl_generator_pyExport-noconfig.cmake
-- Up-to-date: /home/javierac/eduros2_lego/install/mezuak/share/mezuak/cmake/rosidl_cmake-extras.cmake
-- Up-to-date: /home/javierac/eduros2_lego/install/mezuak/share/mezuak/cmake/ament_cmake_export_dependencies-extras.cmake
-- Up-to-date: /home/javierac/eduros2_lego/install/mezuak/share/mezuak/cmake/ament_cmake_export_include_directories-extras.cmake
-- Up-to-date: /home/javierac/eduros2_lego/install/mezuak/share/mezuak/cmake/ament_cmake_export_libraries-extras.cmake
-- Up-to-date: /home/javierac/eduros2_lego/install/mezuak/share/mezuak/cmake/ament_cmake_export_targets-extras.cmake
-- Up-to-date: /home/javierac/eduros2_lego/install/mezuak/share/mezuak/cmake/rosidl_cmake_export_typesupport_targets-extras.cmake
-- Up-to-date: /home/javierac/eduros2_lego/install/mezuak/share/mezuak/cmake/rosidl_cmake_export_typesupport_libraries-extras.cmake
-- Up-to-date: /home/javierac/eduros2_lego/install/mezuak/share/mezuak/cmake/mezuakConfig.cmake
-- Up-to-date: /home/javierac/eduros2_lego/install/mezuak/share/mezuak/cmake/mezuakConfig-version.cmake
-- Up-to-date: /home/javierac/eduros2_lego/install/mezuak/share/mezuak/package.xml
