[0.301s] Invoking command in '/home/javierac/mounted/ws/build/mezuak': /usr/bin/cmake /home/javierac/mounted/ws/src/mezuak -DCMAKE_INSTALL_PREFIX=/home/javierac/mounted/ws/install/mezuak
[0.562s] -- The C compiler identification is GNU 13.3.0
[0.725s] -- The CXX compiler identification is GNU 13.3.0
[0.758s] -- Detecting C compiler ABI info
[0.906s] -- Detecting C compiler ABI info - done
[0.922s] -- Check for working C compiler: /usr/bin/cc - skipped
[0.923s] -- Detecting C compile features
[0.925s] -- Detecting C compile features - done
[0.942s] -- Detecting CXX compiler ABI info
[1.104s] -- Detecting CXX compiler ABI info - done
[1.121s] -- Check for working CXX compiler: /usr/bin/c++ - skipped
[1.121s] -- Detecting CXX compile features
[1.122s] -- Detecting CXX compile features - done
[1.138s] -- Found ament_cmake: 2.5.4 (/opt/ros/jazzy/share/ament_cmake/cmake)
[1.384s] -- Found Python3: /usr/bin/python3 (found version "3.12.3") found components: Interpreter 
[1.624s] -- Found geometry_msgs: 5.3.6 (/opt/ros/jazzy/share/geometry_msgs/cmake)
[1.736s] -- Found rosidl_generator_c: 4.6.5 (/opt/ros/jazzy/share/rosidl_generator_c/cmake)
[1.766s] -- Found rosidl_generator_cpp: 4.6.5 (/opt/ros/jazzy/share/rosidl_generator_cpp/cmake)
[1.805s] -- Using all available rosidl_typesupport_c: rosidl_typesupport_fastrtps_c;rosidl_typesupport_introspection_c
[1.845s] -- Using all available rosidl_typesupport_cpp: rosidl_typesupport_fastrtps_cpp;rosidl_typesupport_introspection_cpp
[1.943s] -- Found rosidl_default_generators: 1.6.0 (/opt/ros/jazzy/share/rosidl_default_generators/cmake)
[1.984s] -- Found rosidl_adapter: 4.6.5 (/opt/ros/jazzy/share/rosidl_adapter/cmake)
[1.994s] -- Found action_msgs: 2.0.2 (/opt/ros/jazzy/share/action_msgs/cmake)
[2.093s] -- Found sensor_msgs: 5.3.6 (/opt/ros/jazzy/share/sensor_msgs/cmake)
[2.573s] Error parsing '/home/javierac/mounted/ws/src/mezuak/package.xml':
[2.573s] Traceback (most recent call last):
[2.573s]   File "/usr/lib/python3/dist-packages/catkin_pkg/package.py", line 610, in parse_package_string
[2.574s]     root = dom.parseString(data)
[2.574s]            ^^^^^^^^^^^^^^^^^^^^^
[2.574s]   File "/usr/lib/python3.12/xml/dom/minidom.py", line 2000, in parseString
[2.575s]     return expatbuilder.parseString(string)
[2.575s]            ^^^^^^^^^^^^^^^^^^^^^^^^^^^^^^^^
[2.575s]   File "/usr/lib/python3.12/xml/dom/expatbuilder.py", line 922, in parseString
[2.575s]     return builder.parseString(string)
[2.576s]            ^^^^^^^^^^^^^^^^^^^^^^^^^^^
[2.576s]   File "/usr/lib/python3.12/xml/dom/expatbuilder.py", line 220, in parseString
[2.576s]     parser.Parse(string, True)
[2.576s] xml.parsers.expat.ExpatError: mismatched tag: line 5, column 87
[2.576s] 
[2.577s] During handling of the above exception, another exception occurred:
[2.577s] 
[2.577s] Traceback (most recent call last):
[2.577s]   File "/opt/ros/jazzy/share/ament_cmake_core/cmake/core/package_xml_2_cmake.py", line 150, in <module>
[2.577s]     main()
[2.577s]   File "/opt/ros/jazzy/share/ament_cmake_core/cmake/core/package_xml_2_cmake.py", line 53, in main
[2.577s]     raise e
[2.578s]   File "/opt/ros/jazzy/share/ament_cmake_core/cmake/core/package_xml_2_cmake.py", line 49, in main
[2.578s]     package = parse_package_string(
[2.578s]               ^^^^^^^^^^^^^^^^^^^^^
[2.578s]   File "/usr/lib/python3/dist-packages/catkin_pkg/package.py", line 612, in parse_package_string
[2.578s]     raise InvalidPackage('The manifest contains invalid XML:\n%s' % ex, filename)
[2.578s] catkin_pkg.package.InvalidPackage: Error(s) in package '/home/javierac/mounted/ws/src/mezuak/package.xml':
[2.578s] The manifest contains invalid XML:
[2.578s] mismatched tag: line 5, column 87
[2.596s] [31mCMake Error at /opt/ros/jazzy/share/ament_cmake_core/cmake/core/ament_package_xml.cmake:95 (message):
[2.596s]   execute_process(/usr/bin/python3
[2.596s]   /opt/ros/jazzy/share/ament_cmake_core/cmake/core/package_xml_2_cmake.py
[2.596s]   /home/javierac/mounted/ws/src/mezuak/package.xml
[2.597s]   /home/javierac/mounted/ws/build/mezuak/ament_cmake_core/package.cmake)
[2.597s]   returned error code 1
[2.597s] Call Stack (most recent call first):
[2.597s]   /opt/ros/jazzy/share/ament_cmake_core/cmake/core/ament_package_xml.cmake:49 (_ament_package_xml)
[2.597s]   /opt/ros/jazzy/share/rosidl_cmake/cmake/rosidl_generate_interfaces.cmake:220 (ament_package_xml)
[2.597s]   CMakeLists.txt:18 (rosidl_generate_interfaces)
[2.597s] 
[2.598s] [0m
[2.598s] -- Configuring incomplete, errors occurred!
[2.609s] Invoked command in '/home/javierac/mounted/ws/build/mezuak' returned '1': /usr/bin/cmake /home/javierac/mounted/ws/src/mezuak -DCMAKE_INSTALL_PREFIX=/home/javierac/mounted/ws/install/mezuak
