[1.276s] Invoking command in '/home/javierac/mounted/ws/src/ip_nodes': PYTHONPATH=/home/javierac/mounted/ws/build/ip_nodes/prefix_override:/usr/lib/python3/dist-packages/colcon_core/task/python/colcon_distutils_commands:/home/javierac/mounted/ws/install/ip_nodes/lib/python3.12/site-packages:${PYTHONPATH} /usr/bin/python3 -W ignore:setup.py install is deprecated -W ignore:easy_install command is deprecated setup.py egg_info --egg-base ../../build/ip_nodes build --build-base /home/javierac/mounted/ws/build/ip_nodes/build install --record /home/javierac/mounted/ws/build/ip_nodes/install.log --single-version-externally-managed install_data
[1.614s] running egg_info
[1.635s] writing ../../build/ip_nodes/ip_nodes.egg-info/PKG-INFO
[1.636s] writing dependency_links to ../../build/ip_nodes/ip_nodes.egg-info/dependency_links.txt
[1.636s] writing entry points to ../../build/ip_nodes/ip_nodes.egg-info/entry_points.txt
[1.636s] writing requirements to ../../build/ip_nodes/ip_nodes.egg-info/requires.txt
[1.636s] writing top-level names to ../../build/ip_nodes/ip_nodes.egg-info/top_level.txt
[1.677s] reading manifest file '../../build/ip_nodes/ip_nodes.egg-info/SOURCES.txt'
[1.677s] adding license file 'LICENSE'
[1.678s] writing manifest file '../../build/ip_nodes/ip_nodes.egg-info/SOURCES.txt'
[1.678s] running build
[1.678s] running build_py
[1.679s] copying ip_nodes/mando.py -> /home/javierac/mounted/ws/build/ip_nodes/build/lib/ip_nodes
[1.679s] copying ip_nodes/mando copy.py -> /home/javierac/mounted/ws/build/ip_nodes/build/lib/ip_nodes
[1.679s] running install
[1.688s] running install_lib
[1.708s] copying /home/javierac/mounted/ws/build/ip_nodes/build/lib/ip_nodes/mando.py -> /home/javierac/mounted/ws/install/ip_nodes/lib/python3.12/site-packages/ip_nodes
[1.708s] copying /home/javierac/mounted/ws/build/ip_nodes/build/lib/ip_nodes/mando copy.py -> /home/javierac/mounted/ws/install/ip_nodes/lib/python3.12/site-packages/ip_nodes
[1.709s] byte-compiling /home/javierac/mounted/ws/install/ip_nodes/lib/python3.12/site-packages/ip_nodes/mando.py to mando.cpython-312.pyc
[1.711s] byte-compiling /home/javierac/mounted/ws/install/ip_nodes/lib/python3.12/site-packages/ip_nodes/mando copy.py to mando copy.cpython-312.pyc
[1.712s] running install_data
[1.712s] running install_egg_info
[1.735s] removing '/home/javierac/mounted/ws/install/ip_nodes/lib/python3.12/site-packages/ip_nodes-0.0.0-py3.12.egg-info' (and everything under it)
[1.735s] Copying ../../build/ip_nodes/ip_nodes.egg-info to /home/javierac/mounted/ws/install/ip_nodes/lib/python3.12/site-packages/ip_nodes-0.0.0-py3.12.egg-info
[1.737s] running install_scripts
[1.898s] Installing biraketa_sentsorea script to /home/javierac/mounted/ws/install/ip_nodes/lib/ip_nodes
[1.898s] Installing joint_states script to /home/javierac/mounted/ws/install/ip_nodes/lib/ip_nodes
[1.898s] Installing mando script to /home/javierac/mounted/ws/install/ip_nodes/lib/ip_nodes
[1.898s] Installing mugimendu_motorrak script to /home/javierac/mounted/ws/install/ip_nodes/lib/ip_nodes
[1.899s] Installing teklatua script to /home/javierac/mounted/ws/install/ip_nodes/lib/ip_nodes
[1.899s] Installing ultrasoinu_sentsorea script to /home/javierac/mounted/ws/install/ip_nodes/lib/ip_nodes
[1.899s] writing list of installed files to '/home/javierac/mounted/ws/build/ip_nodes/install.log'
[1.944s] Invoked command in '/home/javierac/mounted/ws/src/ip_nodes' returned '0': PYTHONPATH=/home/javierac/mounted/ws/build/ip_nodes/prefix_override:/usr/lib/python3/dist-packages/colcon_core/task/python/colcon_distutils_commands:/home/javierac/mounted/ws/install/ip_nodes/lib/python3.12/site-packages:${PYTHONPATH} /usr/bin/python3 -W ignore:setup.py install is deprecated -W ignore:easy_install command is deprecated setup.py egg_info --egg-base ../../build/ip_nodes build --build-base /home/javierac/mounted/ws/build/ip_nodes/build install --record /home/javierac/mounted/ws/build/ip_nodes/install.log --single-version-externally-managed install_data
