[1.243s] Invoking command in '/home/javierac/mounted/ws/src/ip_nodes': PYTHONPATH=/home/javierac/mounted/ws/build/ip_nodes/prefix_override:/usr/lib/python3/dist-packages/colcon_core/task/python/colcon_distutils_commands:/home/javierac/mounted/ws/install/ip_nodes/lib/python3.12/site-packages:${PYTHONPATH} /usr/bin/python3 -W ignore:setup.py install is deprecated -W ignore:easy_install command is deprecated setup.py egg_info --egg-base ../../build/ip_nodes build --build-base /home/javierac/mounted/ws/build/ip_nodes/build install --record /home/javierac/mounted/ws/build/ip_nodes/install.log --single-version-externally-managed install_data
[1.499s] running egg_info
[1.514s] writing ../../build/ip_nodes/ip_nodes.egg-info/PKG-INFO
[1.514s] writing dependency_links to ../../build/ip_nodes/ip_nodes.egg-info/dependency_links.txt
[1.514s] writing entry points to ../../build/ip_nodes/ip_nodes.egg-info/entry_points.txt
[1.515s] writing requirements to ../../build/ip_nodes/ip_nodes.egg-info/requires.txt
[1.515s] writing top-level names to ../../build/ip_nodes/ip_nodes.egg-info/top_level.txt
[1.551s] reading manifest file '../../build/ip_nodes/ip_nodes.egg-info/SOURCES.txt'
[1.551s] adding license file 'LICENSE'
[1.552s] writing manifest file '../../build/ip_nodes/ip_nodes.egg-info/SOURCES.txt'
[1.552s] running build
[1.552s] running build_py
[1.552s] copying ip_nodes/teklatua.py -> /home/javierac/mounted/ws/build/ip_nodes/build/lib/ip_nodes
[1.553s] copying ip_nodes/motorrak.py -> /home/javierac/mounted/ws/build/ip_nodes/build/lib/ip_nodes
[1.553s] running install
[1.561s] running install_lib
[1.578s] copying /home/javierac/mounted/ws/build/ip_nodes/build/lib/ip_nodes/teklatua.py -> /home/javierac/mounted/ws/install/ip_nodes/lib/python3.12/site-packages/ip_nodes
[1.578s] copying /home/javierac/mounted/ws/build/ip_nodes/build/lib/ip_nodes/motorrak.py -> /home/javierac/mounted/ws/install/ip_nodes/lib/python3.12/site-packages/ip_nodes
[1.579s] byte-compiling /home/javierac/mounted/ws/install/ip_nodes/lib/python3.12/site-packages/ip_nodes/teklatua.py to teklatua.cpython-312.pyc
[1.580s] byte-compiling /home/javierac/mounted/ws/install/ip_nodes/lib/python3.12/site-packages/ip_nodes/motorrak.py to motorrak.cpython-312.pyc
[1.581s] running install_data
[1.581s] running install_egg_info
[1.600s] removing '/home/javierac/mounted/ws/install/ip_nodes/lib/python3.12/site-packages/ip_nodes-0.0.0-py3.12.egg-info' (and everything under it)
[1.600s] Copying ../../build/ip_nodes/ip_nodes.egg-info to /home/javierac/mounted/ws/install/ip_nodes/lib/python3.12/site-packages/ip_nodes-0.0.0-py3.12.egg-info
[1.601s] running install_scripts
[1.715s] Installing motorrak script to /home/javierac/mounted/ws/install/ip_nodes/lib/ip_nodes
[1.715s] Installing odom script to /home/javierac/mounted/ws/install/ip_nodes/lib/ip_nodes
[1.716s] Installing teklatua script to /home/javierac/mounted/ws/install/ip_nodes/lib/ip_nodes
[1.716s] writing list of installed files to '/home/javierac/mounted/ws/build/ip_nodes/install.log'
[1.752s] Invoked command in '/home/javierac/mounted/ws/src/ip_nodes' returned '0': PYTHONPATH=/home/javierac/mounted/ws/build/ip_nodes/prefix_override:/usr/lib/python3/dist-packages/colcon_core/task/python/colcon_distutils_commands:/home/javierac/mounted/ws/install/ip_nodes/lib/python3.12/site-packages:${PYTHONPATH} /usr/bin/python3 -W ignore:setup.py install is deprecated -W ignore:easy_install command is deprecated setup.py egg_info --egg-base ../../build/ip_nodes build --build-base /home/javierac/mounted/ws/build/ip_nodes/build install --record /home/javierac/mounted/ws/build/ip_nodes/install.log --single-version-externally-managed install_data
