[0.840s] Invoking command in '/home/javierac/mounted/ws/src/ip_nodes': PYTHONPATH=/home/javierac/mounted/ws/build/ip_nodes/prefix_override:/usr/lib/python3/dist-packages/colcon_core/task/python/colcon_distutils_commands:/home/javierac/mounted/ws/install/ip_nodes/lib/python3.12/site-packages:${PYTHONPATH} /usr/bin/python3 -W ignore:setup.py install is deprecated -W ignore:easy_install command is deprecated setup.py egg_info --egg-base ../../build/ip_nodes build --build-base /home/javierac/mounted/ws/build/ip_nodes/build install --record /home/javierac/mounted/ws/build/ip_nodes/install.log --single-version-externally-managed install_data
[1.151s] running egg_info
[1.175s] writing ../../build/ip_nodes/ip_nodes.egg-info/PKG-INFO
[1.176s] writing dependency_links to ../../build/ip_nodes/ip_nodes.egg-info/dependency_links.txt
[1.176s] writing entry points to ../../build/ip_nodes/ip_nodes.egg-info/entry_points.txt
[1.176s] writing requirements to ../../build/ip_nodes/ip_nodes.egg-info/requires.txt
[1.176s] writing top-level names to ../../build/ip_nodes/ip_nodes.egg-info/top_level.txt
[1.210s] reading manifest file '../../build/ip_nodes/ip_nodes.egg-info/SOURCES.txt'
[1.210s] adding license file 'LICENSE'
[1.211s] writing manifest file '../../build/ip_nodes/ip_nodes.egg-info/SOURCES.txt'
[1.211s] running build
[1.211s] running build_py
[1.212s] running install
[1.220s] running install_lib
[1.236s] running install_data
[1.236s] copying ip_nodes/launch/display.launch.py -> /home/javierac/mounted/ws/install/ip_nodes/share/ip_nodes/launch
[1.236s] running install_egg_info
[1.252s] Copying ../../build/ip_nodes/ip_nodes.egg-info to /home/javierac/mounted/ws/install/ip_nodes/lib/python3.12/site-packages/ip_nodes-0.0.0-py3.12.egg-info
[1.253s] running install_scripts
[1.364s] Installing listener script to /home/javierac/mounted/ws/install/ip_nodes/lib/ip_nodes
[1.365s] Installing odom script to /home/javierac/mounted/ws/install/ip_nodes/lib/ip_nodes
[1.365s] Installing talker script to /home/javierac/mounted/ws/install/ip_nodes/lib/ip_nodes
[1.365s] writing list of installed files to '/home/javierac/mounted/ws/build/ip_nodes/install.log'
[1.393s] Invoked command in '/home/javierac/mounted/ws/src/ip_nodes' returned '0': PYTHONPATH=/home/javierac/mounted/ws/build/ip_nodes/prefix_override:/usr/lib/python3/dist-packages/colcon_core/task/python/colcon_distutils_commands:/home/javierac/mounted/ws/install/ip_nodes/lib/python3.12/site-packages:${PYTHONPATH} /usr/bin/python3 -W ignore:setup.py install is deprecated -W ignore:easy_install command is deprecated setup.py egg_info --egg-base ../../build/ip_nodes build --build-base /home/javierac/mounted/ws/build/ip_nodes/build install --record /home/javierac/mounted/ws/build/ip_nodes/install.log --single-version-externally-managed install_data
